
PROGRAM "S80_EndDevice.abs"

*********************************************************************************************
TARGET SECTION
---------------------------------------------------------------------------------------------
Processor   : Freescale HC08
Memory Model: BANKED
File Format : ELF\DWARF 2.0
Linker      : SmartLinker V-5.0.51 Build 14019, Jan 20 2014

*********************************************************************************************
FILE SECTION
---------------------------------------------------------------------------------------------
ZtcMain_c.obj                           Model: BANKED,        Lang: ANSI-C
TS_kernel_c.obj                         Model: BANKED,        Lang: ANSI-C
CommUtil_c.obj                          Model: BANKED,        Lang: ANSI-C
Uart_c.obj                              Model: BANKED,        Lang: ANSI-C
Timer_c.obj                             Model: BANKED,        Lang: ANSI-C
SPI_c.obj                               Model: BANKED,        Lang: ANSI-C
RSTHal_c.obj                            Model: BANKED,        Lang: ANSI-C
Led_c.obj                               Model: BANKED,        Lang: ANSI-C
PWRLib_c.obj                            Model: BANKED,        Lang: ANSI-C
PWR_MC1323x_c.obj                       Model: BANKED,        Lang: ANSI-C
Keyboard_c.obj                          Model: BANKED,        Lang: ANSI-C
FunctionLib_c.obj                       Model: BANKED,        Lang: ANSI-C
NV_Data_c.obj                           Model: BANKED,        Lang: ANSI-C
PlatformInit_c.obj                      Model: BANKED,        Lang: ANSI-C
crt0_c.obj                              Model: BANKED,        Lang: ANSI-C
dummyisr_c.obj                          Model: BANKED,        Lang: ANSI-C
icg_c.obj                               Model: BANKED,        Lang: ANSI-C
isrvectors_c.obj                        Model: BANKED,        Lang: ANSI-C
PhyISR_c.obj                            Model: BANKED,        Lang: ANSI-C
PhyPacketProcessor_c.obj                Model: BANKED,        Lang: ANSI-C
PhyPlmeData_c.obj                       Model: BANKED,        Lang: ANSI-C
PhyTime_c.obj                           Model: BANKED,        Lang: ANSI-C
MApp_c.obj                              Model: BANKED,        Lang: ANSI-C
MApp_init_c.obj                         Model: BANKED,        Lang: ANSI-C
MacInit_c.obj                           Model: BANKED,        Lang: ANSI-C
GlobalVars_c.obj                        Model: BANKED,        Lang: ANSI-C
rtshc08.o (ansibim.lib)                 Model: BANKED,        Lang: ANSI-C
PhyMacMsg_c.obj (802.15.4_MAC2006_FFD_S08MC1323x.Lib)Model: BANKED,        Lang: ANSI-C
SmApi_c.obj (802.15.4_MAC2006_FFD_S08MC1323x.Lib)Model: BANKED,        Lang: ANSI-C
SecurityLib_c.obj (802.15.4_MAC2006_FFD_S08MC1323x.Lib)Model: BANKED,        Lang: ANSI-C
SecurityApply_c.obj (802.15.4_MAC2006_FFD_S08MC1323x.Lib)Model: BANKED,        Lang: ANSI-C
PacketManager_c.obj (802.15.4_MAC2006_FFD_S08MC1323x.Lib)Model: BANKED,        Lang: ANSI-C
PacketLib_c.obj (802.15.4_MAC2006_FFD_S08MC1323x.Lib)Model: BANKED,        Lang: ANSI-C
MacPib_c.obj (802.15.4_MAC2006_FFD_S08MC1323x.Lib)Model: BANKED,        Lang: ANSI-C
MacConst_c.obj (802.15.4_MAC2006_FFD_S08MC1323x.Lib)Model: BANKED,        Lang: ANSI-C
ClockManager_c.obj (802.15.4_MAC2006_FFD_S08MC1323x.Lib)Model: BANKED,        Lang: ANSI-C
AsmDriver_c.obj (802.15.4_MAC2006_FFD_S08MC1323x.Lib)Model: BANKED,        Lang: ANSI-C
MacSeqMC1323X_c.obj (802.15.4_MAC2006_FFD_S08MC1323x.Lib)Model: BANKED,        Lang: ANSI-C
SeqRxMC1323X_c.obj (802.15.4_MAC2006_FFD_S08MC1323x.Lib)Model: BANKED,        Lang: ANSI-C
SeqSubMainMC1323X_c.obj (802.15.4_MAC2006_FFD_S08MC1323x.Lib)Model: BANKED,        Lang: ANSI-C
SeqTxMC1323X_c.obj (802.15.4_MAC2006_FFD_S08MC1323x.Lib)Model: BANKED,        Lang: ANSI-C
MlmeStart_c.obj (802.15.4_MAC2006_FFD_S08MC1323x.Lib)Model: BANKED,        Lang: ANSI-C
MlmeScan_c.obj (802.15.4_MAC2006_FFD_S08MC1323x.Lib)Model: BANKED,        Lang: ANSI-C
MlmePanIdConflict_c.obj (802.15.4_MAC2006_FFD_S08MC1323x.Lib)Model: BANKED,        Lang: ANSI-C
MlmeInputHandler_c.obj (802.15.4_MAC2006_FFD_S08MC1323x.Lib)Model: BANKED,        Lang: ANSI-C
MlmeMain_c.obj (802.15.4_MAC2006_FFD_S08MC1323x.Lib)Model: BANKED,        Lang: ANSI-C
MlmeOutputHandler_c.obj (802.15.4_MAC2006_FFD_S08MC1323x.Lib)Model: BANKED,        Lang: ANSI-C
MlmeSm_c.obj (802.15.4_MAC2006_FFD_S08MC1323x.Lib)Model: BANKED,        Lang: ANSI-C
MlmeGts_c.obj (802.15.4_MAC2006_FFD_S08MC1323x.Lib)Model: BANKED,        Lang: ANSI-C
MlmeAssociate_c.obj (802.15.4_MAC2006_FFD_S08MC1323x.Lib)Model: BANKED,        Lang: ANSI-C
MemTimer_c.obj (802.15.4_MAC2006_FFD_S08MC1323x.Lib)Model: BANKED,        Lang: ANSI-C
MemScan_c.obj (802.15.4_MAC2006_FFD_S08MC1323x.Lib)Model: BANKED,        Lang: ANSI-C
MemData_c.obj (802.15.4_MAC2006_FFD_S08MC1323x.Lib)Model: BANKED,        Lang: ANSI-C
MemBeacon_c.obj (802.15.4_MAC2006_FFD_S08MC1323x.Lib)Model: BANKED,        Lang: ANSI-C
MemBeaconSupport_c.obj (802.15.4_MAC2006_FFD_S08MC1323x.Lib)Model: BANKED,        Lang: ANSI-C
MemInputHandler_c.obj (802.15.4_MAC2006_FFD_S08MC1323x.Lib)Model: BANKED,        Lang: ANSI-C
MemOutputHandler_c.obj (802.15.4_MAC2006_FFD_S08MC1323x.Lib)Model: BANKED,        Lang: ANSI-C
MemSmControl_c.obj (802.15.4_MAC2006_FFD_S08MC1323x.Lib)Model: BANKED,        Lang: ANSI-C
MemSmLib_c.obj (802.15.4_MAC2006_FFD_S08MC1323x.Lib)Model: BANKED,        Lang: ANSI-C
MemSmLower_c.obj (802.15.4_MAC2006_FFD_S08MC1323x.Lib)Model: BANKED,        Lang: ANSI-C
McpsConversion_c.obj (802.15.4_MAC2006_FFD_S08MC1323x.Lib)Model: BANKED,        Lang: ANSI-C
MacMain_c.obj (802.15.4_MAC2006_FFD_S08MC1323x.Lib)Model: BANKED,        Lang: ANSI-C
ASPMain_c.obj (802.15.4_MAC2006_FFD_S08MC1323x.Lib)Model: BANKED,        Lang: ANSI-C
Telec_c.obj (802.15.4_MAC2006_FFD_S08MC1323x.Lib)Model: BANKED,        Lang: ANSI-C

*********************************************************************************************
STARTUP SECTION
---------------------------------------------------------------------------------------------
Entry point: 0x5779 (_Startup)
_startupData is allocated at 0x2080 and uses 12 Bytes
extern struct _tagStartup {
  unsigned flags          0
  _PFunc   main           0x6C1B    (main)
  long     stackOffset    0x2FF
  unsigned nofZeroOut     2
  _Range   pZeroOut       0x80     1
                          0x300     2942
  _Copy    *toCopyDownBeg 0x7F2E
} _startupData;

*********************************************************************************************
SECTION-ALLOCATION SECTION
Section Name                    Size  Type     From       To       Segment
---------------------------------------------------------------------------------------------
MY_ZEROPAGE                        1   R/W       0x80       0x80   ZERO_PAGE_RAM
.data                            104   R/W      0x300      0x367   APP_RAM
NON_BANKED                      4391     R     0x4000     0x5126   APP_CODE_1
.copy                            110     R     0x7F2E     0x7F9B   APP_CODE_1
.rodata                          456     R     0x5127     0x52EE   APP_CODE_1
.rodata1                         976     R     0x52EF     0x56BE   APP_CODE_1
.text                          10111     R     0x57AF     0x7F2D   APP_CODE_1
.startData                        40     R     0x2080     0x20A7   APP_STARTUP_STRUC_FLASH
FREESCALE_PROD_DATA               78     R     0xFF50     0xFF9D   FREESCALE_PROD_FLASH
NV_REGISTERS_SECTION              16     R     0xFFB0     0xFFBF   RES_NV_REGISTERS_FLASH
.stack                           512   R/W      0x100      0x2FF   APP_STACK_RAM
IRQ_VECTOR_SECTION                62     R     0xFFC0     0xFFFD   RES_IRQ_VECTORS_TABLE_FLASH
.bss                             570   R/W      0x368      0x5A1   APP_RAM
.init                            238     R     0x56C1     0x57AE   APP_CODE_1
.common                         2266   R/W      0x5A2      0xE7B   APP_RAM
_STARTUP                           2   R/W      0xE7C      0xE7D   APP_RAM
RESET_VECTOR_SECTION               2     R     0x56BF     0x56C0   APP_CODE_1
APP_CODE_2_0                   15376     R     0xC000     0xFC0F   APP_CODE_2
PPAGE_0_1                       8292     R     0x8000     0xA063   PPAGE_0
PPAGE_2_2                      15316     R    0x28000    0x2BBD3   PPAGE_2
RES_RESET_VECTOR_FLASH_vect          2     R     0xFFFE     0xFFFF   RES_RESET_VECTOR_FLASH

Summary of section sizes per section type:
READ_ONLY (R):        D8AA (dec:    55466)
READ_WRITE (R/W):      D7F (dec:     3455)

*********************************************************************************************
VECTOR-ALLOCATION SECTION
    Address     InitValue   InitFunction
---------------------------------------------------------------------------------------------
     0xFFFE        0x5779   _Startup

*********************************************************************************************
OBJECT-ALLOCATION SECTION
     Name               Module                 Addr   hSize   dSize     Ref    Section   RLIB
---------------------------------------------------------------------------------------------
MODULE:                 -- ZtcMain_c.obj --
- PROCEDURES:
     ZTC_TaskEventMonitor                      57AF       1       1       6   .text       
- VARIABLES:
MODULE:                 -- TS_kernel_c.obj --
- PROCEDURES:
     TS_CreateTask                             57B0      B6     182      11   .text       
     TS_Init                                   5866      32      50       2   .text       
     TS_SendEvent                              5898      28      40      72   .text       
     TS_Scheduler                              58C0      7B     123       2   .text       
- VARIABLES:
     maTsTaskTable                              5A2      3C      60      19   .common     
     maTsTaskIDsByPriority                      5DE       A      10       8   .common     
     gIdleTaskID                                5E8       1       1       1   .common     
MODULE:                 -- CommUtil_c.obj --
- PROCEDURES:
     CommUtil_Tx                               593B      23      35       4   .text       
     CommUtil_Print                            595E      41      65       8   .text       
     HexToAscii                                599F      10      16       4   .text       
     CommUtil_PrintHex                         59AF      E4     228      16   .text       
- VARIABLES:
MODULE:                 -- Uart_c.obj --
- PROCEDURES:
     Uart_ClearErrors                          5A93       A      10       2   .text       
     Uart1_GetByteFromRxBuffer                 5A9D      61      97       4   .text       
     Uart1_IsTxActive                          5AFE      10      16       6   .text       
     Uart_ModuleInit                           5B0E      20      32       2   .text       
     Uart1_SetRxCallBack                       5B2E      29      41       2   .text       
     Uart1_SetBaud                             5B57      4C      76       4   .text       
     Uart1_Transmit                            5BA3      76     118       6   .text       
     Uart_Task                                 5C19      66     102       2   .text       
     Uart_TaskInit                             5C7F      15      21       2   .text       
     Uart1_EnableFlow                          5C94      11      17       4   .text       
     Uart1_DisableFlow                         5CA5       7       7       2   .text       
     Uart1_ErrorIsr                            4000       C      12       1   NON_BANKED  
     Uart1_RxIsr                               400C      6E     110       1   NON_BANKED  
     Uart1_TxIsr                               407A      C9     201       2   NON_BANKED  
- VARIABLES:
     uart1_ungetFlag                            368       1       1       2   .bss        
     Uart1_TxCompleteFlag                       369       1       1       2   .bss        
     maSci1TxCallbackLeadingIndex               36A       1       1       5   .bss        
     maSci1TxCallbackTrailingIndex              36B       1       1       5   .bss        
     pfSci1RxCallBack                           36C       3       3       6   .bss        
     mUart1FlowDisableCounter                   36F       1       1       4   .bss        
     uart1_ungetByte                            370       1       1       1   .bss        
     maSci1TxBufRefTable                        371       F      15      10   .bss        
     maSci1TxBufLenTable                        380       3       3       6   .bss        
     mSci1TxCurIndex                            383       1       1       4   .bss        
     mSci1TxBufRefLeadingIndex                  384       1       1       4   .bss        
     mSci1TxBufRefTrailingIndex                 385       1       1       8   .bss        
     maSci1TxCallbackTable                      386       F      15       8   .bss        
     maSci1RxBuf                                395      20      32       2   .bss        
     mSci1RxBufLeadingIndex                     3B5       1       1       5   .bss        
     mSci1RxBufTrailingIndex                    3B6       1       1       8   .bss        
     gUartTaskId                                5E9       1       1       3   .common     
     mSci1RxBufferByteCount                     5EA       1       1       7   .common     
MODULE:                 -- Timer_c.obj --
- PROCEDURES:
     TMR_Init                                  5CAC      18      24       2   .text       
     TMR_AllocateTimer                         5CC4      1E      30      10   .text       
     TMR_IsTimerActive                         5CE2       C      12       4   .text       
     TMR_StartTimer                            5CEE      B3     179      10   .text       
     TMR_StartLowPowerTimer                    5DA1      23      35       2   .text       
     TMR_StartIntervalTimer                    5DC4      21      33       4   .text       
     TMR_StartSingleShotTimer                  5DE5      21      33       4   .text       
     TMR_StopTimer                             5E06      48      72      16   .text       
     TMR_Task                                  5E4E     1B5     437       7   .text       
     TMR_EnableTimer                           6003      3D      61       4   .text       
     TMR_GetTimerStatus                        6040       8       8      10   .text       
     TMR_SetTimerStatus                        6048       F      15       8   .text       
     TMR_GetTimerType                          6057       8       8       6   .text       
     TMR_SetTimerType                          605F       F      15       2   .text       
     TMR_InterruptHandler                      4143      14      20       1   NON_BANKED  
- VARIABLES:
     numberOfActiveTimers                       3B7       1       1       4   .bss        
     numberOfLowPowerActiveTimers               3B8       1       1       4   .bss        
     previousTimeInTicks                        3B9       2       2       3   .bss        
     timerHardwareIsRunning                     3BB       1       1       2   .bss        
     maTmrTimerTable                            3BC      EE     238       4   .bss        
     maTmrTimerStatusTable                      4AA      22      34       7   .bss        
     mTmrRead16bitReg                           4CC       2       2       6   .bss        
     gTimerTaskID                               4CE       1       1       5   .bss        
MODULE:                 -- SPI_c.obj --
- PROCEDURES:
     SPI1_Init                                 606E       2       2       2   .text       
- VARIABLES:
MODULE:                 -- RSTHal_c.obj --
- PROCEDURES:
     RST_GetResetStatus                        6070       7       7       2   .text       
- VARIABLES:
     gRSTResetStatus                            5EB       1       1       1   .common     
MODULE:                 -- Led_c.obj --
- PROCEDURES:
     LED_Init                                  6077       C      12       2   .text       
     LED_TurnOffLed                            6083      19      25       4   .text       
     LED_TurnOffAllLeds                        609C       7       7       2   .text       
     LED_StartFlash                            60A3      1F      31       8   .text       
     LED_StopFlash                             60C2      16      22       8   .text       
     LED_FlashTimeout                          60D8      4E      78       2   .text       
- VARIABLES:
     mLEDTimerID                                300       1       1       3   .data       
     mLedFlashingLEDs                           4CF       1       1       9   .bss        
     mfLedInSerialMode                          5EC       1       1       1   .common     
MODULE:                 -- PWRLib_c.obj --
- PROCEDURES:
     PWRLib_Init                               6126      2B      43       2   .text       
- VARIABLES:
     PWRLib_ICGMode                             4D0       1       1       1   .bss        
     PWRLib_MCU_WakeupReason                     80       1       1       5   MY_ZEROPAGE 
     PWRLib_StackPS                             5ED       1       1       1   .common     
MODULE:                 -- PWR_MC1323x_c.obj --
- PROCEDURES:
     PWR_DisallowDeviceToSleep                 6151       E      14       2   .text       
- VARIABLES:
     mLPMFlag                                   4D1       1       1       1   .bss        
MODULE:                 -- Keyboard_c.obj --
- PROCEDURES:
     KBD_Init                                  615F      23      35       2   .text       
     KBD_KeySwitchPortGet                      6182       5       5       2   .text       
     KBD_PortGet                               6187      14      20       2   .text       
     KBD_KeyCheck                              619B      2A      42       2   .text       
     KBD_MatrixSetRows                         61C5      1A      26      16   .text       
     KBD_MatrixActivateRow                     61DF      3C      60       8   .text       
     KBD_MatrixDeactivateRow                   621B      1B      27       2   .text       
     KBD_KeyMatrixGet                          6236      90     144       2   .text       
     KBD_KeyScan                               62C6      86     134       2   .text       
     KBD_FinishScan                            634C       F      15       2   .text       
     Switch_Press_ISR                          4157      27      39       1   NON_BANKED  
- VARIABLES:
     mKeyRowPorts                               301       A      10       6   .data       
     mKeyScanTimerID                            30B       1       1       2   .data       
     mKeyState                                  4D2       1       1       4   .bss        
     mLongKeyCount                              4D3       1       1       3   .bss        
     mSwitch_SCAN                               4D4       2       2       3   .bss        
     mpfKeyFunction                             4D6       3       3       4   .bss        
     pressedKey                                 5EE       1       1       4   .common     
MODULE:                 -- FunctionLib_c.obj --
- PROCEDURES:
     FLib_MemCpy                               635B      1D      29     238   .text       
     FLib_MemCpyDir                            6378      1E      30       2   .text       
     FLib_MemInPlaceCpy                        6396      49      73      12   .text       
     FLib_MemCpyReverseOrder                   63DF      2B      43      24   .text       
     FLib_MemCmp                               640A      2D      45      38   .text       
     FLib_MemSet                               6437      18      24      38   .text       
     FLib_MemSet16                             644F      23      35       2   .text       
     FLib_AddrModeToLength                     6472       C      12      32   .text       
     FLib_AddOffsetToPointer                   647E       8       8      26   .text       
     FLib_ArrayAddArray                        6486      40      64      24   .text       
     FLib_ArrayAddByte                         64C6      18      24      14   .text       
- VARIABLES:
MODULE:                 -- NV_Data_c.obj --
- PROCEDURES:
- VARIABLES:
     gFreescaleVersionStrings                  FF50      22      34       1   FREESCALE_PROD_DATA
     gHardwareParameters                       FF72      2C      44      10   FREESCALE_PROD_DATA
MODULE:                 -- PlatformInit_c.obj --
- PROCEDURES:
     PlatformPortInit                          64DE      2A      42       2   .text       
     Platform_Init                             6508      1C      28       2   .text       
     Init_802_15_4                             6524      30      48       2   .text       
- VARIABLES:
MODULE:                 -- crt0_c.obj --
- PROCEDURES:
     loadByte                                  56C1       E      14       5   .init       
     Init                                      56CF      40      64       1   .init       
     Copy_Down                                 570F      3F      63       1   .init       
     Finish                                    574E      2B      43       1   .init       
     _Startup                                  5779      36      54       1   .init       
- VARIABLES:
     _startupData                              2080       C      12       6   .startData  
     pStack                                     E7C       2       2       2   _STARTUP    
     none_volatile_struct                      FFB0      10      16       1   NV_REGISTERS_SECTION
- LABELS:
     __SEG_START_SSTACK                         100       0       0       1               
     __SEG_END_SSTACK                           300       0       0       2               
MODULE:                 -- dummyisr_c.obj --
- PROCEDURES:
     Default_Dummy_ISR                         417E       4       4      22   NON_BANKED  
- VARIABLES:
MODULE:                 -- icg_c.obj --
- PROCEDURES:
     PowerManager_WaitForPowerUp               6554      16      22       2   .text       
- VARIABLES:
MODULE:                 -- isrvectors_c.obj --
- PROCEDURES:
- VARIABLES:
     Reset_vector                              56BF       2       2       1   RESET_VECTOR_SECTION
     ISR_vectors                               FFC0      3E      62       1   IRQ_VECTOR_SECTION
MODULE:                 -- PhyISR_c.obj --
- PROCEDURES:
     DummyIsr                                  4182       1       1       2   NON_BANKED  
     PhyPassRxParams                           4183       4       4       5   NON_BANKED  
     PhyISR_SeqCleanup                         4187       F      15       9   NON_BANKED  
     PhyISR_TimeoutCleanup                     4196      13      19       2   NON_BANKED  
     Phy_LqiConvert                            41A9      2F      47       2   NON_BANKED  
     Phy_GetEnergyLevel                        41D8      1E      30       1   NON_BANKED  
     PhyHandlerTx_ISR                          41F6      9A     154       1   NON_BANKED  
     PhyHandlerRx_ISR                          4290      A0     160       1   NON_BANKED  
     PhyHandlerTmr_ISR                         4330      4A      74       1   NON_BANKED  
     PhyHandlerRxWtrmrk_ISR                    437A       9       9       1   NON_BANKED  
- VARIABLES:
     pTimer1Isr                                 30C       3       3       4   .data       
     mpRxParams                                 4D9       2       2       5   .bss        
     mPhyLastRxLQI                              5EF       1       1       1   .common     
MODULE:                 -- PhyPacketProcessor_c.obj --
- PROCEDURES:
     PhyInit                                   4383      71     113       2   NON_BANKED  
     PhyPpSetPromiscuous                       43F4      24      36       2   NON_BANKED  
     PhyAbort                                  4418      41      65       5   NON_BANKED  
     PhyPpSetPanId                             4459       7       7       8   NON_BANKED  
     PhyPpSetShortAddr                         4460       7       7       6   NON_BANKED  
     PhyPpSetLongAddr                          4467      28      40       1   NON_BANKED  
     PhyPpSetMacRole                           448F       8       8       3   NON_BANKED  
     PhyPpSetCcaThreshold                      4497       4       4       2   NON_BANKED  
     PhyPpIsTxAckDataPending                   449B       8       8       1   NON_BANKED  
     PhyPpIsRxAckDataPending                   44A3       8       8       2   NON_BANKED  
     PhyPpIsPollIndication                     44AB       8       8       1   NON_BANKED  
     PhyPp_AddToIndirect                       44B3      7A     122       1   NON_BANKED  
     PhyPp_RemoveFromIndirect                  452D       8       8       2   NON_BANKED  
     PhyGetRandomNo                            4535      9C     156       2   NON_BANKED  
- VARIABLES:
     i                                          5F0       1       1       3   .common     
MODULE:                 -- PhyPlmeData_c.obj --
- PROCEDURES:
     PhyPdDataRequest                          45D1      6A     106       1   NON_BANKED  
     PhyPlmeRxRequest                          463B      2F      47       1   NON_BANKED  
     PhyPlmeCcaEdRequest                       466A      39      57       2   NON_BANKED  
     PhyPlmeSetCurrentChannelRequest           46A3      48      72       2   NON_BANKED  
     PhyPlmeSetPwrLevelRequest                 46EB      35      53       1   NON_BANKED  
- VARIABLES:
     gPhyCurrentChannel                         30F       1       1       1   .data       
     pwrOutIAR10                                310       F      15       1   .data       
     pwrOutIAR11                                31F       F      15       1   .data       
     pwrOutIAR20                                32E       F      15       1   .data       
     pwrOutCtrl                                 33D       F      15       1   .data       
MODULE:                 -- PhyTime_c.obj --
- PROCEDURES:
     PhyTimeSetEventTrigger                    4720       B      11       3   NON_BANKED  
     PhyTimeSetEventTimeout                    472B      15      21       7   NON_BANKED  
     PhyTimeDisableEventTimeout                4740       8       8       6   NON_BANKED  
     PhyTimeReadClock                          4748       E      14      16   NON_BANKED  
- VARIABLES:
MODULE:                 -- MApp_c.obj --
- PROCEDURES:
     MApp_init                                 656A      7B     123       2   .text       
     AppTask                                   65E5     248     584      58   .text       
     App_CommRxCallBack                        682D      1B      27       2   .text       
     App_StartScan                             6848      5F      95      10   .text       
     App_HandleScanActiveConfirm               68A7      95     149       2   .text       
     App_SendAssociateRequest                  693C      7E     126      10   .text       
     App_HandleAssociateConfirm                69BA      3E      62       2   .text       
     App_HandleMlmeInput                       69F8      1D      29       2   .text       
     App_HandleMcpsInput                       6A15      35      53       2   .text       
     App_WaitMsg                               6A4A      10      16       6   .text       
     App_TransmitCommData                      6A5A      DC     220       7   .text       
     AppPollWaitTimeout                        6B36      6E     110       4   .text       
     App_HandleGenericKey                      6BA4      30      48       2   .text       
     App_HandleKeys                            6BD4       5       5       2   .text       
     MLME_NWK_SapHandler                       6BD9      1E      30       8   .text       
     MCPS_NWK_SapHandler                       6BF7      1E      30      12   .text       
     ASP_APP_SapHandler                        6C15       6       6       2   .text       
- VARIABLES:
     STRING...Press.any.switch.o.2             52EF      40      64       1   .rodata1    
     STRING.Received.an.MLME.Bea.3             532F      2C      44       1   .rodata1    
     STRING...MyWirelessApp.Demo.4             535B      55      85       1   .rodata1    
     STRING.Start.scanning.for.a.5             53B0      27      39       1   .rodata1    
     STRING.Found.a.coordinator..6             53D7      35      53       1   .rodata1    
     STRING......................7             540C      35      53       1   .rodata1    
     STRING...Address............8             5441      17      23       1   .rodata1    
     STRING...PAN.ID.............9             5458      17      23       1   .rodata1    
     STRING...Logical.Channel....10            546F      17      23       1   .rodata1    
     STRING...Beacon.Spec........11            5486      17      23       1   .rodata1    
     STRING...Link.Quality.......12            549D      17      23       1   .rodata1    
     STRING......13                            54B4       5       5       1   .rodata1    
     STRING.Scan.did.not.find.a..14            54B9      2B      43       1   .rodata1    
     STRING.Associating.to.PAN.c.15            54E4      2D      45       1   .rodata1    
     STRING.Successfully.associa.16            5511      30      48       1   .rodata1    
     STRING.We.were.assigned.the.17            5541      26      38       1   .rodata1    
     STRING.....Ready.to.send.an.18            5567      4B      75       1   .rodata1    
     STRING...Associate.Confirm..19            55B2      2E      46       1   .rodata1    
     STRING.Sending.the.MLME.Sca.20            55E0      34      52       1   .rodata1    
     STRING.Done...21                          5614       7       7       1   .rodata1    
     STRING.Invalid.parameter....22            561B      15      21       1   .rodata1    
     STRING.Message.allocation.f.23            5630      1D      29       1   .rodata1    
     STRING.Sending.the.MLME.Ass.24            564D      39      57       1   .rodata1    
     STRING.Done...25                          5686       7       7       1   .rodata1    
     STRING.Invalid.parameter....26            568D      15      21       1   .rodata1    
     STRING.Message.allocation.f.27            56A2      1D      29       1   .rodata1    
     mTimer_c                                   34C       1       1       3   .data       
     keysReceived.61                            4DB       1       1       6   .bss        
     mCoordInfo                                 4DC      1F      31      18   .bss        
     maMyAddress                                4FB       8       8       4   .bss        
     mAddrMode                                  503       1       1       4   .bss        
     mpPacket                                   504       2       2      10   .bss        
     mMsduHandle                                506       1       1       2   .bss        
     mcPendingPackets                           507       1       1       5   .bss        
     mWaitPollConfirm                           508       1       1       5   .bss        
     mPollInterval                              509       2       2       5   .bss        
     mMlmeNwkInputQueue                         50B       4       4       4   .bss        
     mMcpsNwkInputQueue                         50F       4       4       4   .bss        
     keysBuffer.60                              513      20      32       3   .bss        
     gState                                     5F1       1       1       6   .common     
MODULE:                 -- MApp_init_c.obj --
- PROCEDURES:
     main                                      6C1B      42      66       2   .text       
     IdleTask                                  6C5D       1       1       2   .text       
     Init_MacExtendedAddress                   6C5E      38      56       2   .text       
     BeeAppAssert                              6C96       8       8       2   .text       
- VARIABLES:
     gAppTaskID_c                               5F2       1       1       9   .common     
MODULE:                 -- MacInit_c.obj --
- PROCEDURES:
     MacInit                                   6C9E       5       5       2   .text       
     TS_PlaceHolderTaskInit                    6CA3       1       1       2   .text       
     MacTaskInit                               6CA4      6B     107       2   .text       
- VARIABLES:
     MacTaskTable                              5127       9       9       6   .rodata     
     gMacTaskID_c                               5F3       1       1      23   .common     
MODULE:                 -- GlobalVars_c.obj --
- PROCEDURES:
     MM_InitMsgTracking                        6D0F       1       1       2   .text       
     MM_AddMsgToTrackingArray                  6D10       1       1       2   .text       
     MM_UpdateMsgTracking                      6D11       2       2       6   .text       
- VARIABLES:
     poolInfo                                  5130       9       9       1   .rodata     
     gNumKeyTableEntries                       5139       1       1       5   .rodata     
     gNumKeyIdLookupEntries                    513A       1       1       3   .rodata     
     gNumKeyDeviceListEntries                  513B       1       1       3   .rodata     
     gNumKeyUsageListEntries                   513C       1       1       3   .rodata     
     gNumDeviceTableEntries                    513D       1       1       3   .rodata     
     gNumSecurityLevelTableEntries             513E       1       1       3   .rodata     
     pLastPool                                  34D       2       2       4   .data       
     pSecondLastPool                            34F       2       2       5   .data       
     maMacHeap                                  5F4     442    1090       1   .common     
     maMmPools                                  A36      12      18       4   .common     
     gPIBKeyTable                               A48      32      50       1   .common     
     gPIBKeyIdLookupDescriptorTable             A7A      28      40       2   .common     
     gPIBKeyDeviceDescriptorTable               AA2       C      12       2   .common     
     gPIBKeyUsageDescriptorTable                AAE       8       8       2   .common     
     gPIBDeviceTable                            AB6      22      34       1   .common     
     gPIBSecurityLevelTable                     AD8       8       8       1   .common     
MODULE:                 -- rtshc08.o (ansibim.lib) --
- PROCEDURES:
     _PUSH_ARGS_L                              4756      20      32       2   NON_BANKED  
     _ENTER_UNARY_L                            4776      29      41       2   NON_BANKED  
     _ENTER_BINARY_L                           479F      16      22       3   NON_BANKED  
     _ENTER_BINARY_L_RC                        47B5      19      25       5   NON_BANKED  
     _LADD_k_is_k_plus_j                       47CE      1F      31       2   NON_BANKED  
     _k_is_k_plus_j_l                          47ED      1E      30       2   NON_BANKED  
     _k_is_k_plus_j_i                          480B      12      18       3   NON_BANKED  
     _LSUB_k_is_k_minus_j                      481D      1F      31       1   NON_BANKED  
     _LAND_k_is_k_and_j                        483C      1F      31       1   NON_BANKED  
     _LMUL_k_is_k_mul_j                        485B      81     129       1   NON_BANKED  
     _LDIVMOD                                  48DC      A4     164       1   NON_BANKED  
     _LDIVU_k_is_k_div_j                       4980      17      23       1   NON_BANKED  
     _LCMP_k_rel_j                             4997      1F      31       2   NON_BANKED  
     _CMP24_k_rel_j                            49B6      1E      30       2   NON_BANKED  
     _IMUL_STAR08                              49D4      27      39       8   NON_BANKED  
     _ILSR                                     49FB       C      12       1   NON_BANKED  
     _ILSL                                     4A07       C      12       3   NON_BANKED  
     _LINC                                     4A13      16      22       2   NON_BANKED  
     _LADD                                     4A29       6       6       2   NON_BANKED  
     _LADD_RC                                  4A2F       6       6      12   NON_BANKED  
     _LSUB                                     4A35       6       6       1   NON_BANKED  
     _LAND_RC                                  4A3B       6       6       1   NON_BANKED  
     _LMUL_RC                                  4A41       6       6       2   NON_BANKED  
     _LDIVU_RC                                 4A47       6       6       1   NON_BANKED  
     _LLSL                                     4A4D      16      22      18   NON_BANKED  
     _LCMP                                     4A63       6       6      15   NON_BANKED  
     _LCMP_RC                                  4A69       6       6       4   NON_BANKED  
     _PUSH_ARGS_24                             4A6F      18      24       2   NON_BANKED  
     _ENTER_BINARY_24_RC                       4A87      18      24       1   NON_BANKED  
     _ENTER_BINARY_24                          4A9F      15      21       1   NON_BANKED  
     _CMP24                                    4AB4       5       5       1   NON_BANKED  
     _CMP24_RC                                 4AB9       5       5      26   NON_BANKED  
     _COPY_L                                   4ABE      39      57       1   NON_BANKED  
     _POP32                                    4AF7      1A      26      17   NON_BANKED  
     _SEXT8_32                                 4B11      10      16       3   NON_BANKED  
     _SEXT16_32                                4B21       D      13      12   NON_BANKED  
     _CALL_STAR08_FAR                          4B2E      2A      42      30   NON_BANKED  
     _Jump_Table_Header_Addr                   4B58      2F      47       1   NON_BANKED  
     _Jump_Table_Header_Offset                 4B87      24      36       1   NON_BANKED  
     _Search_Table_16_Offset                   4BAB      39      57       1   NON_BANKED  
     _PUSH_CC                                  4BE4       F      15      81   NON_BANKED  
     _POP_CC                                   4BF3       F      15      81   NON_BANKED  
- VARIABLES:
MODULE:                 -- PhyMacMsg_c.obj (802.15.4_MAC2006_FFD_S08MC1323x.Lib) --
- PROCEDURES:
     MM_Init                                   6D13      8E     142       2   .text       
     List_ClearAnchor                          6DA1       4       4      26   .text       
     List_AddTail                              6DA5      45      69      24   .text       
     List_AddHead                              6DEA      3F      63      14   .text       
     List_RemoveHead                           6E29      2B      43      24   .text       
     List_Remove                               6E54      53      83       8   .text       
     List_GetFirst                             6EA7      1B      27      16   .text       
     List_GetNext                              6EC2      20      32      10   .text       
     MM_AddToPool                              6EE2      20      32       2   .text       
     MM_AllocPool                              6F02      4A      74       2   .text       
     MM_Alloc                                  6F4C       8       8      46   .text       
     MM_Free                                   6F54      5B      91     104   .text       
     MM_AllocFast                              6FAF      58      88       8   .text       
     MM_SetPrivatePool                         7007      13      19       8   .text       
- VARIABLES:
     gFreeMessagesCount                         AE0       1       1       7   .common     
MODULE:                 -- SmApi_c.obj (802.15.4_MAC2006_FFD_S08MC1323x.Lib) --
- PROCEDURES:
     SmApi_UndefState                          701A       1       1       6   .text       
- VARIABLES:
MODULE:                 -- SecurityLib_c.obj (802.15.4_MAC2006_FFD_S08MC1323x.Lib) --
- PROCEDURES:
     CCM_XorN                                  701B      1E      30       6   .text       
     CCM_CreateAB0                             7039      24      36       6   .text       
     CCM_GetBlockLength                        705D       7       7       4   .text       
     SecLib_CcmStar                            7064     273     627      11   .text       
- VARIABLES:
MODULE:                 -- SecurityApply_c.obj (802.15.4_MAC2006_FFD_S08MC1323x.Lib) --
- PROCEDURES:
     Sec_TraverseBeacon                        72D7      2E      46       2   .text       
     Sec_LookupKeyDescriptor                   7305     10F     271      10   .text       
     Sec_BeaconRetrieveKeyTxFrame              7414      EF     239       3   .text       
     Sec_RetrieveKeyTxFrame                    7503     12A     298       3   .text       
     Sec_DetermineNonPayloadLen                762D      2B      43       4   .text       
     Sec_SecureTxFrame                         7658     18C     396      11   .text       
     Sec_CreateSecurityHeader                  77E4      9D     157       6   .text       
     Sec_UnsecureRxFrame                       7881     270     624      10   .text       
     Sec_RetrieveRxSecurityMaterial            7AF1     216     534      10   .text       
     Sec_CheckRxSecurityLevel                  7D07     110     272       6   .text       
     Sec_SecurityLevelCompare                  7E17      2D      45       4   .text       
     Sec_CheckRxKeyPolicy                      7E44      A3     163       4   .text       
     Sec_LookupDeviceDescriptor                7EE7      47      71       2   .text       
     Sec_CheckBlackList                        C000      D5     213       4   APP_CODE_2_0
     Sec_ParseAuxiliarySecurityHeader          C0D5      97     151       6   APP_CODE_2_0
     Sec_DetermineAddressFieldLen              C16C      50      80       4   APP_CODE_2_0
     Sec_DetermineAuxLenHelpFunc               C1BC      32      50       2   APP_CODE_2_0
     Sec_DetermineAuxLen                       C1EE      20      32       6   APP_CODE_2_0
- VARIABLES:
MODULE:                 -- PacketManager_c.obj (802.15.4_MAC2006_FFD_S08MC1323x.Lib) --
- PROCEDURES:
     MacTimerHandler                           C20E       B      11       4   APP_CODE_2_0
     PacMan_CheckExpiredPackets                C219      88     136       2   APP_CODE_2_0
     PacMac_Init                               C2A1      26      38       2   APP_CODE_2_0
     PacMan_SetDirectRouteFlag                 C2C7      86     134       2   APP_CODE_2_0
     PacMan_AddToDirectQueue                   C34D      22      34       2   APP_CODE_2_0
     PacMan_AddToDirectQueueHead               C36F      34      52      18   APP_CODE_2_0
     PacMan_GetFromDirectQueue                 C3A3      1D      29       6   APP_CODE_2_0
     PacMan_IsDirectDataPending                C3C0       B      11       2   APP_CODE_2_0
     PacMan_GetFromIndirectBroadcastQueue       C3CB      2C      44       2   APP_CODE_2_0
     PacMan_AddToIndirectBroadcastQueue        C3F7      14      20       4   APP_CODE_2_0
     PacMan_AddToIndirectBroadcastQueueHead       C40B      14      20       2   APP_CODE_2_0
     PacMan_IsEmptyBroadcastQueue              C41F      12      18       2   APP_CODE_2_0
     PacMan_GetFromIndirectQueue               C431      CA     202       4   APP_CODE_2_0
     PacMan_AddToIndirectQueue                 C4FB      F6     246       2   APP_CODE_2_0
     PacMan_AddToIndirectQueueHead             C5F1      97     151       4   APP_CODE_2_0
     PacMan_PurgeAfterSeqAction                C688      45      69       6   APP_CODE_2_0
     PacMan_Purge                              C6CD      38      56       2   APP_CODE_2_0
     AddTransactionExpireTimeToPacket          C705      D4     212       2   APP_CODE_2_0
     PacMan_PurgeFromQueue                     C7D9     17A     378      12   APP_CODE_2_0
     PacMan_CheckForExpired                    C953      94     148       4   APP_CODE_2_0
     PacMan_ExpirePacket                       C9E7      D2     210       6   APP_CODE_2_0
     PacManToPp_AddToIndirect                  CAB9      63      99       4   APP_CODE_2_0
     PacManToPp_RemoveFromIndirect             CB1C      3E      62       6   APP_CODE_2_0
     PacManToPp_ClearHwIndirect                CB5A      18      24       2   APP_CODE_2_0
- VARIABLES:
     mPacManDirectPackets_D2C                   AE1       4       4       6   .common     
     mPacManDirectPackets_C2D                   AE5       4       4       5   .common     
     mPacManIndirectPackets                     AE9       4       4      14   .common     
     mPacManIndirectBroadcastPkts               AED       4       4       6   .common     
     mPacManGuardPacket                         AF1       1       1       9   .common     
     gpPacketToPurge                            AF2       2       2       4   .common     
     mPpIndirectQueueAddr                       AF4      18      24       9   .common     
MODULE:                 -- PacketLib_c.obj (802.15.4_MAC2006_FFD_S08MC1323x.Lib) --
- PROCEDURES:
     PacLib_IsCoordRealignOnOrphan             CB72      63      99       2   APP_CODE_2_0
     PacLib_IsGtsRequest                       CBD5      65     101       2   APP_CODE_2_0
     PacLib_CreateZeroLengthDataPacket         CC3A     10E     270       3   APP_CODE_2_0
     PacLib_CreatePollPacket                   CD48     154     340       9   APP_CODE_2_0
     PacLib_CreateBeaconPacket                 CE9C     207     519       7   APP_CODE_2_0
- VARIABLES:
MODULE:                 -- MacPib_c.obj (802.15.4_MAC2006_FFD_S08MC1323x.Lib) --
- PROCEDURES:
     MPIB_Init                                 D0A3     1F4     500       3   APP_CODE_2_0
     MPIB_GetPointer                           D297     27E     638      16   APP_CODE_2_0
     FLib_ArrayAddPibAttribute                 D515      20      32      20   APP_CODE_2_0
- VARIABLES:
     gMacPibOffsetTable                        513F      21      33       2   .rodata     
     gMacPibSecurity2006OffsetTable            5160      1E      30       2   .rodata     
     gMacPibSecCrtEntriesOffsetTable           517E       E      14       2   .rodata     
     gMacPibKeyDescriptorOffsetTable           518C       8       8       2   .rodata     
     gMacPibKeyIdLookupDescriptorOffsetTable       5194       3       3       2   .rodata     
     gMacKeyDeviceDescriptorOffsetTable        5197       4       4       2   .rodata     
     gMacKeyUsageDescriptorOffsetTable         519B       3       3       2   .rodata     
     gMacDeviceDescriptorOffsetTable           519E       6       6       2   .rodata     
     gMacSecurityLevelDescriptorOffsetTable       51A4       5       5       2   .rodata     
     gMacVendorPibOffsetTable                  51A9      14      20       2   .rodata     
     gMacPib                                    B0C      9B     155     391   .common     
MODULE:                 -- MacConst_c.obj (802.15.4_MAC2006_FFD_S08MC1323x.Lib) --
- PROCEDURES:
- VARIABLES:
     aExtendedAddress                           BA7       8       8      18   .common     
MODULE:                 -- ClockManager_c.obj (802.15.4_MAC2006_FFD_S08MC1323x.Lib) --
- PROCEDURES:
     CM_InitOnStartup                          D535      23      35       2   APP_CODE_2_0
     CM_TimingIsVeryCritical                   D558       C      12      10   APP_CODE_2_0
     CM_TimingIsCritical                       D564       C      12       6   APP_CODE_2_0
     CM_MoveTimeToBackoff24                    D570      3E      62       8   APP_CODE_2_0
     CM_GetRandomBackoff                       D5AE      34      52       4   APP_CODE_2_0
     CM_ResetClock                             D5E2      15      21      20   APP_CODE_2_0
     CM_ResetClockRel                          D5F7      45      69       4   APP_CODE_2_0
     CM_SetNextClockBoundary                   D63C      10      16      46   APP_CODE_2_0
     CM_SetCurClock                            D64C      33      51      24   APP_CODE_2_0
- VARIABLES:
     mCMBackoff                                 351       1       1       3   .data       
     mCM_ClockOffset                            533       4       4      40   .bss        
     mCM_CurrentClock                           537       4       4      45   .bss        
     mCM_CurrentClockAbs                        53B       4       4      16   .bss        
     mCM_TimeNeededInNextCAP                    53F       2       2      19   .bss        
     mCM_WaitTime                               541       2       2      12   .bss        
     aMinSetupTime_s                            BAF       1       1      17   .common     
     aMinSetupTimeCritical_s                    BB0       1       1       2   .common     
     aMinSetupTimeVeryCritical_s                BB1       1       1       2   .common     
     mCM_DelayUntilNextAction                   BB2       1       1       9   .common     
     mCM_NextClockBoundary                      BB3       4       4      51   .common     
     mCM_BleEndTime                             BB7       4       4      13   .common     
     CM_RandomBackoff                           BBB       2       2       4   .common     
     mEnableCriticalTiming                      BBD       1       1       5   .common     
MODULE:                 -- AsmDriver_c.obj (802.15.4_MAC2006_FFD_S08MC1323x.Lib) --
- PROCEDURES:
     Asm_Init                                  D67F      3C      60       2   APP_CODE_2_0
     Asm_AesEncryptDecrypt                     D6BB      22      34       8   APP_CODE_2_0
     Asm_Ccm                                   D6DD     148     328       4   APP_CODE_2_0
- VARIABLES:
MODULE:                 -- MacSeqMC1323X_c.obj (802.15.4_MAC2006_FFD_S08MC1323x.Lib) --
- PROCEDURES:
     ResetSequencer                            D825      2A      42       6   APP_CODE_2_0
     MacSeqInit                                D84F       A      10       2   APP_CODE_2_0
     SeqErrorStateLower                        D859       1       1       2   APP_CODE_2_0
     IsCurrentActionAutoRx                     4C02       D      13       3   NON_BANKED  
     IsCurrentActionExtRx                      4C0F       D      13       1   NON_BANKED  
     SeqPassCompleteToMem                      4C1C      12      18       8   NON_BANKED  
     SeqIsrCompletedInErrorState               4C2E      38      56       2   NON_BANKED  
     SeqGenerateError                          4C66       D      13       2   NON_BANKED  
     SeqSendActionCompleteToMem                4C73      64     100       2   NON_BANKED  
     SeqInjectEventToSubComponent              4CD7      52      82       8   NON_BANKED  
     SeqFinishActionReq                        4D29      50      80       1   NON_BANKED  
     SeqActionReq                              4D79      1A      26       1   NON_BANKED  
     PhyPdDataConfirm                          4D93      1B      27       2   NON_BANKED  
     PhyPdDataIndication                       4DAE      12      18       1   NON_BANKED  
     PhyPlmeCcaConfirm                         4DC0      2C      44       3   NON_BANKED  
     PhyPlmeEdConfirm                          4DEC       A      10       1   NON_BANKED  
     PhyPlmeSyncLossIndication                 4DF6      26      38       4   NON_BANKED  
     PhyTimeRxTimeoutIndication                4E1C      5B      91       6   NON_BANKED  
     PhyTimeStartEventIndication               4E77       5       5       1   NON_BANKED  
- VARIABLES:
     pCurrentSeqAction                          BBE       2       2      55   .common     
     mpPendingSeqMemCompletion                  BC0       1       1       5   .common     
     mSeqSubComponentStateMachine               BC1       4       4      71   .common     
     mBufferedError                             BC5       1       1       3   .common     
     mpSeqRxData                                BC6       2       2      38   .common     
     mMacRxMask                                 BC8       1       1       4   .common     
     gSeqInErrorState                           BC9       1       1       1   .common     
     gSeqGotDataIndication                      BCA       1       1       5   .common     
     gPendingSeqMemActionFinished               BCB       1       1       4   .common     
MODULE:                 -- SeqRxMC1323X_c.obj (802.15.4_MAC2006_FFD_S08MC1323x.Lib) --
- PROCEDURES:
     SeqWaitRxBuffer                           D85A      57      87       4   APP_CODE_2_0
     SeqWaitRxConfirm                          D8B1      F6     246      13   APP_CODE_2_0
     SeqWaitTimeout                            D9A7      1C      28       4   APP_CODE_2_0
     SeqWaitEdConfirm                          D9C3      1B      27       2   APP_CODE_2_0
     ContinueOrCompleteRx                      4E7C      25      37       1   NON_BANKED  
     RestartRxOrTimeout                        4EA1      22      34       3   NON_BANKED  
     RestartRx                                 4EC3      5F      95       2   NON_BANKED  
     SeqMacRxFilter                            4F22      BF     191       4   NON_BANKED  
     SeqPanIdConflictDetected                  4FE1       D      13       1   NON_BANKED  
     SeqRx_PhyPlmeRxRequest                    4FEE      1F      31       6   NON_BANKED  
- VARIABLES:
     frmCtrlTable                              51BD      10      16       3   .rodata     
     gPollAckFPstate                            543       1       1       2   .bss        
     mCurrentClock                              544       4       4       3   .bss        
     dstsrc                                     548       1       1       1   .bss        
     dst                                        549       1       1       2   .bss        
     src                                        54A       1       1       1   .bss        
     frameControlLow                            54B       1       1       3   .bss        
     mDstLen                                    54C       1       1       3   .bss        
     mSrcLen                                    54D       1       1       5   .bss        
     mFrameType                                 54E       1       1       3   .bss        
     gRxTimeStamp24                             BCC       4       4       5   .common     
     gRxTimeStamp                               BD0       2       2       1   .common     
     mPhyRxParams                               BD2       5       5       2   .common     
     seqToPhySavedRxPtr                         BD7       2       2       2   .common     
MODULE:                 -- SeqSubMainMC1323X_c.obj (802.15.4_MAC2006_FFD_S08MC1323x.Lib) --
- PROCEDURES:
     SeqSubCompIdleState                       D9DE     129     297      43   APP_CODE_2_0
- VARIABLES:
     cccaSetPending                             54F       1       1       4   .bss        
     gCurrentPALevel                            BD9       1       1       1   .common     
     gpaPowerLevelLimits                        BDA       2       2       1   .common     
MODULE:                 -- SeqTxMC1323X_c.obj (802.15.4_MAC2006_FFD_S08MC1323x.Lib) --
- PROCEDURES:
     SeqWaitTxConfirm                          DB07     200     512      21   APP_CODE_2_0
     SetupTxCompleteClock                      500D      B8     184       2   NON_BANKED  
     SeqTx_PhyPdDataReq                        50C5      62      98       3   NON_BANKED  
- VARIABLES:
     seqToPhySavedTxPtr                         BDC       2       2       8   .common     
     gLowLatencyTX                              BDE       1       1       5   .common     
     completeCCAClock                           BDF       4       4       3   .common     
     startCcca                                  BE3       4       4       4   .common     
     endCcca                                    BE7       4       4       2   .common     
     difCcca                                    BEB       4       4       2   .common     
     msduHandleLenSwap                          BEF       1       1      12   .common     
     mRxOnTxParams                              BF0       5       5       1   .common     
MODULE:                 -- MlmeStart_c.obj (802.15.4_MAC2006_FFD_S08MC1323x.Lib) --
- PROCEDURES:
     MlmeStart_Init                            DD07      E7     231       4   APP_CODE_2_0
     MlmeStart_Finish                          DDEE      1B      27       6   APP_CODE_2_0
     MlmeStartWaitTxResult                     DE09      48      72       2   APP_CODE_2_0
- VARIABLES:
     gBeaconSecurityLevel                       BF5       1       1       8   .common     
     gBeaconKeyIdMode                           BF6       1       1       3   .common     
     gBeaconKeySource                           BF7       8       8       3   .common     
     gBeaconKeyIndex                            BFF       1       1       2   .common     
MODULE:                 -- MlmeScan_c.obj (802.15.4_MAC2006_FFD_S08MC1323x.Lib) --
- PROCEDURES:
     MlmeScan_InitScan                         DE51     11B     283       2   APP_CODE_2_0
     MlmeScan_StartScan                        DF6C      DD     221      13   APP_CODE_2_0
     MlmeScan_ProcessBeacon                    E049     14D     333       7   APP_CODE_2_0
     MlmeScan_StoreOrphanResult                E196      44      68       2   APP_CODE_2_0
     MlmeEdScan                                E1DA      71     113       2   APP_CODE_2_0
     MlmeActivePassiveScan                     E24B      C2     194       7   APP_CODE_2_0
     MlmeOrphanScan                            E30D      8E     142       2   APP_CODE_2_0
     MlmeScan_SendErrConfirm                   E39B      29      41       6   APP_CODE_2_0
- VARIABLES:
     mScanChannels                              550       3       3       7   .bss        
     mChannelMask                               553       1       1      10   .bss        
     mCurrentMask                               554       1       1       7   .bss        
     mScanDuration                              555       1       1       5   .bss        
     mScanChannel                               556       1       1       2   .bss        
     mScanType                                  557       1       1       9   .bss        
     mPanIdBackup                               558       2       2       5   .bss        
     mResultListSize                            55A       1       1      10   .bss        
     mpScanResults                              55B       2       2      14   .bss        
     mResultsForCurrentBlock                    55D       1       1       5   .bss        
     mpDescriptorsBlock                         55E       2       2       5   .bss        
     mScanSecurityLevel                         560       1       1       2   .bss        
     mScanKeyIdMode                             561       1       1       2   .bss        
     mScanKeySource                             562       8       8       2   .bss        
     mScanKeyIndex                              56A       1       1       2   .bss        
     gMlmeScan_CheckBeacon                      C00       1       1       8   .common     
     gMlmeScan_CurrentChannel                   C01       1       1      10   .common     
     gMlmeScan_FastEd                           C02       1       1       4   .common     
MODULE:                 -- MlmePanIdConflict_c.obj (802.15.4_MAC2006_FFD_S08MC1323x.Lib) --
- PROCEDURES:
     MlmePanIdConflictDetected                 E3C4      26      38       2   APP_CODE_2_0
- VARIABLES:
MODULE:                 -- MlmeInputHandler_c.obj (802.15.4_MAC2006_FFD_S08MC1323x.Lib) --
- PROCEDURES:
     MlmeIh_Init                               E3EA       E      14       2   APP_CODE_2_0
     MlmeIh_ReuseNwkMsgForMem                  E3F8       D      13       2   APP_CODE_2_0
     MlmeIh_ReuseMemMsgForNwk                  E405       D      13      16   APP_CODE_2_0
     MlmeIh_ParseFrameHeader                   E412      D6     214      18   APP_CODE_2_0
     MlmeIh_ParseCommandFrame                  E4E8     101     257       5   APP_CODE_2_0
     MlmeIh_ProcessBeaconFrame                 E5E9     1F7     503       7   APP_CODE_2_0
     MlmeIh_ProcessPendingAddressList          E7E0      AF     175       2   APP_CODE_2_0
     MlmeIh_BuildPanDescriptor                 E88F     105     261       2   APP_CODE_2_0
     MlmeIh_ProcessPurgeRequest                E994      2F      47       2   APP_CODE_2_0
     MlmeIh_ProcessMemTxCnf                    E9C3      8D     141       2   APP_CODE_2_0
     MlmeIh_ProcessRemoteDataRequest           EA50      97     151       2   APP_CODE_2_0
     MlmeIh_ProcessPollConfirm                 EAE7     1B8     440       5   APP_CODE_2_0
     MlmeIh_ProcessBeaconRequest               EC9F      4B      75       2   APP_CODE_2_0
     MlmeIh_PreProcessMemMessage               ECEA      D5     213       4   APP_CODE_2_0
- VARIABLES:
     hdrOffset                                 51CD       4       4       1   .rodata     
     remoteFrameDescOffsets                    51D1       9       9       1   .rodata     
     remoteFrameDesc                           51DA       D      13       1   .rodata     
     mpMlmeIhPendingNwkMsg                      C03       2       2      46   .common     
     mpMlmeIhPendingMemMsg                      C05       2       2      64   .common     
     gMlmeCurrentMacFrameHeader                 C07      20      32      26   .common     
     gAutoPollAllowed                           C27       1       1       7   .common     
MODULE:                 -- MlmeMain_c.obj (802.15.4_MAC2006_FFD_S08MC1323x.Lib) --
- PROCEDURES:
     Mlme_Init                                 EDBF      6D     109       2   APP_CODE_2_0
     NWK_MLME_SapHandler                       EE2C      88     136       6   APP_CODE_2_0
     MEM_MLME_SapHandler                       EEB4      20      32      28   APP_CODE_2_0
     NWK_MCPS_SapHandler                       EED4      6F     111       2   APP_CODE_2_0
     Mlme_Main                                 EF43     170     368       2   APP_CODE_2_0
     Mlme_FreeSendPendingMsg                   F0B3      3E      62      22   APP_CODE_2_0
     Mlme_CreateAndSendCommStatusOnRxPacket       F0F1      D7     215       2   APP_CODE_2_0
     MlmeSm_ErroneousInput                     F1C8      24      36       6   APP_CODE_2_0
     Mlme_Reset                                F1EC      31      49       2   APP_CODE_2_0
     Mlme_HandleSetGetReq                      F21D      D4     212       4   APP_CODE_2_0
     Mlme_VerifyNwkInput                       F2F1     407    1031      36   APP_CODE_2_0
     Mlme_CheckPibAttributes                   F6F8     2E7     743      27   APP_CODE_2_0
     MacRxTxTimerCallBack                      F9DF      6A     106       2   APP_CODE_2_0
- VARIABLES:
     mPibAttributesRangeTable                  51E7      63      99       3   .rodata     
     gMacReadOnlyPibs                          524A      12      18       1   .rodata     
     gMacTimerID                                352       1       1       8   .data       
     gSequencerTimerID                          353       1       1       2   .data       
     gMacRxTxPacketTimerID                      354       1       1       4   .data       
     gRxTxPacketCnt                             56B       1       1       7   .bss        
     gExpiryTimeNextService                     56C       2       2      14   .bss        
     gExpiryTimeCurCnt                          56E       2       2      15   .bss        
     gRxSecurityFailure                         C28       1       1       3   .common     
     gCurrentRxTxPacketCnt                      C29       1       1       2   .common     
     mMemMlmeInputQueue                         C2A       4       4       6   .common     
     mNwkMlmeInputQueue                         C2E       4       4       6   .common     
     mNwkMcpsInputQueue                         C32       4       4       5   .common     
MODULE:                 -- MlmeOutputHandler_c.obj (802.15.4_MAC2006_FFD_S08MC1323x.Lib) --
- PROCEDURES:
     MlmeOh_Init                               FA49       9       9       2   APP_CODE_2_0
     MlmeOh_NwkMsg                             FA52      14      20      40   APP_CODE_2_0
     MlmeOh_MemMsg                             FA66      14      20      16   APP_CODE_2_0
     MlmeOh_SendNwk                            FA7A       F      15       2   APP_CODE_2_0
     MlmeOh_SendMem                            FA89       F      15       4   APP_CODE_2_0
     MlmeOh_SendMsgToMem                       FA98      C8     200      16   APP_CODE_2_0
     MlmeOh_CreateCommandFrameMessage          FB60      B0     176      17   APP_CODE_2_0
     MlmeOh_CreateCommandFrame                 8000     3C5     965      22   PPAGE_0_1   
- VARIABLES:
     mBroadCastAddr                            525C       2       2       9   .rodata     
     maRuleTable                               525E      14      20       1   .rodata     
     mCmdFrameDescs                            5272      79     121       2   .rodata     
     mpMlmeOhPendingNwkMsg                      C36       2       2      83   .common     
     mpMlmeOhPendingMemMsg                      C38       2       2      17   .common     
MODULE:                 -- MlmeSm_c.obj (802.15.4_MAC2006_FFD_S08MC1323x.Lib) --
- PROCEDURES:
     MlmeSm_Init                               83C5      11      17       2   PPAGE_0_1   
     MlmeOrphan_SendNotification               83D6      58      88       2   PPAGE_0_1   
     MlmeSm_CreateCommStatusIndication         842E      9F     159       5   PPAGE_0_1   
     MlmeSm_CreateSyncLossIndication           84CD      73     115       6   PPAGE_0_1   
     MlmeSm_HandleSyncLoss                     8540      2A      42       2   PPAGE_0_1   
     MlmeSm_HandleMemTxCnf                     856A     119     281      11   PPAGE_0_1   
     MlmeSmIdle                                8683     3EC    1004      72   PPAGE_0_1   
     MlmeSm_DisassociateRemovePANref           8A6F      1D      29       4   PPAGE_0_1   
- VARIABLES:
     gMlmeSm                                    355       4       4      62   .data       
     txCoordRealigCmdFlag                       570       1       1       5   .bss        
     startCurrentChannel                        C3A       1       1       2   .common     
     startCrtMacPanId                           C3B       2       2       4   .common     
MODULE:                 -- MlmeGts_c.obj (802.15.4_MAC2006_FFD_S08MC1323x.Lib) --
- PROCEDURES:
     MlmeGts_SendRequest                       8A8C      6C     108       2   PPAGE_0_1   
     MlmeGts_ProcessPendingRequest             8AF8      8E     142       2   PPAGE_0_1   
     MlmeGts_CompleteHandler                   8B86      29      41       8   PPAGE_0_1   
     MlmeGts_SendConfirm                       8BAF      21      33       6   PPAGE_0_1   
     gtsForcedDelete                           8BD0      5B      91       2   PPAGE_0_1   
     MlmeGts_ProcessRxBeaconGtsData            8C2B     13B     315       6   PPAGE_0_1   
     MlmeGts_ProcessRemoteRequest              8D66      76     118       2   PPAGE_0_1   
     gtsExpireSlot                             8DDC      88     136       2   PPAGE_0_1   
     gtsAddToBack                              8E64      37      55       4   PPAGE_0_1   
     gtsGetStartSlot                           8E9B      61      97       2   PPAGE_0_1   
     MlmeGts_GenerateGtsData                   8EFC      D7     215       6   PPAGE_0_1   
     MlmeGts_init                              8FD3      34      52       4   PPAGE_0_1   
     gtsSendIndication                         9007      73     115      10   PPAGE_0_1   
     MlmeGts_GuardedActionHandler              907A      50      80       2   PPAGE_0_1   
     MlmeGts_CheckValidGts                     90CA      F8     248       8   PPAGE_0_1   
     MlmeGts_QueueGtsFrame                     91C2      14      20       2   PPAGE_0_1   
     MlmeGts_Reset                             91D6      21      33       4   PPAGE_0_1   
     gtsFlushAnchor                            91F7      25      37       6   PPAGE_0_1   
     gtsAllocateSlot                           921C      68     104       4   PPAGE_0_1   
     gtsReallocateSlot                         9284      45      69       2   PPAGE_0_1   
     gtsDeallocateSlot                         92C9      76     118       8   PPAGE_0_1   
     gtsAlignSlots                             933F     109     265      11   PPAGE_0_1   
     gtsCalculateSlotTiming                    9448     1BE     446       7   PPAGE_0_1   
     gtsCalculateSlotExpiration                9606      1E      30       4   PPAGE_0_1   
     MemGts_GetNextSlot                        9624      FC     252       3   PPAGE_0_1   
- VARIABLES:
     gLastCapSlot                               C3D       1       1      10   .common     
     gMlmeGtsAllocRequestSent                   C3E       1       1       8   .common     
     gMlmeGtsBeaconsRemaining                   C3F       1       1       4   .common     
     gMlmeGtsRequestedCharacteristics           C40       1       1      10   .common     
     gMlmeGtsSecurityLevel                      C41       1       1       2   .common     
     gMlmeGtsKeyIdMode                          C42       1       1       2   .common     
     gMlmeGtsKeySource                          C43       8       8       2   .common     
     gMlmeGtsKeyIndex                           C4B       1       1       2   .common     
     gGtsData                                   C4C      17      23       4   .common     
     gGtsLen                                    C63       1       1       5   .common     
     gGtsInfoArray                              C64      8C     140      27   .common     
     gGtsGuardedAction                          CF0       1       1      13   .common     
     gUpdateGtsData                             CF1       1       1       4   .common     
     pGtsAnchor                                 CF2       2       2       3   .common     
     gMlmeGtsAccess                             CF4       1       1      16   .common     
     gMemGtsAccess                              CF5       1       1      12   .common     
MODULE:                 -- MlmeAssociate_c.obj (802.15.4_MAC2006_FFD_S08MC1323x.Lib) --
- PROCEDURES:
     MlmeAssociate_SendRequest                 9720      C6     198       2   PPAGE_0_1   
     MlmeAssociate_SendPollRequest             97E6      2A      42       2   PPAGE_0_1   
     MlmeAssociate_SendIndication              9810      6F     111       2   PPAGE_0_1   
     MlmeAssociate_SendConfirm                 987F      92     146       4   PPAGE_0_1   
     MlmeAssociate_SendErrConfirm              9911      41      65       8   PPAGE_0_1   
     MlmeDisassociate_SendIndication           9952      62      98       2   PPAGE_0_1   
     MlmeAssociate_HandlePollCompletion        99B4      28      40       2   PPAGE_0_1   
     MlmeAssociate_SetTimer                    99DC      34      52       8   PPAGE_0_1   
     MlmeAssociateWaitTxResult                 9A10      B4     180      11   PPAGE_0_1   
     MlmeAssociateIgnorePollConfirm            9AC4      16      22       2   PPAGE_0_1   
     MlmeAssociateWaitTimeout                  9ADA      76     118       4   PPAGE_0_1   
- VARIABLES:
     mAssociateCoordAddrMode                    CF6       1       1       2   .common     
     mAssociateSecurityEnable                   CF7       1       1       2   .common     
     mAssociateCoordAddress                     CF8       8       8       1   .common     
     mAssociateCoordPanId                       D00       2       2       1   .common     
     mWaitForAssociateResp                      D02       1       1       4   .common     
     mAssociateSecurityLevel                    D03       1       1       2   .common     
     mAssociateKeyIdMode                        D04       1       1       2   .common     
     mAssociateKeySource                        D05       8       8       2   .common     
     mAssociateKeyIndex                         D0D       1       1       2   .common     
MODULE:                 -- MemTimer_c.obj (802.15.4_MAC2006_FFD_S08MC1323x.Lib) --
- PROCEDURES:
     MemTimer_StartWait                        9B50      16      22       2   PPAGE_0_1   
     MemLwrWaitTimer                           9B66      1C      28       2   PPAGE_0_1   
- VARIABLES:
MODULE:                 -- MemScan_c.obj (802.15.4_MAC2006_FFD_S08MC1323x.Lib) --
- PROCEDURES:
     MemScan_InitEd                            9B82      2F      47       2   PPAGE_0_1   
     MemScan_InitScan                          9BB1     14F     335       5   PPAGE_0_1   
     MemScan_InitPassiveScan                   9D00      1F      31       2   PPAGE_0_1   
     MemScan_CalcScanDuration                  9D1F      56      86       6   PPAGE_0_1   
     MemEdScanChannel                          9D75      53      83       2   PPAGE_0_1   
     MemScanChannelRx                          9DC8      68     104       4   PPAGE_0_1   
     MemScanOrphanRx                           9E30      AD     173       3   PPAGE_0_1   
- VARIABLES:
     gMemScan_ScanDuration                      D0E       4       4       9   .common     
     gMemScan_ScanCompleted                     D12       1       1      13   .common     
     mMaxDetectedEnergy                         D13       1       1       4   .common     
MODULE:                 -- MemData_c.obj (802.15.4_MAC2006_FFD_S08MC1323x.Lib) --
- PROCEDURES:
     MemData_Init                              9EDD       6       6       2   PPAGE_0_1   
     MemData_StartupTrsHandler                 9EE3      18      24       4   PPAGE_0_1   
     MemData_TrsHandler                        9EFB      CE     206      12   PPAGE_0_1   
     MemDataWfActionFinish                     9FC9      13      19       2   PPAGE_0_1   
     MemDataWfAutoRxComplete                   9FDC      32      50       6   PPAGE_0_1   
     MemDataWfRandomBackoff                    A00E      56      86       2   PPAGE_0_1   
     MemDataWfTxComplete                      28000      95     149       4   PPAGE_2_2   
     MemDataDeviceWfDataReqComplete           28095      B3     179       4   PPAGE_2_2   
     MemData_StartRxEnableTrsHandler          28148      4A      74       2   PPAGE_2_2   
- VARIABLES:
     mMemDataDefaultRxInterval_c               52EB       4       4       1   .rodata     
     gNumTxNoAck                                571       1       1       2   .bss        
     mMemData                                   D14       1       1       4   .common     
MODULE:                 -- MemBeacon_c.obj (802.15.4_MAC2006_FFD_S08MC1323x.Lib) --
- PROCEDURES:
     MemBeacon_Init                           28192       8       8       2   PPAGE_2_2   
     MemBeacon_ActionFailCallback             2819A      13      19       2   PPAGE_2_2   
     MemBeacon_SetMaintenanceScanPending      281AD       6       6       2   PPAGE_2_2   
     MemBeacon_EnableOrDisableBattLifeExtForThisCap      281B3      17      23       2   PPAGE_2_2   
     MemBeacon_SendAspInd                     281CA      34      52      12   PPAGE_2_2   
     MemBeacon_SetupTimer                     281FE       4       4       4   PPAGE_2_2   
     MemBeacon_BeaconRxFilter                 28202      49      73       2   PPAGE_2_2   
     MemBeacon_StoreContext                   2824B      2D      45       6   PPAGE_2_2   
     MemBeacon_RestoreContextExclClock        28278      15      21       4   PPAGE_2_2   
     MemBeacon_RestoreContext                 2828D      3B      59       2   PPAGE_2_2   
     MemBeacon_TreeModeTrsHandler             282C8      AB     171       4   PPAGE_2_2   
     MemBeacon_StartupTrsHandler              28373      CE     206       2   PPAGE_2_2   
     MemBeacon_BcnTrsHandler                  28441     247     583      21   PPAGE_2_2   
     MemBeaconBcnCoordWfTxComplete            28688      58      88       4   PPAGE_2_2   
     MemBeaconBcnDeviceWfRxComplete           286E0      B2     178       8   PPAGE_2_2   
     MemBeacon_NoSyncTrsHandler               28792      CB     203       7   PPAGE_2_2   
     MemBeaconBcnDeviceSyncedOnBeacon         2885D      28      40       4   PPAGE_2_2   
     MemBeaconBcnDeviceNotSyncedOnBeacon      28885       F      15       4   PPAGE_2_2   
     MemBeacon_TxTrsHandler                   28894      E4     228       4   PPAGE_2_2   
     MemBeacon_RxTrsHandler                   28978      61      97       2   PPAGE_2_2   
     MemBeacon_CapTrsHandler                  289D9     107     263      26   PPAGE_2_2   
     MemBeacon_CapEndedTrsHandler             28AE0       A      10      14   PPAGE_2_2   
     MemBeaconCapWfAutoRxComplete             28AEA      32      50       8   PPAGE_2_2   
     MemBeaconCapCoordWfBattLifeRxComplete      28B1C      5A      90       4   PPAGE_2_2   
     MemBeaconCapWfRandomBackoffBeforeTx      28B76      13      19       2   PPAGE_2_2   
     MemBeaconCapWfTxComplete                 28B89      7F     127       2   PPAGE_2_2   
     MemBeaconCapDeviceWfDataReqComplete      28C08      EB     235       7   PPAGE_2_2   
     MemBeaconCapDeviceWfDataReqReceiveComplete      28CF3      57      87       2   PPAGE_2_2   
     MemBeaconCapDeviceWfTimerExpired         28D4A      27      39       2   PPAGE_2_2   
     MemBeaconCapWait                         28D71      8D     141       4   PPAGE_2_2   
     MemBeaconCapWfCapEnd                     28DFE       F      15       4   PPAGE_2_2   
     MemBeaconCapWfActionFinished             28E0D       F      15       6   PPAGE_2_2   
     MemBeaconCapRxEnableWfActionFinished      28E1C      A8     168       3   PPAGE_2_2   
     MemBeacon_CfpCheckAndStartGtsTrsHandler      28EC4      98     152       8   PPAGE_2_2   
     MemBeacon_CfpTrsHandler                  28F5C      72     114       4   PPAGE_2_2   
     MemBeaconCfpWfAutoRxComplete             28FCE      20      32       4   PPAGE_2_2   
     MemBeaconCfpWfTxComplete                 28FEE      46      70       4   PPAGE_2_2   
     MemBeaconCfpWait                         29034      24      36       6   PPAGE_2_2   
     MemBeacon_ActivePeriodEndedTrsHandler      29058      B5     181       2   PPAGE_2_2   
     MemBeaconInactive                        2910D      7C     124      12   PPAGE_2_2   
     MemBeaconInactiveRxEnableWfActionFinished      29189      A8     168       3   PPAGE_2_2   
     MemBeaconMaintenanceScan                 29231      40      64       2   PPAGE_2_2   
     MemBcn_ProcessRxBeaconFnc                29271       F      15       2   PPAGE_2_2   
     MemBcn_WaitForBroadcast                  29280     12B     299       4   PPAGE_2_2   
- VARIABLES:
     mReceivedBeacon                            D15      AE     174       8   .common     
[...]
 |  |     |     |  |  |  +- gtsAllocateSlot      (see above)
 |  |     |     |  |  |  |  
 |  |     |     |  |  |  +- MlmeGts_SendConfirm  (see above) (recursive dependency)
 |  |     |     |  |  |  |  
 |  |     |     |  |  |  +- gtsDeallocateSlot    (see above)
 |  |     |     |  |  |  |  
 |  |     |     |  |  |  +- gtsSendIndication    (see above) (recursive dependency)
 |  |     |     |  |  |  |  
 |  |     |     |  |  |  +- gtsReallocateSlot   
 |  |     |     |  |  |  |  | 
 |  |     |     |  |  |  |  +- gtsCalculateSlotTiming (see above)
 |  |     |     |  |  |  |     
 |  |     |     |  |  |  +- MlmeGts_CompleteHandler (see above) (recursive dependency)
 |  |     |     |  |  |  |  
 |  |     |     |  |  |  +- gtsAlignSlots        (see above)
 |  |     |     |  |  |     
 |  |     |     |  |  +- MlmeIh_ProcessPendingAddressList
 |  |     |     |  |  |  | 
 |  |     |     |  |  |  +- FLib_MemCmp          (see above)
 |  |     |     |  |  |  |  
 |  |     |     |  |  |  +- PacLib_CreatePollPacket (see above)
 |  |     |     |  |  |  |  
 |  |     |     |  |  |  +- FLib_AddOffsetToPointer (see above)
 |  |     |     |  |  |  |  
 |  |     |     |  |  |  +- MlmeOh_SendMsgToMem  (see above) (recursive dependency)
 |  |     |     |  |  |     
 |  |     |     |  |  +- MM_Free              (see above)
 |  |     |     |  |  |  
 |  |     |     |  |  +- MlmeIh_BuildPanDescriptor
 |  |     |     |  |  |  | 
 |  |     |     |  |  |  +- FLib_AddrModeToLength (see above)
 |  |     |     |  |  |  |  
 |  |     |     |  |  |  +- FLib_MemSet          (see above)
 |  |     |     |  |  |  |  
 |  |     |     |  |  |  +- FLib_MemCpy          (see above)
 |  |     |     |  |  |  |  
 |  |     |     |  |  |  +- FLib_AddOffsetToPointer (see above)
 |  |     |     |  |  |     
 |  |     |     |  |  +- MlmeScan_ProcessBeacon
 |  |     |     |  |  |  | 
 |  |     |     |  |  |  +- FLib_MemCmp          (see above)
 |  |     |     |  |  |  |  
 |  |     |     |  |  |  +- FLib_MemCpy          (see above)
 |  |     |     |  |  |  |  
 |  |     |     |  |  |  +- MM_Alloc             (see above)
 |  |     |     |  |  |  |  
 |  |     |     |  |  |  +- MlmeOh_MemMsg        (see above)
 |  |     |     |  |  |     
 |  |     |     |  |  +- MlmeOh_NwkMsg        (see above)
 |  |     |     |  |  |  
 |  |     |     |  |  +- FLib_MemCpy          (see above)
 |  |     |     |  |  |  
 |  |     |     |  |  +- Mlme_FreeSendPendingMsg (see above) (recursive dependency)
 |  |     |     |  |     
 |  |     |     |  +- Mcps_ConvertMemMsg  
 |  |     |     |  |  | 
 |  |     |     |  |  +- MlmeIh_ParseFrameHeader (see above)
 |  |     |     |  |  |  
 |  |     |     |  |  +- FLib_MemInPlaceCpy   (see above)
 |  |     |     |  |  |  
 |  |     |     |  |  +- FLib_MemCpy          (see above)
 |  |     |     |  |  |  
 |  |     |     |  |  +- MCPS_NWK_SapHandler  (see above)
 |  |     |     |  |     
 |  |     |     |  +- MlmeIh_ParseCommandFrame
 |  |     |     |  |  | 
 |  |     |     |  |  +- MlmeIh_ParseFrameHeader (see above)
 |  |     |     |  |  |  
 |  |     |     |  |  +- FLib_AddOffsetToPointer (see above)
 |  |     |     |  |  |  
 |  |     |     |  |  +- _PUSH_CC             (see above)
 |  |     |     |  |  |  
 |  |     |     |  |  +- _POP_CC              (see above)
 |  |     |     |  |  |  
 |  |     |     |  |  +- MM_Alloc             (see above)
 |  |     |     |  |  |  
 |  |     |     |  |  +- FLib_MemCpy          (see above)
 |  |     |     |  |     
 |  |     |     |  +- MlmeIh_ProcessBeaconRequest
 |  |     |     |  |  | 
 |  |     |     |  |  +- MM_Free              (see above)
 |  |     |     |  |  |  
 |  |     |     |  |  +- PacLib_CreateBeaconPacket (see above)
 |  |     |     |  |  |  
 |  |     |     |  |  +- MlmeOh_SendMsgToMem  (see above) (recursive dependency)
 |  |     |     |  |     
 |  |     |     |  +- MlmeIh_ProcessRemoteDataRequest
 |  |     |     |  |  | 
 |  |     |     |  |  +- MlmeOh_NwkMsg        (see above)
 |  |     |     |  |  |  
 |  |     |     |  |  +- FLib_MemCpy          (see above)
 |  |     |     |  |  |  
 |  |     |     |  |  +- MLME_NWK_SapHandler  (see above)
 |  |     |     |  |  |  
 |  |     |     |  |  +- MM_Free              (see above)
 |  |     |     |  |  |  
 |  |     |     |  |  +- PacMan_GetFromIndirectQueue
 |  |     |     |  |  |  | 
 |  |     |     |  |  |  +- List_GetFirst        (see above)
 |  |     |     |  |  |  |  
 |  |     |     |  |  |  +- MlmeIh_ParseFrameHeader (see above)
 |  |     |     |  |  |  |  
 |  |     |     |  |  |  +- _PUSH_CC             (see above)
 |  |     |     |  |  |  |  
 |  |     |     |  |  |  +- _POP_CC              (see above)
 |  |     |     |  |  |  |  
 |  |     |     |  |  |  +- FLib_AddrModeToLength (see above)
 |  |     |     |  |  |  |  
 |  |     |     |  |  |  +- FLib_MemCmp          (see above)
 |  |     |     |  |  |  |  
 |  |     |     |  |  |  +- List_Remove          (see above)
 |  |     |     |  |  |  |  
 |  |     |     |  |  |  +- PacManToPp_RemoveFromIndirect (see above)
 |  |     |     |  |  |  |  
 |  |     |     |  |  |  +- TMR_StopTimer        (see above)
 |  |     |     |  |  |  |  
 |  |     |     |  |  |  +- List_GetNext         (see above)
 |  |     |     |  |  |     
 |  |     |     |  |  +- MLME_MEM_SapHandler  (see above) (recursive dependency)
 |  |     |     |  |  |  
 |  |     |     |  |  +- PacLib_CreateZeroLengthDataPacket
 |  |     |     |  |  |  | 
 |  |     |     |  |  |  +- MM_Alloc             (see above)
 |  |     |     |  |  |  |  
 |  |     |     |  |  |  +- _PUSH_CC             (see above)
 |  |     |     |  |  |  |  
 |  |     |     |  |  |  +- _POP_CC              (see above)
 |  |     |     |  |  |  |  
 |  |     |     |  |  |  +- FLib_ArrayAddArray   (see above)
 |  |     |     |  |  |  |  
 |  |     |     |  |  |  +- FLib_AddrModeToLength (see above)
 |  |     |     |  |  |     
 |  |     |     |  |  +- MlmeOh_SendMsgToMem  (see above) (recursive dependency)
 |  |     |     |  |     
 |  |     |     |  +- MlmeIh_ProcessPollConfirm
 |  |     |     |  |  | 
 |  |     |     |  |  +- MM_Free              (see above)
 |  |     |     |  |  |  
 |  |     |     |  |  +- List_AddHead         (see above)
 |  |     |     |  |  |  
 |  |     |     |  |  +- _PUSH_CC             (see above)
 |  |     |     |  |  |  
 |  |     |     |  |  +- _POP_CC              (see above)
 |  |     |     |  |  |  
 |  |     |     |  |  +- FLib_AddrModeToLength (see above)
 |  |     |     |  |  |  
 |  |     |     |  |  +- PacLib_CreatePollPacket (see above)
 |  |     |     |  |  |  
 |  |     |     |  |  +- MlmeOh_SendMsgToMem  (see above) (recursive dependency)
 |  |     |     |  |     
 |  |     |     |  +- MlmeIh_ProcessMemTxCnf
 |  |     |     |     | 
 |  |     |     |     +- PacMan_AddToIndirectQueueHead (see above) (recursive dependency)
 |  |     |     |     |  
 |  |     |     |     +- MM_Free              (see above)
 |  |     |     |     |  
 |  |     |     |     +- PacMan_PurgeAfterSeqAction (see above)
 |  |     |     |     |  
 |  |     |     |     +- SendDataCnf          (see above)
 |  |     |     |        
 |  |     |     +- Mlme_FreeSendPendingMsg (see above) (recursive dependency)
 |  |     |     |  
 |  |     |     +- Mcps_ConvertNwkMsg  
 |  |     |     |  | 
 |  |     |     |  +- _PUSH_CC             (see above)
 |  |     |     |  |  
 |  |     |     |  +- _POP_CC              (see above)
 |  |     |     |  |  
 |  |     |     |  +- FLib_MemCmp          (see above)
 |  |     |     |  |  
 |  |     |     |  +- FLib_MemCpy          (see above)
 |  |     |     |  |  
 |  |     |     |  +- MlmeOh_CreateCommandFrame (see above)
 |  |     |     |  |  
 |  |     |     |  +- MlmeGts_CheckValidGts
 |  |     |     |  |    
 |  |     |     |  +- SendDataCnf          (see above)
 |  |     |     |  |  
 |  |     |     |  +- FLib_MemInPlaceCpy   (see above)
 |  |     |     |  |  
 |  |     |     |  +- MlmeOh_SendMsgToMem  (see above) (recursive dependency)
 |  |     |     |     
 |  |     |     +- MlmeIh_ProcessPurgeRequest
 |  |     |     |  | 
 |  |     |     |  +- PacMan_Purge        
 |  |     |     |  |  | 
 |  |     |     |  |  +- PacMan_PurgeFromQueue
 |  |     |     |  |     | 
 |  |     |     |  |     +- List_GetFirst        (see above)
 |  |     |     |  |     |  
 |  |     |     |  |     +- _PUSH_CC             (see above)
 |  |     |     |  |     |  
 |  |     |     |  |     +- _POP_CC              (see above)
 |  |     |     |  |     |  
 |  |     |     |  |     +- List_Remove          (see above)
 |  |     |     |  |     |  
 |  |     |     |  |     +- PacManToPp_RemoveFromIndirect (see above)
 |  |     |     |  |     |  
 |  |     |     |  |     +- MM_Free              (see above)
 |  |     |     |  |     |  
 |  |     |     |  |     +- List_GetNext         (see above)
 |  |     |     |  |     |  
 |  |     |     |  |     +- MemOh_IsTxPacketInSequencer
 |  |     |     |  |        | 
 |  |     |     |  |        +- _PUSH_CC             (see above)
 |  |     |     |  |        |  
 |  |     |     |  |        +- _POP_CC              (see above)
 |  |     |     |  |           
 |  |     |     |  +- MCPS_NWK_SapHandler  (see above)
 |  |     |     |     
 |  |     |     +- MM_Free              (see above)
 |  |     |     |  
 |  |     |     +- Asp_Main            
 |  |     |     |  | 
 |  |     |     |  +- List_RemoveHead      (see above)
 |  |     |     |  |  
 |  |     |     |  +- Asp_SendBeaconStateInd
 |  |     |     |  |  | 
 |  |     |     |  |  +- MemOh_SeqReadClockReq (see above)
 |  |     |     |  |  |  
 |  |     |     |  |  +- Asp_ZbClock24ToByteArray
 |  |     |     |  |       
 |  |     |     |  +- ASP_APP_SapHandler  
 |  |     |     |  |  | 
 |  |     |     |  |  +- MM_Free              (see above)
 |  |     |     |  |     
 |  |     |     |  +- MM_Free              (see above)
 |  |     |     |  |  
 |  |     |     |  +- TS_SendEvent         (see above)
 |  |     |     |  |  
 |  |     |     |  +- ASP_TestMain        
 |  |     |     |     | 
 |  |     |     |     +- _CALL_STAR08_FAR     (see above)
 |  |     |     |        
 |  |     |     +- BeaconMaintenance   
 |  |     |        | 
 |  |     |        +- MlmeGts_GuardedActionHandler
 |  |     |        |  | 
 |  |     |        |  +- MlmeGts_Reset        (see above)
 |  |     |        |  |  
 |  |     |        |  +- MlmeGts_ProcessPendingRequest
 |  |     |        |  |  | 
 |  |     |        |  |  +- FLib_MemCpy          (see above)
 |  |     |        |  |  |  
 |  |     |        |  |  +- MlmeOh_CreateCommandFrameMessage (see above)
 |  |     |        |  |  |  
 |  |     |        |  |  +- gtsDeallocateSlot    (see above)
 |  |     |        |  |  |  
 |  |     |        |  |  +- gtsAlignSlots        (see above)
 |  |     |        |  |  |  
 |  |     |        |  |  +- gtsSendIndication    (see above) (recursive dependency)
 |  |     |        |  |  |  
 |  |     |        |  |  +- MlmeGts_SendConfirm  (see above) (recursive dependency)
 |  |     |        |  |  |  
 |  |     |        |  |  +- Mlme_FreeSendPendingMsg (see above) (recursive dependency)
 |  |     |        |  |     
 |  |     |        |  +- gtsExpireSlot       
 |  |     |        |  |  | 
 |  |     |        |  |  +- gtsFlushAnchor       (see above)
 |  |     |        |  |  |  
 |  |     |        |  |  +- FLib_MemCpy          (see above)
 |  |     |        |  |  |  
 |  |     |        |  |  +- FLib_MemSet          (see above)
 |  |     |        |  |  |  
 |  |     |        |  |  +- gtsAlignSlots        (see above)
 |  |     |        |  |  |  
 |  |     |        |  |  +- gtsSendIndication    (see above) (recursive dependency)
 |  |     |        |  |     
 |  |     |        |  +- gtsForcedDelete     
 |  |     |        |     | 
 |  |     |        |     +- gtsSendIndication    (see above) (recursive dependency)
 |  |     |        |     |  
 |  |     |        |     +- gtsDeallocateSlot    (see above)
 |  |     |        |     |  
 |  |     |        |     +- gtsAlignSlots        (see above)
 |  |     |        |        
 |  |     |        +- MlmeGts_GenerateGtsData (see above)
 |  |     |        |  
 |  |     |        +- PacMan_CheckForExpired (see above)
 |  |     |           
 |  |     +- TS_CreateTask        (see above)
 |  |     |  
 |  |     +- _CALL_STAR08_FAR     (see above)
 |  |        
 |  +- AppTask             
 |  |  | 
 |  |  +- List_RemoveHead      (see above)
 |  |  |  
 |  |  +- App_WaitMsg         
 |  |  |    
 |  |  +- MM_Free              (see above)
 |  |  |  
 |  |  +- _Jump_Table_Header_Addr
 |  |  |    
 |  |  +- App_StartScan       
 |  |  |  | 
 |  |  |  +- MM_Alloc             (see above)
 |  |  |  |  
 |  |  |  +- NWK_MLME_SapHandler 
 |  |  |  |  | 
 |  |  |  |  +- Mlme_VerifyNwkInput 
 |  |  |  |  |  | 
 |  |  |  |  |  +- FLib_MemCmp          (see above)
 |  |  |  |  |  |  
 |  |  |  |  |  +- _LLSL                (see above)
 |  |  |  |  |  |  
 |  |  |  |  |  +- _POP32               (see above)
 |  |  |  |  |  |  
 |  |  |  |  |  +- _LCMP                (see above)
 |  |  |  |  |  |  
 |  |  |  |  |  +- Mlme_CheckPibAttributes
 |  |  |  |  |     | 
 |  |  |  |  |     +- _LLSL                (see above)
 |  |  |  |  |     |  
 |  |  |  |  |     +- _POP32               (see above)
 |  |  |  |  |     |  
 |  |  |  |  |     +- _SEXT16_32           (see above)
 |  |  |  |  |        
 |  |  |  |  +- ZTC_TaskEventMonitor
 |  |  |  |  |    
 |  |  |  |  +- Mlme_HandleSetGetReq
 |  |  |  |  |  | 
 |  |  |  |  |  +- MPIB_GetPointer      (see above)
 |  |  |  |  |  |  
 |  |  |  |  |  +- _PUSH_CC             (see above)
 |  |  |  |  |  |  
 |  |  |  |  |  +- _POP_CC              (see above)
 |  |  |  |  |  |  
 |  |  |  |  |  +- MlmeOh_MemMsg        (see above)
 |  |  |  |  |  |  
 |  |  |  |  |  +- PhyPpSetPanId        (see above)
 |  |  |  |  |  |  
 |  |  |  |  |  +- PhyPpSetShortAddr    (see above)
 |  |  |  |  |  |  
 |  |  |  |  |  +- PhyPpSetPromiscuous  (see above)
 |  |  |  |  |  |  
 |  |  |  |  |  +- FLib_MemCpyDir      
 |  |  |  |  |  |  | 
 |  |  |  |  |  |  +- FLib_MemCpy          (see above)
 |  |  |  |  |  |     
 |  |  |  |  |  +- MlmeOh_SendMem       (see above) (recursive dependency)
 |  |  |  |  |     
 |  |  |  |  +- Mlme_Reset          
 |  |  |  |  |  | 
 |  |  |  |  |  +- PhyAbort             (see above)
 |  |  |  |  |  |  
 |  |  |  |  |  +- PhyInit              (see above)
 |  |  |  |  |  |  
 |  |  |  |  |  +- MacPhyInit_WriteExtAddress (see above)
 |  |  |  |  |  |  
 |  |  |  |  |  +- PhyPpSetCcaThreshold (see above)
 |  |  |  |  |  |  
 |  |  |  |  |  +- InitializeMac        (see above)
 |  |  |  |  |     
 |  |  |  |  +- List_AddTail         (see above)
 |  |  |  |  |  
 |  |  |  |  +- TS_SendEvent         (see above)
 |  |  |  |     
 |  |  |  +- CommUtil_Print      
 |  |  |     | 
 |  |  |     +- CommUtil_Tx         
 |  |  |     |  | 
 |  |  |     |  +- Uart1_Transmit      
 |  |  |     |  |  | 
 |  |  |     |  |  +- _CMP24_RC            (see above)
 |  |  |     |  |  |  
 |  |  |     |  |  +- _CALL_STAR08_FAR     (see above)
 |  |  |     |  |     
 |  |  |     |  +- Uart1_IsTxActive    
 |  |  |     |       
 |  |  |     +- Uart1_Transmit       (see above)
 |  |  |        
 |  |  +- App_HandleScanActiveConfirm
 |  |  |  | 
 |  |  |  +- FLib_MemCpy          (see above)
 |  |  |  |  
 |  |  |  +- MM_Free              (see above)
 |  |  |     
 |  |  +- CommUtil_PrintHex   
 |  |  |  | 
 |  |  |  +- Uart1_IsTxActive     (see above)
 |  |  |  |  
 |  |  |  +- HexToAscii          
 |  |  |  |    
 |  |  |  +- Uart1_Transmit       (see above)
 |  |  |     
 |  |  +- App_SendAssociateRequest
 |  |  |  | 
 |  |  |  +- MM_Alloc             (see above)
 |  |  |  |  
 |  |  |  +- FLib_MemCpy          (see above)
 |  |  |  |  
 |  |  |  +- NWK_MLME_SapHandler  (see above)
 |  |  |  |  
 |  |  |  +- CommUtil_Print       (see above)
 |  |  |     
 |  |  +- App_HandleAssociateConfirm
 |  |  |  | 
 |  |  |  +- FLib_MemCpy          (see above)
 |  |  |     
 |  |  +- AppPollWaitTimeout  
 |  |  |  | 
 |  |  |  +- MM_Alloc             (see above)
 |  |  |  |  
 |  |  |  +- FLib_MemCpy          (see above)
 |  |  |  |  
 |  |  |  +- NWK_MLME_SapHandler  (see above)
 |  |  |  |  
 |  |  |  +- TMR_StartSingleShotTimer
 |  |  |     | 
 |  |  |     +- TMR_StartTimer       (see above)
 |  |  |        
 |  |  +- TMR_StartSingleShotTimer (see above)
 |  |  |  
 |  |  +- TS_SendEvent         (see above)
 |  |  |  
 |  |  +- App_HandleMlmeInput 
 |  |  |    
 |  |  +- App_TransmitCommData
 |  |  |  | 
 |  |  |  +- Uart1_GetByteFromRxBuffer
 |  |  |  |  | 
 |  |  |  |  +- Uart1_EnableFlow     (see above)
 |  |  |  |     
 |  |  |  +- MM_Alloc             (see above)
 |  |  |  |  
 |  |  |  +- FLib_MemCpy          (see above)
 |  |  |  |  
 |  |  |  +- NWK_MCPS_SapHandler 
 |  |  |  |  | 
 |  |  |  |  +- List_AddTail         (see above)
 |  |  |  |  |  
 |  |  |  |  +- _CMP24_RC            (see above)
 |  |  |  |  |  
 |  |  |  |  +- SeqSubCompIdleState  (see above) (recursive dependency)
 |  |  |  |  |  
 |  |  |  |  +- _PUSH_CC             (see above)
 |  |  |  |  |  
 |  |  |  |  +- _POP_CC              (see above)
 |  |  |  |  |  
 |  |  |  |  +- gMemLwrSm            (see above)
 |  |  |  |  |  
 |  |  |  |  +- MemDataWfTxComplete  (see above) (recursive dependency)
 |  |  |  |  |  
 |  |  |  |  +- MemLwrIdle           (see above) (recursive dependency)
 |  |  |  |  |  
 |  |  |  |  +- TS_SendEvent         (see above)
 |  |  |  |  |  
 |  |  |  |  +- ZTC_TaskEventMonitor (see above)
 |  |  |  |     
 |  |  |  +- TS_SendEvent         (see above)
 |  |  |     
 |  |  +- App_HandleMcpsInput 
 |  |  |  | 
 |  |  |  +- CommUtil_Tx          (see above)
 |  |  |     
 |  |  +- CommUtil_Print       (see above)
 |  |     
 |  +- TS_CreateTask        (see above)
 |  |  
 |  +- MApp_init           
 |  |  | 
 |  |  +- Init_MacExtendedAddress
 |  |  |  | 
 |  |  |  +- MacPhyInit_WriteExtAddress (see above)
 |  |  |     
 |  |  +- TMR_AllocateTimer    (see above)
 |  |  |  
 |  |  +- App_HandleKeys      
 |  |  |  | 
 |  |  |  +- App_HandleGenericKey
 |  |  |     | 
 |  |  |     +- LED_StopFlash       
 |  |  |     |  | 
 |  |  |     |  +- LED_TurnOffLed      
 |  |  |     |  |    
 |  |  |     |  +- TMR_StopTimer        (see above)
 |  |  |     |     
 |  |  |     +- TS_SendEvent         (see above)
 |  |  |        
 |  |  +- KBD_Init            
 |  |  |  | 
 |  |  |  +- TMR_AllocateTimer    (see above)
 |  |  |  |  
 |  |  |  +- KBD_MatrixSetRows    (see above)
 |  |  |     
 |  |  +- SPI1_Init           
 |  |  |    
 |  |  +- LED_Init            
 |  |  |  | 
 |  |  |  +- TMR_AllocateTimer    (see above)
 |  |  |  |  
 |  |  |  +- LED_TurnOffAllLeds  
 |  |  |     | 
 |  |  |     +- LED_TurnOffLed       (see above)
 |  |  |        
 |  |  +- PWRLib_Init         
 |  |  |    
 |  |  +- Uart1_SetBaud        (see above)
 |  |  |  
 |  |  +- App_CommRxCallBack  
 |  |  |  | 
 |  |  |  +- TS_SendEvent         (see above)
 |  |  |  |  
 |  |  |  +- Uart1_GetByteFromRxBuffer (see above)
 |  |  |     
 |  |  +- Uart1_SetRxCallBack 
 |  |  |  | 
 |  |  |  +- _CMP24_RC            (see above)
 |  |  |     
 |  |  +- List_ClearAnchor     (see above)
 |  |  |  
 |  |  +- LED_StartFlash      
 |  |  |  | 
 |  |  |  +- LED_FlashTimeout    
 |  |  |  |    
 |  |  |  +- TMR_StartIntervalTimer (see above)
 |  |  |     
 |  |  +- CommUtil_Print       (see above)
 |  |     
 |  +- PWR_DisallowDeviceToSleep
 |  |    
 |  +- TS_Scheduler        
 |     | 
 |     +- _CALL_STAR08_FAR     (see above)
 |        
 +- _Startup             (see above) (recursive dependency)
    
*********************************************************************************************
STATISTIC SECTION
---------------------------------------------------------------------------------------------

ExeFile:
--------
Number of blocks to be downloaded: 12
Total size of all blocks to be downloaded: 55466

