
PROGRAM "S08_Coordinator.abs"

*********************************************************************************************
TARGET SECTION
---------------------------------------------------------------------------------------------
Processor   : Freescale HC08
Memory Model: BANKED
File Format : ELF\DWARF 2.0
Linker      : SmartLinker V-5.0.51 Build 14019, Jan 20 2014

*********************************************************************************************
FILE SECTION
---------------------------------------------------------------------------------------------
ZtcMain_c.obj                           Model: BANKED,        Lang: ANSI-C
TS_kernel_c.obj                         Model: BANKED,        Lang: ANSI-C
CommUtil_c.obj                          Model: BANKED,        Lang: ANSI-C
Uart_c.obj                              Model: BANKED,        Lang: ANSI-C
Timer_c.obj                             Model: BANKED,        Lang: ANSI-C
SPI_c.obj                               Model: BANKED,        Lang: ANSI-C
RSTHal_c.obj                            Model: BANKED,        Lang: ANSI-C
Led_c.obj                               Model: BANKED,        Lang: ANSI-C
PWRLib_c.obj                            Model: BANKED,        Lang: ANSI-C
PWR_MC1323x_c.obj                       Model: BANKED,        Lang: ANSI-C
Keyboard_c.obj                          Model: BANKED,        Lang: ANSI-C
FunctionLib_c.obj                       Model: BANKED,        Lang: ANSI-C
NV_Data_c.obj                           Model: BANKED,        Lang: ANSI-C
PlatformInit_c.obj                      Model: BANKED,        Lang: ANSI-C
crt0_c.obj                              Model: BANKED,        Lang: ANSI-C
dummyisr_c.obj                          Model: BANKED,        Lang: ANSI-C
icg_c.obj                               Model: BANKED,        Lang: ANSI-C
isrvectors_c.obj                        Model: BANKED,        Lang: ANSI-C
PhyISR_c.obj                            Model: BANKED,        Lang: ANSI-C
PhyPacketProcessor_c.obj                Model: BANKED,        Lang: ANSI-C
PhyPlmeData_c.obj                       Model: BANKED,        Lang: ANSI-C
PhyTime_c.obj                           Model: BANKED,        Lang: ANSI-C
MApp_c.obj                              Model: BANKED,        Lang: ANSI-C
MApp_init_c.obj                         Model: BANKED,        Lang: ANSI-C
MacInit_c.obj                           Model: BANKED,        Lang: ANSI-C
GlobalVars_c.obj                        Model: BANKED,        Lang: ANSI-C
rtshc08.o (ansibim.lib)                 Model: BANKED,        Lang: ANSI-C
PhyMacMsg_c.obj (802.15.4_MAC2006_FFD_S08MC1323x.Lib)Model: BANKED,        Lang: ANSI-C
SmApi_c.obj (802.15.4_MAC2006_FFD_S08MC1323x.Lib)Model: BANKED,        Lang: ANSI-C
SecurityLib_c.obj (802.15.4_MAC2006_FFD_S08MC1323x.Lib)Model: BANKED,        Lang: ANSI-C
SecurityApply_c.obj (802.15.4_MAC2006_FFD_S08MC1323x.Lib)Model: BANKED,        Lang: ANSI-C
PacketManager_c.obj (802.15.4_MAC2006_FFD_S08MC1323x.Lib)Model: BANKED,        Lang: ANSI-C
PacketLib_c.obj (802.15.4_MAC2006_FFD_S08MC1323x.Lib)Model: BANKED,        Lang: ANSI-C
MacPib_c.obj (802.15.4_MAC2006_FFD_S08MC1323x.Lib)Model: BANKED,        Lang: ANSI-C
MacConst_c.obj (802.15.4_MAC2006_FFD_S08MC1323x.Lib)Model: BANKED,        Lang: ANSI-C
ClockManager_c.obj (802.15.4_MAC2006_FFD_S08MC1323x.Lib)Model: BANKED,        Lang: ANSI-C
AsmDriver_c.obj (802.15.4_MAC2006_FFD_S08MC1323x.Lib)Model: BANKED,        Lang: ANSI-C
MacSeqMC1323X_c.obj (802.15.4_MAC2006_FFD_S08MC1323x.Lib)Model: BANKED,        Lang: ANSI-C
SeqRxMC1323X_c.obj (802.15.4_MAC2006_FFD_S08MC1323x.Lib)Model: BANKED,        Lang: ANSI-C
SeqSubMainMC1323X_c.obj (802.15.4_MAC2006_FFD_S08MC1323x.Lib)Model: BANKED,        Lang: ANSI-C
SeqTxMC1323X_c.obj (802.15.4_MAC2006_FFD_S08MC1323x.Lib)Model: BANKED,        Lang: ANSI-C
MlmeStart_c.obj (802.15.4_MAC2006_FFD_S08MC1323x.Lib)Model: BANKED,        Lang: ANSI-C
MlmeScan_c.obj (802.15.4_MAC2006_FFD_S08MC1323x.Lib)Model: BANKED,        Lang: ANSI-C
MlmePanIdConflict_c.obj (802.15.4_MAC2006_FFD_S08MC1323x.Lib)Model: BANKED,        Lang: ANSI-C
MlmeInputHandler_c.obj (802.15.4_MAC2006_FFD_S08MC1323x.Lib)Model: BANKED,        Lang: ANSI-C
MlmeMain_c.obj (802.15.4_MAC2006_FFD_S08MC1323x.Lib)Model: BANKED,        Lang: ANSI-C
MlmeOutputHandler_c.obj (802.15.4_MAC2006_FFD_S08MC1323x.Lib)Model: BANKED,        Lang: ANSI-C
MlmeSm_c.obj (802.15.4_MAC2006_FFD_S08MC1323x.Lib)Model: BANKED,        Lang: ANSI-C
MlmeGts_c.obj (802.15.4_MAC2006_FFD_S08MC1323x.Lib)Model: BANKED,        Lang: ANSI-C
MlmeAssociate_c.obj (802.15.4_MAC2006_FFD_S08MC1323x.Lib)Model: BANKED,        Lang: ANSI-C
MemTimer_c.obj (802.15.4_MAC2006_FFD_S08MC1323x.Lib)Model: BANKED,        Lang: ANSI-C
MemScan_c.obj (802.15.4_MAC2006_FFD_S08MC1323x.Lib)Model: BANKED,        Lang: ANSI-C
MemData_c.obj (802.15.4_MAC2006_FFD_S08MC1323x.Lib)Model: BANKED,        Lang: ANSI-C
MemBeacon_c.obj (802.15.4_MAC2006_FFD_S08MC1323x.Lib)Model: BANKED,        Lang: ANSI-C
MemBeaconSupport_c.obj (802.15.4_MAC2006_FFD_S08MC1323x.Lib)Model: BANKED,        Lang: ANSI-C
MemInputHandler_c.obj (802.15.4_MAC2006_FFD_S08MC1323x.Lib)Model: BANKED,        Lang: ANSI-C
MemOutputHandler_c.obj (802.15.4_MAC2006_FFD_S08MC1323x.Lib)Model: BANKED,        Lang: ANSI-C
MemSmControl_c.obj (802.15.4_MAC2006_FFD_S08MC1323x.Lib)Model: BANKED,        Lang: ANSI-C
MemSmLib_c.obj (802.15.4_MAC2006_FFD_S08MC1323x.Lib)Model: BANKED,        Lang: ANSI-C
MemSmLower_c.obj (802.15.4_MAC2006_FFD_S08MC1323x.Lib)Model: BANKED,        Lang: ANSI-C
McpsConversion_c.obj (802.15.4_MAC2006_FFD_S08MC1323x.Lib)Model: BANKED,        Lang: ANSI-C
MacMain_c.obj (802.15.4_MAC2006_FFD_S08MC1323x.Lib)Model: BANKED,        Lang: ANSI-C
ASPMain_c.obj (802.15.4_MAC2006_FFD_S08MC1323x.Lib)Model: BANKED,        Lang: ANSI-C
Telec_c.obj (802.15.4_MAC2006_FFD_S08MC1323x.Lib)Model: BANKED,        Lang: ANSI-C

*********************************************************************************************
STARTUP SECTION
---------------------------------------------------------------------------------------------
Entry point: 0x57C9 (_Startup)
_startupData is allocated at 0x2080 and uses 12 Bytes
extern struct _tagStartup {
  unsigned flags          0
  _PFunc   main           0x6C5D    (main)
  long     stackOffset    0x2FF
  unsigned nofZeroOut     2
  _Range   pZeroOut       0x80     1
                          0x300     2909
  _Copy    *toCopyDownBeg 0x7F70
} _startupData;

*********************************************************************************************
SECTION-ALLOCATION SECTION
Section Name                    Size  Type     From       To       Segment
---------------------------------------------------------------------------------------------
MY_ZEROPAGE                        1   R/W       0x80       0x80   ZERO_PAGE_RAM
.data                            103   R/W      0x300      0x366   APP_RAM
NON_BANKED                      4366     R     0x4000     0x510D   APP_CODE_1
.copy                            109     R     0x7F70     0x7FDC   APP_CODE_1
.rodata                          460     R     0x510E     0x52D9   APP_CODE_1
.rodata1                        1077     R     0x52DA     0x570E   APP_CODE_1
.text                          10097     R     0x57FF     0x7F6F   APP_CODE_1
.startData                        40     R     0x2080     0x20A7   APP_STARTUP_STRUC_FLASH
FREESCALE_PROD_DATA               78     R     0xFF50     0xFF9D   FREESCALE_PROD_FLASH
NV_REGISTERS_SECTION              16     R     0xFFB0     0xFFBF   RES_NV_REGISTERS_FLASH
.stack                           512   R/W      0x100      0x2FF   APP_STACK_RAM
IRQ_VECTOR_SECTION                62     R     0xFFC0     0xFFFD   RES_IRQ_VECTORS_TABLE_FLASH
.bss                             538   R/W      0x367      0x580   APP_RAM
.init                            238     R     0x5711     0x57FE   APP_CODE_1
.common                         2266   R/W      0x581      0xE5A   APP_RAM
_STARTUP                           2   R/W      0xE5B      0xE5C   APP_RAM
RESET_VECTOR_SECTION               2     R     0x570F     0x5710   APP_CODE_1
APP_CODE_2_0                   15376     R     0xC000     0xFC0F   APP_CODE_2
PPAGE_0_1                       8292     R     0x8000     0xA063   PPAGE_0
PPAGE_2_2                      15316     R    0x28000    0x2BBD3   PPAGE_2
RES_RESET_VECTOR_FLASH_vect          2     R     0xFFFE     0xFFFF   RES_RESET_VECTOR_FLASH

Summary of section sizes per section type:
READ_ONLY (R):        D8EB (dec:    55531)
READ_WRITE (R/W):      D5E (dec:     3422)

*********************************************************************************************
VECTOR-ALLOCATION SECTION
    Address     InitValue   InitFunction
---------------------------------------------------------------------------------------------
     0xFFFE        0x57C9   _Startup

*********************************************************************************************
OBJECT-ALLOCATION SECTION
     Name               Module                 Addr   hSize   dSize     Ref    Section   RLIB
---------------------------------------------------------------------------------------------
MODULE:                 -- ZtcMain_c.obj --
- PROCEDURES:
     ZTC_TaskEventMonitor                      57FF       1       1       6   .text       
- VARIABLES:
MODULE:                 -- TS_kernel_c.obj --
- PROCEDURES:
     TS_CreateTask                             5800      B6     182      11   .text       
     TS_Init                                   58B6      32      50       2   .text       
     TS_SendEvent                              58E8      28      40      72   .text       
     TS_Scheduler                              5910      7B     123       2   .text       
- VARIABLES:
     maTsTaskTable                              581      3C      60      19   .common     
     maTsTaskIDsByPriority                      5BD       A      10       8   .common     
     gIdleTaskID                                5C7       1       1       1   .common     
MODULE:                 -- CommUtil_c.obj --
- PROCEDURES:
     CommUtil_Tx                               598B      23      35       4   .text       
     CommUtil_Print                            59AE      41      65      18   .text       
     HexToAscii                                59EF      10      16       4   .text       
     CommUtil_PrintHex                         59FF      E4     228      18   .text       
- VARIABLES:
MODULE:                 -- Uart_c.obj --
- PROCEDURES:
     Uart_ClearErrors                          5AE3       A      10       2   .text       
     Uart1_GetByteFromRxBuffer                 5AED      61      97       4   .text       
     Uart1_IsTxActive                          5B4E      10      16       6   .text       
     Uart_ModuleInit                           5B5E      20      32       2   .text       
     Uart1_SetRxCallBack                       5B7E      29      41       2   .text       
     Uart1_SetBaud                             5BA7      4C      76       4   .text       
     Uart1_Transmit                            5BF3      76     118       6   .text       
     Uart_Task                                 5C69      66     102       2   .text       
     Uart_TaskInit                             5CCF      15      21       2   .text       
     Uart1_EnableFlow                          5CE4      11      17       4   .text       
     Uart1_DisableFlow                         5CF5       7       7       2   .text       
     Uart1_ErrorIsr                            4000       C      12       1   NON_BANKED  
     Uart1_RxIsr                               400C      6E     110       1   NON_BANKED  
     Uart1_TxIsr                               407A      C9     201       2   NON_BANKED  
- VARIABLES:
     uart1_ungetFlag                            367       1       1       2   .bss        
     Uart1_TxCompleteFlag                       368       1       1       2   .bss        
     maSci1TxCallbackLeadingIndex               369       1       1       5   .bss        
     maSci1TxCallbackTrailingIndex              36A       1       1       5   .bss        
     pfSci1RxCallBack                           36B       3       3       6   .bss        
     mUart1FlowDisableCounter                   36E       1       1       4   .bss        
     uart1_ungetByte                            36F       1       1       1   .bss        
     maSci1TxBufRefTable                        370       F      15      10   .bss        
     maSci1TxBufLenTable                        37F       3       3       6   .bss        
     mSci1TxCurIndex                            382       1       1       4   .bss        
     mSci1TxBufRefLeadingIndex                  383       1       1       4   .bss        
     mSci1TxBufRefTrailingIndex                 384       1       1       8   .bss        
     maSci1TxCallbackTable                      385       F      15       8   .bss        
     maSci1RxBuf                                394      20      32       2   .bss        
     mSci1RxBufLeadingIndex                     3B4       1       1       5   .bss        
     mSci1RxBufTrailingIndex                    3B5       1       1       8   .bss        
     gUartTaskId                                5C8       1       1       3   .common     
     mSci1RxBufferByteCount                     5C9       1       1       7   .common     
MODULE:                 -- Timer_c.obj --
- PROCEDURES:
     TMR_Init                                  5CFC      18      24       2   .text       
     TMR_AllocateTimer                         5D14      1E      30       8   .text       
     TMR_IsTimerActive                         5D32       C      12       4   .text       
     TMR_StartTimer                            5D3E      B3     179       8   .text       
     TMR_StartLowPowerTimer                    5DF1      23      35       2   .text       
     TMR_StartIntervalTimer                    5E14      21      33       4   .text       
     TMR_StopTimer                             5E35      48      72      16   .text       
     TMR_Task                                  5E7D     1B5     437       7   .text       
     TMR_EnableTimer                           6032      3D      61       4   .text       
     TMR_GetTimerStatus                        606F       8       8      10   .text       
     TMR_SetTimerStatus                        6077       F      15       8   .text       
     TMR_GetTimerType                          6086       8       8       6   .text       
     TMR_SetTimerType                          608E       F      15       2   .text       
     TMR_InterruptHandler                      4143      14      20       1   NON_BANKED  
- VARIABLES:
     numberOfActiveTimers                       3B6       1       1       4   .bss        
     numberOfLowPowerActiveTimers               3B7       1       1       4   .bss        
     previousTimeInTicks                        3B8       2       2       3   .bss        
     timerHardwareIsRunning                     3BA       1       1       2   .bss        
     maTmrTimerTable                            3BB      EE     238       4   .bss        
     maTmrTimerStatusTable                      4A9      22      34       7   .bss        
     mTmrRead16bitReg                           4CB       2       2       6   .bss        
     gTimerTaskID                               4CD       1       1       5   .bss        
MODULE:                 -- SPI_c.obj --
- PROCEDURES:
     SPI1_Init                                 609D       2       2       2   .text       
- VARIABLES:
MODULE:                 -- RSTHal_c.obj --
- PROCEDURES:
     RST_GetResetStatus                        609F       7       7       2   .text       
- VARIABLES:
     gRSTResetStatus                            5CA       1       1       1   .common     
MODULE:                 -- Led_c.obj --
- PROCEDURES:
     LED_Init                                  60A6       C      12       2   .text       
     LED_TurnOffLed                            60B2      19      25       4   .text       
     LED_TurnOffAllLeds                        60CB       7       7       4   .text       
     LED_StartFlash                            60D2      1F      31       8   .text       
     LED_StopFlash                             60F1      16      22       8   .text       
     LED_FlashTimeout                          6107      4E      78       2   .text       
- VARIABLES:
     mLEDTimerID                                300       1       1       3   .data       
     mLedFlashingLEDs                           4CE       1       1       9   .bss        
     mfLedInSerialMode                          5CB       1       1       1   .common     
MODULE:                 -- PWRLib_c.obj --
- PROCEDURES:
     PWRLib_Init                               6155      2B      43       2   .text       
- VARIABLES:
     PWRLib_ICGMode                             4CF       1       1       1   .bss        
     PWRLib_MCU_WakeupReason                     80       1       1       5   MY_ZEROPAGE 
     PWRLib_StackPS                             5CC       1       1       1   .common     
MODULE:                 -- PWR_MC1323x_c.obj --
- PROCEDURES:
     PWR_DisallowDeviceToSleep                 6180       E      14       2   .text       
- VARIABLES:
     mLPMFlag                                   4D0       1       1       1   .bss        
MODULE:                 -- Keyboard_c.obj --
- PROCEDURES:
     KBD_Init                                  618E      23      35       2   .text       
     KBD_KeySwitchPortGet                      61B1       5       5       2   .text       
     KBD_PortGet                               61B6      14      20       2   .text       
     KBD_KeyCheck                              61CA      2A      42       2   .text       
     KBD_MatrixSetRows                         61F4      1A      26      16   .text       
     KBD_MatrixActivateRow                     620E      3C      60       8   .text       
     KBD_MatrixDeactivateRow                   624A      1B      27       2   .text       
     KBD_KeyMatrixGet                          6265      90     144       2   .text       
     KBD_KeyScan                               62F5      86     134       2   .text       
     KBD_FinishScan                            637B       F      15       2   .text       
     Switch_Press_ISR                          4157      27      39       1   NON_BANKED  
- VARIABLES:
     mKeyRowPorts                               301       A      10       6   .data       
     mKeyScanTimerID                            30B       1       1       2   .data       
     mKeyState                                  4D1       1       1       4   .bss        
     mLongKeyCount                              4D2       1       1       3   .bss        
     mSwitch_SCAN                               4D3       2       2       3   .bss        
     mpfKeyFunction                             4D5       3       3       4   .bss        
     pressedKey                                 5CD       1       1       4   .common     
MODULE:                 -- FunctionLib_c.obj --
- PROCEDURES:
     FLib_MemCpy                               638A      1D      29     234   .text       
     FLib_MemCpyDir                            63A7      1E      30       2   .text       
     FLib_MemInPlaceCpy                        63C5      49      73      12   .text       
     FLib_MemCpyReverseOrder                   640E      2B      43      24   .text       
     FLib_MemCmp                               6439      2D      45      40   .text       
     FLib_MemSet                               6466      18      24      38   .text       
     FLib_MemSet16                             647E      23      35       2   .text       
     FLib_AddrModeToLength                     64A1       C      12      32   .text       
     FLib_AddOffsetToPointer                   64AD       8       8      26   .text       
     FLib_ArrayAddArray                        64B5      40      64      24   .text       
     FLib_ArrayAddByte                         64F5      18      24      14   .text       
- VARIABLES:
MODULE:                 -- NV_Data_c.obj --
- PROCEDURES:
- VARIABLES:
     gFreescaleVersionStrings                  FF50      22      34       1   FREESCALE_PROD_DATA
     gHardwareParameters                       FF72      2C      44      10   FREESCALE_PROD_DATA
MODULE:                 -- PlatformInit_c.obj --
- PROCEDURES:
     PlatformPortInit                          650D      2A      42       2   .text       
     Platform_Init                             6537      1C      28       2   .text       
     Init_802_15_4                             6553      30      48       2   .text       
- VARIABLES:
MODULE:                 -- crt0_c.obj --
- PROCEDURES:
     loadByte                                  5711       E      14       5   .init       
     Init                                      571F      40      64       1   .init       
     Copy_Down                                 575F      3F      63       1   .init       
     Finish                                    579E      2B      43       1   .init       
     _Startup                                  57C9      36      54       1   .init       
- VARIABLES:
     _startupData                              2080       C      12       6   .startData  
     pStack                                     E5B       2       2       2   _STARTUP    
     none_volatile_struct                      FFB0      10      16       1   NV_REGISTERS_SECTION
- LABELS:
     __SEG_START_SSTACK                         100       0       0       1               
     __SEG_END_SSTACK                           300       0       0       2               
MODULE:                 -- dummyisr_c.obj --
- PROCEDURES:
     Default_Dummy_ISR                         417E       4       4      22   NON_BANKED  
- VARIABLES:
MODULE:                 -- icg_c.obj --
- PROCEDURES:
     PowerManager_WaitForPowerUp               6583      16      22       2   .text       
- VARIABLES:
MODULE:                 -- isrvectors_c.obj --
- PROCEDURES:
- VARIABLES:
     Reset_vector                              570F       2       2       1   RESET_VECTOR_SECTION
     ISR_vectors                               FFC0      3E      62       1   IRQ_VECTOR_SECTION
MODULE:                 -- PhyISR_c.obj --
- PROCEDURES:
     DummyIsr                                  4182       1       1       2   NON_BANKED  
     PhyPassRxParams                           4183       4       4       5   NON_BANKED  
     PhyISR_SeqCleanup                         4187       F      15       9   NON_BANKED  
     PhyISR_TimeoutCleanup                     4196      13      19       2   NON_BANKED  
     Phy_LqiConvert                            41A9      2F      47       2   NON_BANKED  
     Phy_GetEnergyLevel                        41D8      1E      30       1   NON_BANKED  
     PhyHandlerTx_ISR                          41F6      9A     154       1   NON_BANKED  
     PhyHandlerRx_ISR                          4290      A0     160       1   NON_BANKED  
     PhyHandlerTmr_ISR                         4330      4A      74       1   NON_BANKED  
     PhyHandlerRxWtrmrk_ISR                    437A       9       9       1   NON_BANKED  
- VARIABLES:
     pTimer1Isr                                 30C       3       3       4   .data       
     mpRxParams                                 4D8       2       2       5   .bss        
     mPhyLastRxLQI                              5CE       1       1       1   .common     
MODULE:                 -- PhyPacketProcessor_c.obj --
- PROCEDURES:
     PhyInit                                   4383      71     113       2   NON_BANKED  
     PhyPpSetPromiscuous                       43F4      24      36       2   NON_BANKED  
     PhyAbort                                  4418      41      65       5   NON_BANKED  
     PhyPpSetPanId                             4459       7       7       8   NON_BANKED  
     PhyPpSetShortAddr                         4460       7       7       6   NON_BANKED  
     PhyPpSetLongAddr                          4467      28      40       1   NON_BANKED  
     PhyPpSetMacRole                           448F       8       8       3   NON_BANKED  
     PhyPpSetCcaThreshold                      4497       4       4       2   NON_BANKED  
     PhyPpIsTxAckDataPending                   449B       8       8       1   NON_BANKED  
     PhyPpIsRxAckDataPending                   44A3       8       8       2   NON_BANKED  
     PhyPpIsPollIndication                     44AB       8       8       1   NON_BANKED  
     PhyPp_AddToIndirect                       44B3      7A     122       1   NON_BANKED  
     PhyPp_RemoveFromIndirect                  452D       8       8       2   NON_BANKED  
     PhyGetRandomNo                            4535      9C     156       2   NON_BANKED  
- VARIABLES:
     i                                          5CF       1       1       3   .common     
MODULE:                 -- PhyPlmeData_c.obj --
- PROCEDURES:
     PhyPdDataRequest                          45D1      6A     106       1   NON_BANKED  
     PhyPlmeRxRequest                          463B      2F      47       1   NON_BANKED  
     PhyPlmeCcaEdRequest                       466A      39      57       2   NON_BANKED  
     PhyPlmeSetCurrentChannelRequest           46A3      48      72       2   NON_BANKED  
     PhyPlmeSetPwrLevelRequest                 46EB      35      53       1   NON_BANKED  
- VARIABLES:
     gPhyCurrentChannel                         30F       1       1       1   .data       
     pwrOutIAR10                                310       F      15       1   .data       
     pwrOutIAR11                                31F       F      15       1   .data       
     pwrOutIAR20                                32E       F      15       1   .data       
     pwrOutCtrl                                 33D       F      15       1   .data       
MODULE:                 -- PhyTime_c.obj --
- PROCEDURES:
     PhyTimeSetEventTrigger                    4720       B      11       3   NON_BANKED  
     PhyTimeSetEventTimeout                    472B      15      21       7   NON_BANKED  
     PhyTimeDisableEventTimeout                4740       8       8       6   NON_BANKED  
     PhyTimeReadClock                          4748       E      14      16   NON_BANKED  
- VARIABLES:
MODULE:                 -- MApp_c.obj --
- PROCEDURES:
     MApp_init                                 6599      6B     107       2   .text       
     AppTask                                   6604     183     387      23   .text       
     App_CommRxCallBack                        6787      1B      27       2   .text       
     App_StartScan                             67A2      5F      95      10   .text       
     App_HandleScanEdConfirm                   6801      B7     183      12   .text       
     App_StartCoordinator                      68B8      B6     182      11   .text       
     App_SendAssociateResponse                 696E      A7     167      10   .text       
     App_HandleMlmeInput                       6A15      33      51       2   .text       
     App_HandleMcpsInput                       6A48      B6     182      10   .text       
     App_WaitMsg                               6AFE      10      16       6   .text       
     App_TransmitCommData                      6B0E      D8     216       7   .text       
     App_HandleGenericKey                      6BE6      30      48       2   .text       
     App_HandleKeys                            6C16       5       5       2   .text       
     MLME_NWK_SapHandler                       6C1B      1E      30       8   .text       
     MCPS_NWK_SapHandler                       6C39      1E      30      12   .text       
     ASP_APP_SapHandler                        6C57       6       6       2   .text       
- VARIABLES:
     maShortAddress                            510E       2       2       4   .rodata     
     maPanId                                   5110       2       2       3   .rodata     
     STRING...Press.any.switch.o.2             52DA      40      64       1   .rodata1    
     STRING.Received.an.MLME.Bea.3             531A      2C      44       1   .rodata1    
     STRING...MyWirelessApp.Demo.4             5346      56      86       1   .rodata1    
     STRING.Initiating.the.Energ.5             539C      27      39       1   .rodata1    
     STRING...Starting.as.PAN.co.6             53C3      2C      44       1   .rodata1    
     STRING....7                               53EF       3       3       1   .rodata1    
     STRING.Started.the.coordina.8             53F2      27      39       1   .rodata1    
     STRING...and.short.address..9             5419      17      23       1   .rodata1    
     STRING......Ready.to.send.a.10            5430      4C      76       1   .rodata1    
     STRING.Sending.the.MLME.Sca.11            547C      34      52       1   .rodata1    
     STRING.Done...12                          54B0       7       7       1   .rodata1    
     STRING.Invalid.parameter....13            54B7      15      21       1   .rodata1    
     STRING.Message.allocation.f.14            54CC      1D      29       1   .rodata1    
     STRING.Received.the.MLME.Sc.15            54E9      36      54       1   .rodata1    
     STRING.ED.scan.returned.the.16            551F      2D      45       1   .rodata1    
     STRING.......17                           554C       6       6       1   .rodata1    
     STRING.Based.on.the.ED.scan.18            5552      2C      44       1   .rodata1    
     STRING..was.selected...19                 557E      10      16       1   .rodata1    
     STRING.Sending.the.MLME.Sta.20            558E      35      53       1   .rodata1    
     STRING.Done...21                          55C3       7       7       1   .rodata1    
     STRING.Invalid.parameter....22            55CA      15      21       1   .rodata1    
     STRING.Message.allocation.f.23            55DF      1D      29       1   .rodata1    
     STRING.Sending.the.MLME.Ass.24            55FC      3A      58       1   .rodata1    
     STRING.Done...25                          5636       7       7       1   .rodata1    
     STRING.Invalid.parameter....26            563D      15      21       1   .rodata1    
     STRING.Message.allocation.f.27            5652      1D      29       1   .rodata1    
     STRING.Received.an.MLME.Ass.28            566F      35      53       1   .rodata1    
     STRING.Received.an.MLME.Com.29            56A4      37      55       1   .rodata1    
     STRING.Counter..30                        56DB       9       9       1   .rodata1    
     STRING.Source.Addres...0x.31              56E4      13      19       1   .rodata1    
     STRING....32                              56F7       3       3       1   .rodata1    
     STRING.Link.Quality...0x.33               56FA      12      18       1   .rodata1    
     STRING....34                              570C       3       3       1   .rodata1    
     keysReceived.68                            4DA       1       1       6   .bss        
     mLogicalChannel                            4DB       1       1       5   .bss        
     maDeviceShortAddress                       4DC       2       2       2   .bss        
     maDeviceLongAddress                        4DE       8       8       1   .bss        
     mpPacket                                   4E6       2       2      10   .bss        
     mMsduHandle                                4E8       1       1       2   .bss        
     mcPendingPackets                           4E9       1       1       5   .bss        
     mMlmeNwkInputQueue                         4EA       4       4       4   .bss        
     mMcpsNwkInputQueue                         4EE       4       4       4   .bss        
     keysBuffer.67                              4F2      20      32       3   .bss        
     gState                                     5D0       1       1       7   .common     
MODULE:                 -- MApp_init_c.obj --
- PROCEDURES:
     main                                      6C5D      42      66       2   .text       
     IdleTask                                  6C9F       1       1       2   .text       
     Init_MacExtendedAddress                   6CA0      38      56       2   .text       
     BeeAppAssert                              6CD8       8       8       2   .text       
- VARIABLES:
     gAppTaskID_c                               5D1       1       1      10   .common     
MODULE:                 -- MacInit_c.obj --
- PROCEDURES:
     MacInit                                   6CE0       5       5       2   .text       
     TS_PlaceHolderTaskInit                    6CE5       1       1       2   .text       
     MacTaskInit                               6CE6      6B     107       2   .text       
- VARIABLES:
     MacTaskTable                              5112       9       9       6   .rodata     
     gMacTaskID_c                               5D2       1       1      23   .common     
MODULE:                 -- GlobalVars_c.obj --
- PROCEDURES:
     MM_InitMsgTracking                        6D51       1       1       2   .text       
     MM_AddMsgToTrackingArray                  6D52       1       1       2   .text       
     MM_UpdateMsgTracking                      6D53       2       2       6   .text       
- VARIABLES:
     poolInfo                                  511B       9       9       1   .rodata     
     gNumKeyTableEntries                       5124       1       1       5   .rodata     
     gNumKeyIdLookupEntries                    5125       1       1       3   .rodata     
     gNumKeyDeviceListEntries                  5126       1       1       3   .rodata     
     gNumKeyUsageListEntries                   5127       1       1       3   .rodata     
     gNumDeviceTableEntries                    5128       1       1       3   .rodata     
     gNumSecurityLevelTableEntries             5129       1       1       3   .rodata     
     pLastPool                                  34C       2       2       4   .data       
     pSecondLastPool                            34E       2       2       5   .data       
     maMacHeap                                  5D3     442    1090       1   .common     
     maMmPools                                  A15      12      18       4   .common     
     gPIBKeyTable                               A27      32      50       1   .common     
     gPIBKeyIdLookupDescriptorTable             A59      28      40       2   .common     
     gPIBKeyDeviceDescriptorTable               A81       C      12       2   .common     
     gPIBKeyUsageDescriptorTable                A8D       8       8       2   .common     
     gPIBDeviceTable                            A95      22      34       1   .common     
     gPIBSecurityLevelTable                     AB7       8       8       1   .common     
MODULE:                 -- rtshc08.o (ansibim.lib) --
- PROCEDURES:
     _PUSH_ARGS_L                              4756      20      32       2   NON_BANKED  
     _ENTER_UNARY_L                            4776      29      41       3   NON_BANKED  
     _ENTER_BINARY_L                           479F      16      22       3   NON_BANKED  
     _ENTER_BINARY_L_RC                        47B5      19      25       5   NON_BANKED  
     _LADD_k_is_k_plus_j                       47CE      1F      31       2   NON_BANKED  
     _k_is_k_plus_j_l                          47ED      1E      30       2   NON_BANKED  
     _k_is_k_plus_j_i                          480B      12      18       3   NON_BANKED  
     _LSUB_k_is_k_minus_j                      481D      1F      31       1   NON_BANKED  
     _LAND_k_is_k_and_j                        483C      1F      31       1   NON_BANKED  
     _LMUL_k_is_k_mul_j                        485B      81     129       1   NON_BANKED  
     _LDIVMOD                                  48DC      A4     164       1   NON_BANKED  
     _LDIVU_k_is_k_div_j                       4980      17      23       1   NON_BANKED  
     _LCMP_k_rel_j                             4997      1F      31       2   NON_BANKED  
     _CMP24_k_rel_j                            49B6      1E      30       2   NON_BANKED  
     _IMUL_STAR08                              49D4      27      39       8   NON_BANKED  
     _ILSR                                     49FB       C      12       1   NON_BANKED  
     _ILSL                                     4A07       C      12       3   NON_BANKED  
     _LINC                                     4A13      16      22       2   NON_BANKED  
     _LADD                                     4A29       6       6       2   NON_BANKED  
     _LADD_RC                                  4A2F       6       6      12   NON_BANKED  
     _LSUB                                     4A35       6       6       1   NON_BANKED  
     _LAND_RC                                  4A3B       6       6       1   NON_BANKED  
     _LMUL_RC                                  4A41       6       6       2   NON_BANKED  
     _LDIVU_RC                                 4A47       6       6       1   NON_BANKED  
     _LLSR                                     4A4D      16      22       1   NON_BANKED  
     _LLSL                                     4A63      16      22      18   NON_BANKED  
     _LCMP                                     4A79       6       6      15   NON_BANKED  
     _LCMP_RC                                  4A7F       6       6       4   NON_BANKED  
     _PUSH_ARGS_24                             4A85      18      24       2   NON_BANKED  
     _ENTER_BINARY_24_RC                       4A9D      18      24       1   NON_BANKED  
     _ENTER_BINARY_24                          4AB5      15      21       1   NON_BANKED  
     _CMP24                                    4ACA       5       5       1   NON_BANKED  
     _CMP24_RC                                 4ACF       5       5      26   NON_BANKED  
     _COPY_L                                   4AD4      39      57       1   NON_BANKED  
     _POP32                                    4B0D      1A      26      17   NON_BANKED  
     _SEXT8_32                                 4B27      10      16       3   NON_BANKED  
     _SEXT16_32                                4B37       D      13      12   NON_BANKED  
     _CALL_STAR08_FAR                          4B44      2A      42      30   NON_BANKED  
     _Jump_Table_Header_Offset                 4B6E      24      36       3   NON_BANKED  
     _Search_Table_16_Offset                   4B92      39      57       1   NON_BANKED  
     _PUSH_CC                                  4BCB       F      15      81   NON_BANKED  
     _POP_CC                                   4BDA       F      15      81   NON_BANKED  
- VARIABLES:
MODULE:                 -- PhyMacMsg_c.obj (802.15.4_MAC2006_FFD_S08MC1323x.Lib) --
- PROCEDURES:
     MM_Init                                   6D55      8E     142       2   .text       
     List_ClearAnchor                          6DE3       4       4      26   .text       
     List_AddTail                              6DE7      45      69      24   .text       
     List_AddHead                              6E2C      3F      63      14   .text       
     List_RemoveHead                           6E6B      2B      43      24   .text       
     List_Remove                               6E96      53      83       8   .text       
     List_GetFirst                             6EE9      1B      27      16   .text       
     List_GetNext                              6F04      20      32      10   .text       
     MM_AddToPool                              6F24      20      32       2   .text       
     MM_AllocPool                              6F44      4A      74       2   .text       
     MM_Alloc                                  6F8E       8       8      46   .text       
     MM_Free                                   6F96      5B      91     102   .text       
     MM_AllocFast                              6FF1      58      88       8   .text       
     MM_SetPrivatePool                         7049      13      19       8   .text       
- VARIABLES:
     gFreeMessagesCount                         ABF       1       1       7   .common     
MODULE:                 -- SmApi_c.obj (802.15.4_MAC2006_FFD_S08MC1323x.Lib) --
- PROCEDURES:
     SmApi_UndefState                          705C       1       1       6   .text       
- VARIABLES:
MODULE:                 -- SecurityLib_c.obj (802.15.4_MAC2006_FFD_S08MC1323x.Lib) --
- PROCEDURES:
     CCM_XorN                                  705D      1E      30       6   .text       
     CCM_CreateAB0                             707B      24      36       6   .text       
     CCM_GetBlockLength                        709F       7       7       4   .text       
     SecLib_CcmStar                            70A6     273     627      11   .text       
- VARIABLES:
MODULE:                 -- SecurityApply_c.obj (802.15.4_MAC2006_FFD_S08MC1323x.Lib) --
- PROCEDURES:
     Sec_TraverseBeacon                        7319      2E      46       2   .text       
     Sec_LookupKeyDescriptor                   7347     10F     271      10   .text       
     Sec_BeaconRetrieveKeyTxFrame              7456      EF     239       3   .text       
     Sec_RetrieveKeyTxFrame                    7545     12A     298       3   .text       
     Sec_DetermineNonPayloadLen                766F      2B      43       4   .text       
     Sec_SecureTxFrame                         769A     18C     396      11   .text       
     Sec_CreateSecurityHeader                  7826      9D     157       6   .text       
     Sec_UnsecureRxFrame                       78C3     270     624      10   .text       
     Sec_RetrieveRxSecurityMaterial            7B33     216     534      10   .text       
     Sec_CheckRxSecurityLevel                  7D49     110     272       6   .text       
     Sec_SecurityLevelCompare                  7E59      2D      45       4   .text       
     Sec_CheckRxKeyPolicy                      7E86      A3     163       4   .text       
     Sec_LookupDeviceDescriptor                7F29      47      71       2   .text       
     Sec_CheckBlackList                        C000      D5     213       4   APP_CODE_2_0
     Sec_ParseAuxiliarySecurityHeader          C0D5      97     151       6   APP_CODE_2_0
     Sec_DetermineAddressFieldLen              C16C      50      80       4   APP_CODE_2_0
     Sec_DetermineAuxLenHelpFunc               C1BC      32      50       2   APP_CODE_2_0
     Sec_DetermineAuxLen                       C1EE      20      32       6   APP_CODE_2_0
- VARIABLES:
MODULE:                 -- PacketManager_c.obj (802.15.4_MAC2006_FFD_S08MC1323x.Lib) --
- PROCEDURES:
     MacTimerHandler                           C20E       B      11       4   APP_CODE_2_0
     PacMan_CheckExpiredPackets                C219      88     136       2   APP_CODE_2_0
     PacMac_Init                               C2A1      26      38       2   APP_CODE_2_0
     PacMan_SetDirectRouteFlag                 C2C7      86     134       2   APP_CODE_2_0
     PacMan_AddToDirectQueue                   C34D      22      34       2   APP_CODE_2_0
     PacMan_AddToDirectQueueHead               C36F      34      52      18   APP_CODE_2_0
     PacMan_GetFromDirectQueue                 C3A3      1D      29       6   APP_CODE_2_0
     PacMan_IsDirectDataPending                C3C0       B      11       2   APP_CODE_2_0
     PacMan_GetFromIndirectBroadcastQueue       C3CB      2C      44       2   APP_CODE_2_0
     PacMan_AddToIndirectBroadcastQueue        C3F7      14      20       4   APP_CODE_2_0
     PacMan_AddToIndirectBroadcastQueueHead       C40B      14      20       2   APP_CODE_2_0
     PacMan_IsEmptyBroadcastQueue              C41F      12      18       2   APP_CODE_2_0
     PacMan_GetFromIndirectQueue               C431      CA     202       4   APP_CODE_2_0
     PacMan_AddToIndirectQueue                 C4FB      F6     246       2   APP_CODE_2_0
     PacMan_AddToIndirectQueueHead             C5F1      97     151       4   APP_CODE_2_0
     PacMan_PurgeAfterSeqAction                C688      45      69       6   APP_CODE_2_0
     PacMan_Purge                              C6CD      38      56       2   APP_CODE_2_0
     AddTransactionExpireTimeToPacket          C705      D4     212       2   APP_CODE_2_0
     PacMan_PurgeFromQueue                     C7D9     17A     378      12   APP_CODE_2_0
     PacMan_CheckForExpired                    C953      94     148       4   APP_CODE_2_0
     PacMan_ExpirePacket                       C9E7      D2     210       6   APP_CODE_2_0
     PacManToPp_AddToIndirect                  CAB9      63      99       4   APP_CODE_2_0
     PacManToPp_RemoveFromIndirect             CB1C      3E      62       6   APP_CODE_2_0
     PacManToPp_ClearHwIndirect                CB5A      18      24       2   APP_CODE_2_0
- VARIABLES:
     mPacManDirectPackets_D2C                   AC0       4       4       6   .common     
     mPacManDirectPackets_C2D                   AC4       4       4       5   .common     
     mPacManIndirectPackets                     AC8       4       4      14   .common     
     mPacManIndirectBroadcastPkts               ACC       4       4       6   .common     
     mPacManGuardPacket                         AD0       1       1       9   .common     
     gpPacketToPurge                            AD1       2       2       4   .common     
     mPpIndirectQueueAddr                       AD3      18      24       9   .common     
MODULE:                 -- PacketLib_c.obj (802.15.4_MAC2006_FFD_S08MC1323x.Lib) --
- PROCEDURES:
     PacLib_IsCoordRealignOnOrphan             CB72      63      99       2   APP_CODE_2_0
     PacLib_IsGtsRequest                       CBD5      65     101       2   APP_CODE_2_0
     PacLib_CreateZeroLengthDataPacket         CC3A     10E     270       3   APP_CODE_2_0
     PacLib_CreatePollPacket                   CD48     154     340       9   APP_CODE_2_0
     PacLib_CreateBeaconPacket                 CE9C     207     519       7   APP_CODE_2_0
- VARIABLES:
MODULE:                 -- MacPib_c.obj (802.15.4_MAC2006_FFD_S08MC1323x.Lib) --
- PROCEDURES:
     MPIB_Init                                 D0A3     1F4     500       3   APP_CODE_2_0
     MPIB_GetPointer                           D297     27E     638      16   APP_CODE_2_0
     FLib_ArrayAddPibAttribute                 D515      20      32      20   APP_CODE_2_0
- VARIABLES:
     gMacPibOffsetTable                        512A      21      33       2   .rodata     
     gMacPibSecurity2006OffsetTable            514B      1E      30       2   .rodata     
     gMacPibSecCrtEntriesOffsetTable           5169       E      14       2   .rodata     
     gMacPibKeyDescriptorOffsetTable           5177       8       8       2   .rodata     
     gMacPibKeyIdLookupDescriptorOffsetTable       517F       3       3       2   .rodata     
     gMacKeyDeviceDescriptorOffsetTable        5182       4       4       2   .rodata     
     gMacKeyUsageDescriptorOffsetTable         5186       3       3       2   .rodata     
     gMacDeviceDescriptorOffsetTable           5189       6       6       2   .rodata     
     gMacSecurityLevelDescriptorOffsetTable       518F       5       5       2   .rodata     
     gMacVendorPibOffsetTable                  5194      14      20       2   .rodata     
     gMacPib                                    AEB      9B     155     391   .common     
MODULE:                 -- MacConst_c.obj (802.15.4_MAC2006_FFD_S08MC1323x.Lib) --
- PROCEDURES:
- VARIABLES:
     aExtendedAddress                           B86       8       8      17   .common     
MODULE:                 -- ClockManager_c.obj (802.15.4_MAC2006_FFD_S08MC1323x.Lib) --
- PROCEDURES:
     CM_InitOnStartup                          D535      23      35       2   APP_CODE_2_0
     CM_TimingIsVeryCritical                   D558       C      12      10   APP_CODE_2_0
     CM_TimingIsCritical                       D564       C      12       6   APP_CODE_2_0
     CM_MoveTimeToBackoff24                    D570      3E      62       8   APP_CODE_2_0
     CM_GetRandomBackoff                       D5AE      34      52       4   APP_CODE_2_0
     CM_ResetClock                             D5E2      15      21      20   APP_CODE_2_0
     CM_ResetClockRel                          D5F7      45      69       4   APP_CODE_2_0
     CM_SetNextClockBoundary                   D63C      10      16      46   APP_CODE_2_0
     CM_SetCurClock                            D64C      33      51      24   APP_CODE_2_0
- VARIABLES:
     mCMBackoff                                 350       1       1       3   .data       
     mCM_ClockOffset                            512       4       4      40   .bss        
     mCM_CurrentClock                           516       4       4      45   .bss        
     mCM_CurrentClockAbs                        51A       4       4      16   .bss        
     mCM_TimeNeededInNextCAP                    51E       2       2      19   .bss        
     mCM_WaitTime                               520       2       2      12   .bss        
     aMinSetupTime_s                            B8E       1       1      17   .common     
     aMinSetupTimeCritical_s                    B8F       1       1       2   .common     
     aMinSetupTimeVeryCritical_s                B90       1       1       2   .common     
     mCM_DelayUntilNextAction                   B91       1       1       9   .common     
     mCM_NextClockBoundary                      B92       4       4      51   .common     
     mCM_BleEndTime                             B96       4       4      13   .common     
     CM_RandomBackoff                           B9A       2       2       4   .common     
     mEnableCriticalTiming                      B9C       1       1       5   .common     
MODULE:                 -- AsmDriver_c.obj (802.15.4_MAC2006_FFD_S08MC1323x.Lib) --
- PROCEDURES:
     Asm_Init                                  D67F      3C      60       2   APP_CODE_2_0
     Asm_AesEncryptDecrypt                     D6BB      22      34       8   APP_CODE_2_0
     Asm_Ccm                                   D6DD     148     328       4   APP_CODE_2_0
- VARIABLES:
MODULE:                 -- MacSeqMC1323X_c.obj (802.15.4_MAC2006_FFD_S08MC1323x.Lib) --
- PROCEDURES:
     ResetSequencer                            D825      2A      42       6   APP_CODE_2_0
     MacSeqInit                                D84F       A      10       2   APP_CODE_2_0
     SeqErrorStateLower                        D859       1       1       2   APP_CODE_2_0
     IsCurrentActionAutoRx                     4BE9       D      13       3   NON_BANKED  
     IsCurrentActionExtRx                      4BF6       D      13       1   NON_BANKED  
     SeqPassCompleteToMem                      4C03      12      18       8   NON_BANKED  
     SeqIsrCompletedInErrorState               4C15      38      56       2   NON_BANKED  
     SeqGenerateError                          4C4D       D      13       2   NON_BANKED  
     SeqSendActionCompleteToMem                4C5A      64     100       2   NON_BANKED  
     SeqInjectEventToSubComponent              4CBE      52      82       8   NON_BANKED  
     SeqFinishActionReq                        4D10      50      80       1   NON_BANKED  
     SeqActionReq                              4D60      1A      26       1   NON_BANKED  
     PhyPdDataConfirm                          4D7A      1B      27       2   NON_BANKED  
     PhyPdDataIndication                       4D95      12      18       1   NON_BANKED  
     PhyPlmeCcaConfirm                         4DA7      2C      44       3   NON_BANKED  
     PhyPlmeEdConfirm                          4DD3       A      10       1   NON_BANKED  
     PhyPlmeSyncLossIndication                 4DDD      26      38       4   NON_BANKED  
     PhyTimeRxTimeoutIndication                4E03      5B      91       6   NON_BANKED  
     PhyTimeStartEventIndication               4E5E       5       5       1   NON_BANKED  
- VARIABLES:
     pCurrentSeqAction                          B9D       2       2      55   .common     
     mpPendingSeqMemCompletion                  B9F       1       1       5   .common     
     mSeqSubComponentStateMachine               BA0       4       4      71   .common     
     mBufferedError                             BA4       1       1       3   .common     
     mpSeqRxData                                BA5       2       2      38   .common     
     mMacRxMask                                 BA7       1       1       4   .common     
     gSeqInErrorState                           BA8       1       1       1   .common     
     gSeqGotDataIndication                      BA9       1       1       5   .common     
     gPendingSeqMemActionFinished               BAA       1       1       4   .common     
MODULE:                 -- SeqRxMC1323X_c.obj (802.15.4_MAC2006_FFD_S08MC1323x.Lib) --
- PROCEDURES:
     SeqWaitRxBuffer                           D85A      57      87       4   APP_CODE_2_0
     SeqWaitRxConfirm                          D8B1      F6     246      13   APP_CODE_2_0
     SeqWaitTimeout                            D9A7      1C      28       4   APP_CODE_2_0
     SeqWaitEdConfirm                          D9C3      1B      27       2   APP_CODE_2_0
     ContinueOrCompleteRx                      4E63      25      37       1   NON_BANKED  
     RestartRxOrTimeout                        4E88      22      34       3   NON_BANKED  
     RestartRx                                 4EAA      5F      95       2   NON_BANKED  
     SeqMacRxFilter                            4F09      BF     191       4   NON_BANKED  
     SeqPanIdConflictDetected                  4FC8       D      13       1   NON_BANKED  
     SeqRx_PhyPlmeRxRequest                    4FD5      1F      31       6   NON_BANKED  
- VARIABLES:
     frmCtrlTable                              51A8      10      16       3   .rodata     
     gPollAckFPstate                            522       1       1       2   .bss        
     mCurrentClock                              523       4       4       3   .bss        
     dstsrc                                     527       1       1       1   .bss        
     dst                                        528       1       1       2   .bss        
     src                                        529       1       1       1   .bss        
     frameControlLow                            52A       1       1       3   .bss        
     mDstLen                                    52B       1       1       3   .bss        
     mSrcLen                                    52C       1       1       5   .bss        
     mFrameType                                 52D       1       1       3   .bss        
     gRxTimeStamp24                             BAB       4       4       5   .common     
     gRxTimeStamp                               BAF       2       2       1   .common     
     mPhyRxParams                               BB1       5       5       2   .common     
     seqToPhySavedRxPtr                         BB6       2       2       2   .common     
MODULE:                 -- SeqSubMainMC1323X_c.obj (802.15.4_MAC2006_FFD_S08MC1323x.Lib) --
- PROCEDURES:
     SeqSubCompIdleState                       D9DE     129     297      43   APP_CODE_2_0
- VARIABLES:
     cccaSetPending                             52E       1       1       4   .bss        
     gCurrentPALevel                            BB8       1       1       1   .common     
     gpaPowerLevelLimits                        BB9       2       2       1   .common     
MODULE:                 -- SeqTxMC1323X_c.obj (802.15.4_MAC2006_FFD_S08MC1323x.Lib) --
- PROCEDURES:
     SeqWaitTxConfirm                          DB07     200     512      21   APP_CODE_2_0
     SetupTxCompleteClock                      4FF4      B8     184       2   NON_BANKED  
     SeqTx_PhyPdDataReq                        50AC      62      98       3   NON_BANKED  
- VARIABLES:
     seqToPhySavedTxPtr                         BBB       2       2       8   .common     
     gLowLatencyTX                              BBD       1       1       5   .common     
     completeCCAClock                           BBE       4       4       3   .common     
     startCcca                                  BC2       4       4       4   .common     
     endCcca                                    BC6       4       4       2   .common     
     difCcca                                    BCA       4       4       2   .common     
     msduHandleLenSwap                          BCE       1       1      12   .common     
     mRxOnTxParams                              BCF       5       5       1   .common     
MODULE:                 -- MlmeStart_c.obj (802.15.4_MAC2006_FFD_S08MC1323x.Lib) --
- PROCEDURES:
     MlmeStart_Init                            DD07      E7     231       4   APP_CODE_2_0
     MlmeStart_Finish                          DDEE      1B      27       6   APP_CODE_2_0
     MlmeStartWaitTxResult                     DE09      48      72       2   APP_CODE_2_0
- VARIABLES:
     gBeaconSecurityLevel                       BD4       1       1       8   .common     
     gBeaconKeyIdMode                           BD5       1       1       3   .common     
     gBeaconKeySource                           BD6       8       8       3   .common     
     gBeaconKeyIndex                            BDE       1       1       2   .common     
MODULE:                 -- MlmeScan_c.obj (802.15.4_MAC2006_FFD_S08MC1323x.Lib) --
- PROCEDURES:
     MlmeScan_InitScan                         DE51     11B     283       2   APP_CODE_2_0
     MlmeScan_StartScan                        DF6C      DD     221      13   APP_CODE_2_0
     MlmeScan_ProcessBeacon                    E049     14D     333       7   APP_CODE_2_0
     MlmeScan_StoreOrphanResult                E196      44      68       2   APP_CODE_2_0
     MlmeEdScan                                E1DA      71     113       2   APP_CODE_2_0
     MlmeActivePassiveScan                     E24B      C2     194       7   APP_CODE_2_0
     MlmeOrphanScan                            E30D      8E     142       2   APP_CODE_2_0
     MlmeScan_SendErrConfirm                   E39B      29      41       6   APP_CODE_2_0
- VARIABLES:
     mScanChannels                              52F       3       3       7   .bss        
     mChannelMask                               532       1       1      10   .bss        
     mCurrentMask                               533       1       1       7   .bss        
     mScanDuration                              534       1       1       5   .bss        
     mScanChannel                               535       1       1       2   .bss        
     mScanType                                  536       1       1       9   .bss        
     mPanIdBackup                               537       2       2       5   .bss        
     mResultListSize                            539       1       1      10   .bss        
     mpScanResults                              53A       2       2      14   .bss        
     mResultsForCurrentBlock                    53C       1       1       5   .bss        
     mpDescriptorsBlock                         53D       2       2       5   .bss        
     mScanSecurityLevel                         53F       1       1       2   .bss        
     mScanKeyIdMode                             540       1       1       2   .bss        
     mScanKeySource                             541       8       8       2   .bss        
     mScanKeyIndex                              549       1       1       2   .bss        
     gMlmeScan_CheckBeacon                      BDF       1       1       8   .common     
     gMlmeScan_CurrentChannel                   BE0       1       1      10   .common     
     gMlmeScan_FastEd                           BE1       1       1       4   .common     
MODULE:                 -- MlmePanIdConflict_c.obj (802.15.4_MAC2006_FFD_S08MC1323x.Lib) --
- PROCEDURES:
     MlmePanIdConflictDetected                 E3C4      26      38       2   APP_CODE_2_0
- VARIABLES:
MODULE:                 -- MlmeInputHandler_c.obj (802.15.4_MAC2006_FFD_S08MC1323x.Lib) --
- PROCEDURES:
     MlmeIh_Init                               E3EA       E      14       2   APP_CODE_2_0
     MlmeIh_ReuseNwkMsgForMem                  E3F8       D      13       2   APP_CODE_2_0
     MlmeIh_ReuseMemMsgForNwk                  E405       D      13      16   APP_CODE_2_0
     MlmeIh_ParseFrameHeader                   E412      D6     214      18   APP_CODE_2_0
     MlmeIh_ParseCommandFrame                  E4E8     101     257       5   APP_CODE_2_0
     MlmeIh_ProcessBeaconFrame                 E5E9     1F7     503       7   APP_CODE_2_0
     MlmeIh_ProcessPendingAddressList          E7E0      AF     175       2   APP_CODE_2_0
     MlmeIh_BuildPanDescriptor                 E88F     105     261       2   APP_CODE_2_0
     MlmeIh_ProcessPurgeRequest                E994      2F      47       2   APP_CODE_2_0
     MlmeIh_ProcessMemTxCnf                    E9C3      8D     141       2   APP_CODE_2_0
     MlmeIh_ProcessRemoteDataRequest           EA50      97     151       2   APP_CODE_2_0
     MlmeIh_ProcessPollConfirm                 EAE7     1B8     440       5   APP_CODE_2_0
     MlmeIh_ProcessBeaconRequest               EC9F      4B      75       2   APP_CODE_2_0
     MlmeIh_PreProcessMemMessage               ECEA      D5     213       4   APP_CODE_2_0
- VARIABLES:
     hdrOffset                                 51B8       4       4       1   .rodata     
     remoteFrameDescOffsets                    51BC       9       9       1   .rodata     
     remoteFrameDesc                           51C5       D      13       1   .rodata     
     mpMlmeIhPendingNwkMsg                      BE2       2       2      46   .common     
     mpMlmeIhPendingMemMsg                      BE4       2       2      64   .common     
     gMlmeCurrentMacFrameHeader                 BE6      20      32      26   .common     
     gAutoPollAllowed                           C06       1       1       7   .common     
MODULE:                 -- MlmeMain_c.obj (802.15.4_MAC2006_FFD_S08MC1323x.Lib) --
- PROCEDURES:
     Mlme_Init                                 EDBF      6D     109       2   APP_CODE_2_0
     NWK_MLME_SapHandler                       EE2C      88     136      10   APP_CODE_2_0
     MEM_MLME_SapHandler                       EEB4      20      32      28   APP_CODE_2_0
     NWK_MCPS_SapHandler                       EED4      6F     111       2   APP_CODE_2_0
     Mlme_Main                                 EF43     170     368       2   APP_CODE_2_0
     Mlme_FreeSendPendingMsg                   F0B3      3E      62      22   APP_CODE_2_0
     Mlme_CreateAndSendCommStatusOnRxPacket       F0F1      D7     215       2   APP_CODE_2_0
     MlmeSm_ErroneousInput                     F1C8      24      36       6   APP_CODE_2_0
     Mlme_Reset                                F1EC      31      49       2   APP_CODE_2_0
     Mlme_HandleSetGetReq                      F21D      D4     212       4   APP_CODE_2_0
     Mlme_VerifyNwkInput                       F2F1     407    1031      36   APP_CODE_2_0
     Mlme_CheckPibAttributes                   F6F8     2E7     743      27   APP_CODE_2_0
     MacRxTxTimerCallBack                      F9DF      6A     106       2   APP_CODE_2_0
- VARIABLES:
     mPibAttributesRangeTable                  51D2      63      99       3   .rodata     
     gMacReadOnlyPibs                          5235      12      18       1   .rodata     
     gMacTimerID                                351       1       1       8   .data       
     gSequencerTimerID                          352       1       1       2   .data       
     gMacRxTxPacketTimerID                      353       1       1       4   .data       
     gRxTxPacketCnt                             54A       1       1       7   .bss        
     gExpiryTimeNextService                     54B       2       2      14   .bss        
     gExpiryTimeCurCnt                          54D       2       2      15   .bss        
     gRxSecurityFailure                         C07       1       1       3   .common     
     gCurrentRxTxPacketCnt                      C08       1       1       2   .common     
     mMemMlmeInputQueue                         C09       4       4       6   .common     
     mNwkMlmeInputQueue                         C0D       4       4       6   .common     
     mNwkMcpsInputQueue                         C11       4       4       5   .common     
MODULE:                 -- MlmeOutputHandler_c.obj (802.15.4_MAC2006_FFD_S08MC1323x.Lib) --
- PROCEDURES:
     MlmeOh_Init                               FA49       9       9       2   APP_CODE_2_0
     MlmeOh_NwkMsg                             FA52      14      20      40   APP_CODE_2_0
     MlmeOh_MemMsg                             FA66      14      20      16   APP_CODE_2_0
     MlmeOh_SendNwk                            FA7A       F      15       2   APP_CODE_2_0
     MlmeOh_SendMem                            FA89       F      15       4   APP_CODE_2_0
     MlmeOh_SendMsgToMem                       FA98      C8     200      16   APP_CODE_2_0
     MlmeOh_CreateCommandFrameMessage          FB60      B0     176      17   APP_CODE_2_0
     MlmeOh_CreateCommandFrame                 8000     3C5     965      22   PPAGE_0_1   
- VARIABLES:
     mBroadCastAddr                            5247       2       2       9   .rodata     
     maRuleTable                               5249      14      20       1   .rodata     
     mCmdFrameDescs                            525D      79     121       2   .rodata     
     mpMlmeOhPendingNwkMsg                      C15       2       2      83   .common     
     mpMlmeOhPendingMemMsg                      C17       2       2      17   .common     
MODULE:                 -- MlmeSm_c.obj (802.15.4_MAC2006_FFD_S08MC1323x.Lib) --
- PROCEDURES:
     MlmeSm_Init                               83C5      11      17       2   PPAGE_0_1   
     MlmeOrphan_SendNotification               83D6      58      88       2   PPAGE_0_1   
     MlmeSm_CreateCommStatusIndication         842E      9F     159       5   PPAGE_0_1   
     MlmeSm_CreateSyncLossIndication           84CD      73     115       6   PPAGE_0_1   
     MlmeSm_HandleSyncLoss                     8540      2A      42       2   PPAGE_0_1   
     MlmeSm_HandleMemTxCnf                     856A     119     281      11   PPAGE_0_1   
     MlmeSmIdle                                8683     3EC    1004      72   PPAGE_0_1   
     MlmeSm_DisassociateRemovePANref           8A6F      1D      29       4   PPAGE_0_1   
- VARIABLES:
     gMlmeSm                                    354       4       4      62   .data       
     txCoordRealigCmdFlag                       54F       1       1       5   .bss        
     startCurrentChannel                        C19       1       1       2   .common     
     startCrtMacPanId                           C1A       2       2       4   .common     
MODULE:                 -- MlmeGts_c.obj (802.15.4_MAC2006_FFD_S08MC1323x.Lib) --
- PROCEDURES:
     MlmeGts_SendRequest                       8A8C      6C     108       2   PPAGE_0_1   
     MlmeGts_ProcessPendingRequest             8AF8      8E     142       2   PPAGE_0_1   
     MlmeGts_CompleteHandler                   8B86      29      41       8   PPAGE_0_1   
     MlmeGts_SendConfirm                       8BAF      21      33       6   PPAGE_0_1   
     gtsForcedDelete                           8BD0      5B      91       2   PPAGE_0_1   
     MlmeGts_ProcessRxBeaconGtsData            8C2B     13B     315       6   PPAGE_0_1   
     MlmeGts_ProcessRemoteRequest              8D66      76     118       2   PPAGE_0_1   
     gtsExpireSlot                             8DDC      88     136       2   PPAGE_0_1   
     gtsAddToBack                              8E64      37      55       4   PPAGE_0_1   
     gtsGetStartSlot                           8E9B      61      97       2   PPAGE_0_1   
     MlmeGts_GenerateGtsData                   8EFC      D7     215       6   PPAGE_0_1   
     MlmeGts_init                              8FD3      34      52       4   PPAGE_0_1   
     gtsSendIndication                         9007      73     115      10   PPAGE_0_1   
     MlmeGts_GuardedActionHandler              907A      50      80       2   PPAGE_0_1   
     MlmeGts_CheckValidGts                     90CA      F8     248       8   PPAGE_0_1   
     MlmeGts_QueueGtsFrame                     91C2      14      20       2   PPAGE_0_1   
     MlmeGts_Reset                             91D6      21      33       4   PPAGE_0_1   
     gtsFlushAnchor                            91F7      25      37       6   PPAGE_0_1   
     gtsAllocateSlot                           921C      68     104       4   PPAGE_0_1   
     gtsReallocateSlot                         9284      45      69       2   PPAGE_0_1   
     gtsDeallocateSlot                         92C9      76     118       8   PPAGE_0_1   
     gtsAlignSlots                             933F     109     265      11   PPAGE_0_1   
     gtsCalculateSlotTiming                    9448     1BE     446       7   PPAGE_0_1   
     gtsCalculateSlotExpiration                9606      1E      30       4   PPAGE_0_1   
     MemGts_GetNextSlot                        9624      FC     252       3   PPAGE_0_1   
- VARIABLES:
     gLastCapSlot                               C1C       1       1      10   .common     
     gMlmeGtsAllocRequestSent                   C1D       1       1       8   .common     
     gMlmeGtsBeaconsRemaining                   C1E       1       1       4   .common     
     gMlmeGtsRequestedCharacteristics           C1F       1       1      10   .common     
     gMlmeGtsSecurityLevel                      C20       1       1       2   .common     
     gMlmeGtsKeyIdMode                          C21       1       1       2   .common     
     gMlmeGtsKeySource                          C22       8       8       2   .common     
     gMlmeGtsKeyIndex                           C2A       1       1       2   .common     
     gGtsData                                   C2B      17      23       4   .common     
     gGtsLen                                    C42       1       1       5   .common     
     gGtsInfoArray                              C43      8C     140      27   .common     
     gGtsGuardedAction                          CCF       1       1      13   .common     
     gUpdateGtsData                             CD0       1       1       4   .common     
     pGtsAnchor                                 CD1       2       2       3   .common     
     gMlmeGtsAccess                             CD3       1       1      16   .common     
     gMemGtsAccess                              CD4       1       1      12   .common     
MODULE:                 -- MlmeAssociate_c.obj (802.15.4_MAC2006_FFD_S08MC1323x.Lib) --
- PROCEDURES:
     MlmeAssociate_SendRequest                 9720      C6     198       2   PPAGE_0_1   
     MlmeAssociate_SendPollRequest             97E6      2A      42       2   PPAGE_0_1   
     MlmeAssociate_SendIndication              9810      6F     111       2   PPAGE_0_1   
     MlmeAssociate_SendConfirm                 987F      92     146       4   PPAGE_0_1   
     MlmeAssociate_SendErrConfirm              9911      41      65       8   PPAGE_0_1   
     MlmeDisassociate_SendIndication           9952      62      98       2   PPAGE_0_1   
     MlmeAssociate_HandlePollCompletion        99B4      28      40       2   PPAGE_0_1   
     MlmeAssociate_SetTimer                    99DC      34      52       8   PPAGE_0_1   
     MlmeAssociateWaitTxResult                 9A10      B4     180      11   PPAGE_0_1   
     MlmeAssociateIgnorePollConfirm            9AC4      16      22       2   PPAGE_0_1   
     MlmeAssociateWaitTimeout                  9ADA      76     118       4   PPAGE_0_1   
- VARIABLES:
     mAssociateCoordAddrMode                    CD5       1       1       2   .common     
     mAssociateSecurityEnable                   CD6       1       1       2   .common     
     mAssociateCoordAddress                     CD7       8       8       1   .common     
     mAssociateCoordPanId                       CDF       2       2       1   .common     
     mWaitForAssociateResp                      CE1       1       1       4   .common     
     mAssociateSecurityLevel                    CE2       1       1       2   .common     
     mAssociateKeyIdMode                        CE3       1       1       2   .common     
     mAssociateKeySource                        CE4       8       8       2   .common     
     mAssociateKeyIndex                         CEC       1       1       2   .common     
MODULE:                 -- MemTimer_c.obj (802.15.4_MAC2006_FFD_S08MC1323x.Lib) --
- PROCEDURES:
     MemTimer_StartWait                        9B50      16      22       2   PPAGE_0_1   
     MemLwrWaitTimer                           9B66      1C      28       2   PPAGE_0_1   
- VARIABLES:
MODULE:                 -- MemScan_c.obj (802.15.4_MAC2006_FFD_S08MC1323x.Lib) --
- PROCEDURES:
     MemScan_InitEd                            9B82      2F      47       2   PPAGE_0_1   
     MemScan_InitScan                          9BB1     14F     335       5   PPAGE_0_1   
     MemScan_InitPassiveScan                   9D00      1F      31       2   PPAGE_0_1   
     MemScan_CalcScanDuration                  9D1F      56      86       6   PPAGE_0_1   
     MemEdScanChannel                          9D75      53      83       2   PPAGE_0_1   
     MemScanChannelRx                          9DC8      68     104       4   PPAGE_0_1   
     MemScanOrphanRx                           9E30      AD     173       3   PPAGE_0_1   
- VARIABLES:
     gMemScan_ScanDuration                      CED       4       4       9   .common     
     gMemScan_ScanCompleted                     CF1       1       1      13   .common     
     mMaxDetectedEnergy                         CF2       1       1       4   .common     
MODULE:                 -- MemData_c.obj (802.15.4_MAC2006_FFD_S08MC1323x.Lib) --
- PROCEDURES:
     MemData_Init                              9EDD       6       6       2   PPAGE_0_1   
     MemData_StartupTrsHandler                 9EE3      18      24       4   PPAGE_0_1   
     MemData_TrsHandler                        9EFB      CE     206      12   PPAGE_0_1   
     MemDataWfActionFinish                     9FC9      13      19       2   PPAGE_0_1   
     MemDataWfAutoRxComplete                   9FDC      32      50       6   PPAGE_0_1   
     MemDataWfRandomBackoff                    A00E      56      86       2   PPAGE_0_1   
     MemDataWfTxComplete                      28000      95     149       4   PPAGE_2_2   
     MemDataDeviceWfDataReqComplete           28095      B3     179       4   PPAGE_2_2   
     MemData_StartRxEnableTrsHandler          28148      4A      74       2   PPAGE_2_2   
- VARIABLES:
     mMemDataDefaultRxInterval_c               52D6       4       4       1   .rodata     
     gNumTxNoAck                                550       1       1       2   .bss        
     mMemData                                   CF3       1       1       4   .common     
MODULE:                 -- MemBeacon_c.obj (802.15.4_MAC2006_FFD_S08MC1323x.Lib) --
- PROCEDURES:
     MemBeacon_Init                           28192       8       8       2   PPAGE_2_2   
     MemBeacon_ActionFailCallback             2819A      13      19       2   PPAGE_2_2   
     MemBeacon_SetMaintenanceScanPending      281AD       6       6       2   PPAGE_2_2   
     MemBeacon_EnableOrDisableBattLifeExtForThisCap      281B3      17      23       2   PPAGE_2_2   
     MemBeacon_SendAspInd                     281CA      34      52      12   PPAGE_2_2   
     MemBeacon_SetupTimer                     281FE       4       4       4   PPAGE_2_2   
     MemBeacon_BeaconRxFilter                 28202      49      73       2   PPAGE_2_2   
     MemBeacon_StoreContext                   2824B      2D      45       6   PPAGE_2_2   
     MemBeacon_RestoreContextExclClock        28278      15      21       4   PPAGE_2_2   
     MemBeacon_RestoreContext                 2828D      3B      59       2   PPAGE_2_2   
     MemBeacon_TreeModeTrsHandler             282C8      AB     171       4   PPAGE_2_2   
     MemBeacon_StartupTrsHandler              28373      CE     206       2   PPAGE_2_2   
     MemBeacon_BcnTrsHandler                  28441     247     583      21   PPAGE_2_2   
     MemBeaconBcnCoordWfTxComplete            28688      58      88       4   PPAGE_2_2   
     MemBeaconBcnDeviceWfRxComplete           286E0      B2     178       8   PPAGE_2_2   
     MemBeacon_NoSyncTrsHandler               28792      CB     203       7   PPAGE_2_2   
     MemBeaconBcnDeviceSyncedOnBeacon         2885D      28      40       4   PPAGE_2_2   
     MemBeaconBcnDeviceNotSyncedOnBeacon      28885       F      15       4   PPAGE_2_2   
     MemBeacon_TxTrsHandler                   28894      E4     228       4   PPAGE_2_2   
     MemBeacon_RxTrsHandler                   28978      61      97       2   PPAGE_2_2   
     MemBeacon_CapTrsHandler                  289D9     107     263      26   PPAGE_2_2   
     MemBeacon_CapEndedTrsHandler             28AE0       A      10      14   PPAGE_2_2   
     MemBeaconCapWfAutoRxComplete             28AEA      32      50       8   PPAGE_2_2   
     MemBeaconCapCoordWfBattLifeRxComplete      28B1C      5A      90       4   PPAGE_2_2   
     MemBeaconCapWfRandomBackoffBeforeTx      28B76      13      19       2   PPAGE_2_2   
     MemBeaconCapWfTxComplete                 28B89      7F     127       2   PPAGE_2_2   
     MemBeaconCapDeviceWfDataReqComplete      28C08      EB     235       7   PPAGE_2_2   
     MemBeaconCapDeviceWfDataReqReceiveComplete      28CF3      57      87       2   PPAGE_2_2   
     MemBeaconCapDeviceWfTimerExpired         28D4A      27      39       2   PPAGE_2_2   
     MemBeaconCapWait                         28D71      8D     141       4   PPAGE_2_2   
[...]
 |  |     |     |  |  |  | 
 |  |     |     |  |  |  +- FLib_MemCmp          (see above)
 |  |     |     |  |  |  |  
 |  |     |     |  |  |  +- PacLib_CreatePollPacket (see above)
 |  |     |     |  |  |  |  
 |  |     |     |  |  |  +- FLib_AddOffsetToPointer (see above)
 |  |     |     |  |  |  |  
 |  |     |     |  |  |  +- MlmeOh_SendMsgToMem  (see above) (recursive dependency)
 |  |     |     |  |  |     
 |  |     |     |  |  +- MM_Free              (see above)
 |  |     |     |  |  |  
 |  |     |     |  |  +- MlmeIh_BuildPanDescriptor
 |  |     |     |  |  |  | 
 |  |     |     |  |  |  +- FLib_AddrModeToLength (see above)
 |  |     |     |  |  |  |  
 |  |     |     |  |  |  +- FLib_MemSet          (see above)
 |  |     |     |  |  |  |  
 |  |     |     |  |  |  +- FLib_MemCpy          (see above)
 |  |     |     |  |  |  |  
 |  |     |     |  |  |  +- FLib_AddOffsetToPointer (see above)
 |  |     |     |  |  |     
 |  |     |     |  |  +- MlmeScan_ProcessBeacon
 |  |     |     |  |  |  | 
 |  |     |     |  |  |  +- FLib_MemCmp          (see above)
 |  |     |     |  |  |  |  
 |  |     |     |  |  |  +- FLib_MemCpy          (see above)
 |  |     |     |  |  |  |  
 |  |     |     |  |  |  +- MM_Alloc             (see above)
 |  |     |     |  |  |  |  
 |  |     |     |  |  |  +- MlmeOh_MemMsg        (see above)
 |  |     |     |  |  |     
 |  |     |     |  |  +- MlmeOh_NwkMsg        (see above)
 |  |     |     |  |  |  
 |  |     |     |  |  +- FLib_MemCpy          (see above)
 |  |     |     |  |  |  
 |  |     |     |  |  +- Mlme_FreeSendPendingMsg (see above) (recursive dependency)
 |  |     |     |  |     
 |  |     |     |  +- Mcps_ConvertMemMsg  
 |  |     |     |  |  | 
 |  |     |     |  |  +- MlmeIh_ParseFrameHeader (see above)
 |  |     |     |  |  |  
 |  |     |     |  |  +- FLib_MemInPlaceCpy   (see above)
 |  |     |     |  |  |  
 |  |     |     |  |  +- FLib_MemCpy          (see above)
 |  |     |     |  |  |  
 |  |     |     |  |  +- MCPS_NWK_SapHandler  (see above)
 |  |     |     |  |     
 |  |     |     |  +- MlmeIh_ParseCommandFrame
 |  |     |     |  |  | 
 |  |     |     |  |  +- MlmeIh_ParseFrameHeader (see above)
 |  |     |     |  |  |  
 |  |     |     |  |  +- FLib_AddOffsetToPointer (see above)
 |  |     |     |  |  |  
 |  |     |     |  |  +- _PUSH_CC             (see above)
 |  |     |     |  |  |  
 |  |     |     |  |  +- _POP_CC              (see above)
 |  |     |     |  |  |  
 |  |     |     |  |  +- MM_Alloc             (see above)
 |  |     |     |  |  |  
 |  |     |     |  |  +- FLib_MemCpy          (see above)
 |  |     |     |  |     
 |  |     |     |  +- MlmeIh_ProcessBeaconRequest
 |  |     |     |  |  | 
 |  |     |     |  |  +- MM_Free              (see above)
 |  |     |     |  |  |  
 |  |     |     |  |  +- PacLib_CreateBeaconPacket (see above)
 |  |     |     |  |  |  
 |  |     |     |  |  +- MlmeOh_SendMsgToMem  (see above) (recursive dependency)
 |  |     |     |  |     
 |  |     |     |  +- MlmeIh_ProcessRemoteDataRequest
 |  |     |     |  |  | 
 |  |     |     |  |  +- MlmeOh_NwkMsg        (see above)
 |  |     |     |  |  |  
 |  |     |     |  |  +- FLib_MemCpy          (see above)
 |  |     |     |  |  |  
 |  |     |     |  |  +- MLME_NWK_SapHandler  (see above)
 |  |     |     |  |  |  
 |  |     |     |  |  +- MM_Free              (see above)
 |  |     |     |  |  |  
 |  |     |     |  |  +- PacMan_GetFromIndirectQueue
 |  |     |     |  |  |  | 
 |  |     |     |  |  |  +- List_GetFirst        (see above)
 |  |     |     |  |  |  |  
 |  |     |     |  |  |  +- MlmeIh_ParseFrameHeader (see above)
 |  |     |     |  |  |  |  
 |  |     |     |  |  |  +- _PUSH_CC             (see above)
 |  |     |     |  |  |  |  
 |  |     |     |  |  |  +- _POP_CC              (see above)
 |  |     |     |  |  |  |  
 |  |     |     |  |  |  +- FLib_AddrModeToLength (see above)
 |  |     |     |  |  |  |  
 |  |     |     |  |  |  +- FLib_MemCmp          (see above)
 |  |     |     |  |  |  |  
 |  |     |     |  |  |  +- List_Remove          (see above)
 |  |     |     |  |  |  |  
 |  |     |     |  |  |  +- PacManToPp_RemoveFromIndirect (see above)
 |  |     |     |  |  |  |  
 |  |     |     |  |  |  +- TMR_StopTimer        (see above)
 |  |     |     |  |  |  |  
 |  |     |     |  |  |  +- List_GetNext         (see above)
 |  |     |     |  |  |     
 |  |     |     |  |  +- MLME_MEM_SapHandler  (see above) (recursive dependency)
 |  |     |     |  |  |  
 |  |     |     |  |  +- PacLib_CreateZeroLengthDataPacket
 |  |     |     |  |  |  | 
 |  |     |     |  |  |  +- MM_Alloc             (see above)
 |  |     |     |  |  |  |  
 |  |     |     |  |  |  +- _PUSH_CC             (see above)
 |  |     |     |  |  |  |  
 |  |     |     |  |  |  +- _POP_CC              (see above)
 |  |     |     |  |  |  |  
 |  |     |     |  |  |  +- FLib_ArrayAddArray   (see above)
 |  |     |     |  |  |  |  
 |  |     |     |  |  |  +- FLib_AddrModeToLength (see above)
 |  |     |     |  |  |     
 |  |     |     |  |  +- MlmeOh_SendMsgToMem  (see above) (recursive dependency)
 |  |     |     |  |     
 |  |     |     |  +- MlmeIh_ProcessPollConfirm
 |  |     |     |  |  | 
 |  |     |     |  |  +- MM_Free              (see above)
 |  |     |     |  |  |  
 |  |     |     |  |  +- List_AddHead         (see above)
 |  |     |     |  |  |  
 |  |     |     |  |  +- _PUSH_CC             (see above)
 |  |     |     |  |  |  
 |  |     |     |  |  +- _POP_CC              (see above)
 |  |     |     |  |  |  
 |  |     |     |  |  +- FLib_AddrModeToLength (see above)
 |  |     |     |  |  |  
 |  |     |     |  |  +- PacLib_CreatePollPacket (see above)
 |  |     |     |  |  |  
 |  |     |     |  |  +- MlmeOh_SendMsgToMem  (see above) (recursive dependency)
 |  |     |     |  |     
 |  |     |     |  +- MlmeIh_ProcessMemTxCnf
 |  |     |     |     | 
 |  |     |     |     +- PacMan_AddToIndirectQueueHead (see above) (recursive dependency)
 |  |     |     |     |  
 |  |     |     |     +- MM_Free              (see above)
 |  |     |     |     |  
 |  |     |     |     +- PacMan_PurgeAfterSeqAction (see above)
 |  |     |     |     |  
 |  |     |     |     +- SendDataCnf          (see above)
 |  |     |     |        
 |  |     |     +- Mlme_FreeSendPendingMsg (see above) (recursive dependency)
 |  |     |     |  
 |  |     |     +- Mcps_ConvertNwkMsg  
 |  |     |     |  | 
 |  |     |     |  +- _PUSH_CC             (see above)
 |  |     |     |  |  
 |  |     |     |  +- _POP_CC              (see above)
 |  |     |     |  |  
 |  |     |     |  +- FLib_MemCmp          (see above)
 |  |     |     |  |  
 |  |     |     |  +- FLib_MemCpy          (see above)
 |  |     |     |  |  
 |  |     |     |  +- MlmeOh_CreateCommandFrame (see above)
 |  |     |     |  |  
 |  |     |     |  +- MlmeGts_CheckValidGts
 |  |     |     |  |    
 |  |     |     |  +- SendDataCnf          (see above)
 |  |     |     |  |  
 |  |     |     |  +- FLib_MemInPlaceCpy   (see above)
 |  |     |     |  |  
 |  |     |     |  +- MlmeOh_SendMsgToMem  (see above) (recursive dependency)
 |  |     |     |     
 |  |     |     +- MlmeIh_ProcessPurgeRequest
 |  |     |     |  | 
 |  |     |     |  +- PacMan_Purge        
 |  |     |     |  |  | 
 |  |     |     |  |  +- PacMan_PurgeFromQueue
 |  |     |     |  |     | 
 |  |     |     |  |     +- List_GetFirst        (see above)
 |  |     |     |  |     |  
 |  |     |     |  |     +- _PUSH_CC             (see above)
 |  |     |     |  |     |  
 |  |     |     |  |     +- _POP_CC              (see above)
 |  |     |     |  |     |  
 |  |     |     |  |     +- List_Remove          (see above)
 |  |     |     |  |     |  
 |  |     |     |  |     +- PacManToPp_RemoveFromIndirect (see above)
 |  |     |     |  |     |  
 |  |     |     |  |     +- MM_Free              (see above)
 |  |     |     |  |     |  
 |  |     |     |  |     +- List_GetNext         (see above)
 |  |     |     |  |     |  
 |  |     |     |  |     +- MemOh_IsTxPacketInSequencer
 |  |     |     |  |        | 
 |  |     |     |  |        +- _PUSH_CC             (see above)
 |  |     |     |  |        |  
 |  |     |     |  |        +- _POP_CC              (see above)
 |  |     |     |  |           
 |  |     |     |  +- MCPS_NWK_SapHandler  (see above)
 |  |     |     |     
 |  |     |     +- MM_Free              (see above)
 |  |     |     |  
 |  |     |     +- Asp_Main            
 |  |     |     |  | 
 |  |     |     |  +- List_RemoveHead      (see above)
 |  |     |     |  |  
 |  |     |     |  +- Asp_SendBeaconStateInd
 |  |     |     |  |  | 
 |  |     |     |  |  +- MemOh_SeqReadClockReq (see above)
 |  |     |     |  |  |  
 |  |     |     |  |  +- Asp_ZbClock24ToByteArray
 |  |     |     |  |       
 |  |     |     |  +- ASP_APP_SapHandler  
 |  |     |     |  |  | 
 |  |     |     |  |  +- MM_Free              (see above)
 |  |     |     |  |     
 |  |     |     |  +- MM_Free              (see above)
 |  |     |     |  |  
 |  |     |     |  +- TS_SendEvent         (see above)
 |  |     |     |  |  
 |  |     |     |  +- ASP_TestMain        
 |  |     |     |     | 
 |  |     |     |     +- _CALL_STAR08_FAR     (see above)
 |  |     |     |        
 |  |     |     +- BeaconMaintenance   
 |  |     |        | 
 |  |     |        +- MlmeGts_GuardedActionHandler
 |  |     |        |  | 
 |  |     |        |  +- MlmeGts_Reset        (see above)
 |  |     |        |  |  
 |  |     |        |  +- MlmeGts_ProcessPendingRequest
 |  |     |        |  |  | 
 |  |     |        |  |  +- FLib_MemCpy          (see above)
 |  |     |        |  |  |  
 |  |     |        |  |  +- MlmeOh_CreateCommandFrameMessage (see above)
 |  |     |        |  |  |  
 |  |     |        |  |  +- gtsDeallocateSlot    (see above)
 |  |     |        |  |  |  
 |  |     |        |  |  +- gtsAlignSlots        (see above)
 |  |     |        |  |  |  
 |  |     |        |  |  +- gtsSendIndication    (see above) (recursive dependency)
 |  |     |        |  |  |  
 |  |     |        |  |  +- MlmeGts_SendConfirm  (see above) (recursive dependency)
 |  |     |        |  |  |  
 |  |     |        |  |  +- Mlme_FreeSendPendingMsg (see above) (recursive dependency)
 |  |     |        |  |     
 |  |     |        |  +- gtsExpireSlot       
 |  |     |        |  |  | 
 |  |     |        |  |  +- gtsFlushAnchor       (see above)
 |  |     |        |  |  |  
 |  |     |        |  |  +- FLib_MemCpy          (see above)
 |  |     |        |  |  |  
 |  |     |        |  |  +- FLib_MemSet          (see above)
 |  |     |        |  |  |  
 |  |     |        |  |  +- gtsAlignSlots        (see above)
 |  |     |        |  |  |  
 |  |     |        |  |  +- gtsSendIndication    (see above) (recursive dependency)
 |  |     |        |  |     
 |  |     |        |  +- gtsForcedDelete     
 |  |     |        |     | 
 |  |     |        |     +- gtsSendIndication    (see above) (recursive dependency)
 |  |     |        |     |  
 |  |     |        |     +- gtsDeallocateSlot    (see above)
 |  |     |        |     |  
 |  |     |        |     +- gtsAlignSlots        (see above)
 |  |     |        |        
 |  |     |        +- MlmeGts_GenerateGtsData (see above)
 |  |     |        |  
 |  |     |        +- PacMan_CheckForExpired (see above)
 |  |     |           
 |  |     +- TS_CreateTask        (see above)
 |  |     |  
 |  |     +- _CALL_STAR08_FAR     (see above)
 |  |        
 |  +- AppTask             
 |  |  | 
 |  |  +- List_RemoveHead      (see above)
 |  |  |  
 |  |  +- App_WaitMsg         
 |  |  |    
 |  |  +- MM_Free              (see above)
 |  |  |  
 |  |  +- _Jump_Table_Header_Offset (see above)
 |  |  |  
 |  |  +- App_StartScan       
 |  |  |  | 
 |  |  |  +- MM_Alloc             (see above)
 |  |  |  |  
 |  |  |  +- NWK_MLME_SapHandler 
 |  |  |  |  | 
 |  |  |  |  +- Mlme_VerifyNwkInput 
 |  |  |  |  |  | 
 |  |  |  |  |  +- FLib_MemCmp          (see above)
 |  |  |  |  |  |  
 |  |  |  |  |  +- _LLSL                (see above)
 |  |  |  |  |  |  
 |  |  |  |  |  +- _POP32               (see above)
 |  |  |  |  |  |  
 |  |  |  |  |  +- _LCMP                (see above)
 |  |  |  |  |  |  
 |  |  |  |  |  +- Mlme_CheckPibAttributes
 |  |  |  |  |     | 
 |  |  |  |  |     +- _LLSL                (see above)
 |  |  |  |  |     |  
 |  |  |  |  |     +- _POP32               (see above)
 |  |  |  |  |     |  
 |  |  |  |  |     +- _SEXT16_32           (see above)
 |  |  |  |  |        
 |  |  |  |  +- ZTC_TaskEventMonitor
 |  |  |  |  |    
 |  |  |  |  +- Mlme_HandleSetGetReq
 |  |  |  |  |  | 
 |  |  |  |  |  +- MPIB_GetPointer      (see above)
 |  |  |  |  |  |  
 |  |  |  |  |  +- _PUSH_CC             (see above)
 |  |  |  |  |  |  
 |  |  |  |  |  +- _POP_CC              (see above)
 |  |  |  |  |  |  
 |  |  |  |  |  +- MlmeOh_MemMsg        (see above)
 |  |  |  |  |  |  
 |  |  |  |  |  +- PhyPpSetPanId        (see above)
 |  |  |  |  |  |  
 |  |  |  |  |  +- PhyPpSetShortAddr    (see above)
 |  |  |  |  |  |  
 |  |  |  |  |  +- PhyPpSetPromiscuous  (see above)
 |  |  |  |  |  |  
 |  |  |  |  |  +- FLib_MemCpyDir      
 |  |  |  |  |  |  | 
 |  |  |  |  |  |  +- FLib_MemCpy          (see above)
 |  |  |  |  |  |     
 |  |  |  |  |  +- MlmeOh_SendMem       (see above) (recursive dependency)
 |  |  |  |  |     
 |  |  |  |  +- Mlme_Reset          
 |  |  |  |  |  | 
 |  |  |  |  |  +- PhyAbort             (see above)
 |  |  |  |  |  |  
 |  |  |  |  |  +- PhyInit              (see above)
 |  |  |  |  |  |  
 |  |  |  |  |  +- MacPhyInit_WriteExtAddress (see above)
 |  |  |  |  |  |  
 |  |  |  |  |  +- PhyPpSetCcaThreshold (see above)
 |  |  |  |  |  |  
 |  |  |  |  |  +- InitializeMac        (see above)
 |  |  |  |  |     
 |  |  |  |  +- List_AddTail         (see above)
 |  |  |  |  |  
 |  |  |  |  +- TS_SendEvent         (see above)
 |  |  |  |     
 |  |  |  +- CommUtil_Print      
 |  |  |     | 
 |  |  |     +- CommUtil_Tx         
 |  |  |     |  | 
 |  |  |     |  +- Uart1_Transmit      
 |  |  |     |  |  | 
 |  |  |     |  |  +- _CMP24_RC            (see above)
 |  |  |     |  |  |  
 |  |  |     |  |  +- _CALL_STAR08_FAR     (see above)
 |  |  |     |  |     
 |  |  |     |  +- Uart1_IsTxActive    
 |  |  |     |       
 |  |  |     +- Uart1_Transmit       (see above)
 |  |  |        
 |  |  +- App_HandleScanEdConfirm
 |  |  |  | 
 |  |  |  +- _LLSR               
 |  |  |  |  | 
 |  |  |  |  +- _ENTER_UNARY_L       (see above)
 |  |  |  |     
 |  |  |  +- CommUtil_PrintHex   
 |  |  |  |  | 
 |  |  |  |  +- Uart1_IsTxActive     (see above)
 |  |  |  |  |  
 |  |  |  |  +- HexToAscii          
 |  |  |  |  |    
 |  |  |  |  +- Uart1_Transmit       (see above)
 |  |  |  |     
 |  |  |  +- MM_Free              (see above)
 |  |  |  |  
 |  |  |  +- CommUtil_Print       (see above)
 |  |  |     
 |  |  +- CommUtil_PrintHex    (see above)
 |  |  |  
 |  |  +- App_StartCoordinator
 |  |  |  | 
 |  |  |  +- MM_Alloc             (see above)
 |  |  |  |  
 |  |  |  +- NWK_MLME_SapHandler  (see above)
 |  |  |  |  
 |  |  |  +- FLib_MemCpy          (see above)
 |  |  |  |  
 |  |  |  +- CommUtil_Print       (see above)
 |  |  |     
 |  |  +- TS_SendEvent         (see above)
 |  |  |  
 |  |  +- App_HandleMlmeInput 
 |  |  |  | 
 |  |  |  +- CommUtil_Print       (see above)
 |  |  |  |  
 |  |  |  +- App_SendAssociateResponse
 |  |  |     | 
 |  |  |     +- MM_Alloc             (see above)
 |  |  |     |  
 |  |  |     +- FLib_MemCpy          (see above)
 |  |  |     |  
 |  |  |     +- NWK_MLME_SapHandler  (see above)
 |  |  |     |  
 |  |  |     +- CommUtil_Print       (see above)
 |  |  |        
 |  |  +- App_TransmitCommData
 |  |  |  | 
 |  |  |  +- Uart1_GetByteFromRxBuffer
 |  |  |  |  | 
 |  |  |  |  +- Uart1_EnableFlow     (see above)
 |  |  |  |     
 |  |  |  +- MM_Alloc             (see above)
 |  |  |  |  
 |  |  |  +- FLib_MemCpy          (see above)
 |  |  |  |  
 |  |  |  +- NWK_MCPS_SapHandler 
 |  |  |  |  | 
 |  |  |  |  +- List_AddTail         (see above)
 |  |  |  |  |  
 |  |  |  |  +- _CMP24_RC            (see above)
 |  |  |  |  |  
 |  |  |  |  +- SeqSubCompIdleState  (see above) (recursive dependency)
 |  |  |  |  |  
 |  |  |  |  +- _PUSH_CC             (see above)
 |  |  |  |  |  
 |  |  |  |  +- _POP_CC              (see above)
 |  |  |  |  |  
 |  |  |  |  +- gMemLwrSm            (see above)
 |  |  |  |  |  
 |  |  |  |  +- MemDataWfTxComplete  (see above) (recursive dependency)
 |  |  |  |  |  
 |  |  |  |  +- MemLwrIdle           (see above) (recursive dependency)
 |  |  |  |  |  
 |  |  |  |  +- TS_SendEvent         (see above)
 |  |  |  |  |  
 |  |  |  |  +- ZTC_TaskEventMonitor (see above)
 |  |  |  |     
 |  |  |  +- TS_SendEvent         (see above)
 |  |  |     
 |  |  +- App_HandleMcpsInput 
 |  |  |  | 
 |  |  |  +- FLib_MemCmp          (see above)
 |  |  |  |  
 |  |  |  +- LED_TurnOffAllLeds  
 |  |  |  |  | 
 |  |  |  |  +- LED_TurnOffLed      
 |  |  |  |       
 |  |  |  +- _Jump_Table_Header_Offset (see above)
 |  |  |  |  
 |  |  |  +- CommUtil_PrintHex    (see above)
 |  |  |  |  
 |  |  |  +- CommUtil_Tx          (see above)
 |  |  |  |  
 |  |  |  +- CommUtil_Print       (see above)
 |  |  |     
 |  |  +- CommUtil_Print       (see above)
 |  |     
 |  +- TS_CreateTask        (see above)
 |  |  
 |  +- MApp_init           
 |  |  | 
 |  |  +- Init_MacExtendedAddress
 |  |  |  | 
 |  |  |  +- MacPhyInit_WriteExtAddress (see above)
 |  |  |     
 |  |  +- App_HandleKeys      
 |  |  |  | 
 |  |  |  +- App_HandleGenericKey
 |  |  |     | 
 |  |  |     +- LED_StopFlash       
 |  |  |     |  | 
 |  |  |     |  +- LED_TurnOffLed       (see above)
 |  |  |     |  |  
 |  |  |     |  +- TMR_StopTimer        (see above)
 |  |  |     |     
 |  |  |     +- TS_SendEvent         (see above)
 |  |  |        
 |  |  +- KBD_Init            
 |  |  |  | 
 |  |  |  +- TMR_AllocateTimer    (see above)
 |  |  |  |  
 |  |  |  +- KBD_MatrixSetRows    (see above)
 |  |  |     
 |  |  +- SPI1_Init           
 |  |  |    
 |  |  +- LED_Init            
 |  |  |  | 
 |  |  |  +- TMR_AllocateTimer    (see above)
 |  |  |  |  
 |  |  |  +- LED_TurnOffAllLeds   (see above)
 |  |  |     
 |  |  +- PWRLib_Init         
 |  |  |    
 |  |  +- Uart1_SetBaud        (see above)
 |  |  |  
 |  |  +- App_CommRxCallBack  
 |  |  |  | 
 |  |  |  +- TS_SendEvent         (see above)
 |  |  |  |  
 |  |  |  +- Uart1_GetByteFromRxBuffer (see above)
 |  |  |     
 |  |  +- Uart1_SetRxCallBack 
 |  |  |  | 
 |  |  |  +- _CMP24_RC            (see above)
 |  |  |     
 |  |  +- List_ClearAnchor     (see above)
 |  |  |  
 |  |  +- LED_StartFlash      
 |  |  |  | 
 |  |  |  +- LED_FlashTimeout    
 |  |  |  |    
 |  |  |  +- TMR_StartIntervalTimer (see above)
 |  |  |     
 |  |  +- CommUtil_Print       (see above)
 |  |     
 |  +- PWR_DisallowDeviceToSleep
 |  |    
 |  +- TS_Scheduler        
 |     | 
 |     +- _CALL_STAR08_FAR     (see above)
 |        
 +- _Startup             (see above) (recursive dependency)
    
*********************************************************************************************
STATISTIC SECTION
---------------------------------------------------------------------------------------------

ExeFile:
--------
Number of blocks to be downloaded: 13
Total size of all blocks to be downloaded: 55531

