
PROGRAM "S08_Coordinator.abs"

*********************************************************************************************
TARGET SECTION
---------------------------------------------------------------------------------------------
Processor   : Freescale HC08
Memory Model: BANKED
File Format : ELF\DWARF 2.0
Linker      : SmartLinker V-5.0.51 Build 14019, Jan 20 2014

*********************************************************************************************
FILE SECTION
---------------------------------------------------------------------------------------------
ZtcMain_c.obj                           Model: BANKED,        Lang: ANSI-C
TS_kernel_c.obj                         Model: BANKED,        Lang: ANSI-C
CommUtil_c.obj                          Model: BANKED,        Lang: ANSI-C
Uart_c.obj                              Model: BANKED,        Lang: ANSI-C
Timer_c.obj                             Model: BANKED,        Lang: ANSI-C
SPI_c.obj                               Model: BANKED,        Lang: ANSI-C
RSTHal_c.obj                            Model: BANKED,        Lang: ANSI-C
Led_c.obj                               Model: BANKED,        Lang: ANSI-C
PWRLib_c.obj                            Model: BANKED,        Lang: ANSI-C
PWR_MC1323x_c.obj                       Model: BANKED,        Lang: ANSI-C
Keyboard_c.obj                          Model: BANKED,        Lang: ANSI-C
FunctionLib_c.obj                       Model: BANKED,        Lang: ANSI-C
NV_Data_c.obj                           Model: BANKED,        Lang: ANSI-C
PlatformInit_c.obj                      Model: BANKED,        Lang: ANSI-C
crt0_c.obj                              Model: BANKED,        Lang: ANSI-C
dummyisr_c.obj                          Model: BANKED,        Lang: ANSI-C
icg_c.obj                               Model: BANKED,        Lang: ANSI-C
isrvectors_c.obj                        Model: BANKED,        Lang: ANSI-C
PhyISR_c.obj                            Model: BANKED,        Lang: ANSI-C
PhyPacketProcessor_c.obj                Model: BANKED,        Lang: ANSI-C
PhyPlmeData_c.obj                       Model: BANKED,        Lang: ANSI-C
PhyTime_c.obj                           Model: BANKED,        Lang: ANSI-C
MApp_c.obj                              Model: BANKED,        Lang: ANSI-C
MApp_init_c.obj                         Model: BANKED,        Lang: ANSI-C
MacInit_c.obj                           Model: BANKED,        Lang: ANSI-C
GlobalVars_c.obj                        Model: BANKED,        Lang: ANSI-C
rtshc08.o (ansibim.lib)                 Model: BANKED,        Lang: ANSI-C
PhyMacMsg_c.obj (802.15.4_MAC2006_FFD_S08MC1323x.Lib)Model: BANKED,        Lang: ANSI-C
SmApi_c.obj (802.15.4_MAC2006_FFD_S08MC1323x.Lib)Model: BANKED,        Lang: ANSI-C
SecurityLib_c.obj (802.15.4_MAC2006_FFD_S08MC1323x.Lib)Model: BANKED,        Lang: ANSI-C
SecurityApply_c.obj (802.15.4_MAC2006_FFD_S08MC1323x.Lib)Model: BANKED,        Lang: ANSI-C
PacketManager_c.obj (802.15.4_MAC2006_FFD_S08MC1323x.Lib)Model: BANKED,        Lang: ANSI-C
PacketLib_c.obj (802.15.4_MAC2006_FFD_S08MC1323x.Lib)Model: BANKED,        Lang: ANSI-C
MacPib_c.obj (802.15.4_MAC2006_FFD_S08MC1323x.Lib)Model: BANKED,        Lang: ANSI-C
MacConst_c.obj (802.15.4_MAC2006_FFD_S08MC1323x.Lib)Model: BANKED,        Lang: ANSI-C
ClockManager_c.obj (802.15.4_MAC2006_FFD_S08MC1323x.Lib)Model: BANKED,        Lang: ANSI-C
AsmDriver_c.obj (802.15.4_MAC2006_FFD_S08MC1323x.Lib)Model: BANKED,        Lang: ANSI-C
MacSeqMC1323X_c.obj (802.15.4_MAC2006_FFD_S08MC1323x.Lib)Model: BANKED,        Lang: ANSI-C
SeqRxMC1323X_c.obj (802.15.4_MAC2006_FFD_S08MC1323x.Lib)Model: BANKED,        Lang: ANSI-C
SeqSubMainMC1323X_c.obj (802.15.4_MAC2006_FFD_S08MC1323x.Lib)Model: BANKED,        Lang: ANSI-C
SeqTxMC1323X_c.obj (802.15.4_MAC2006_FFD_S08MC1323x.Lib)Model: BANKED,        Lang: ANSI-C
MlmeStart_c.obj (802.15.4_MAC2006_FFD_S08MC1323x.Lib)Model: BANKED,        Lang: ANSI-C
MlmeScan_c.obj (802.15.4_MAC2006_FFD_S08MC1323x.Lib)Model: BANKED,        Lang: ANSI-C
MlmePanIdConflict_c.obj (802.15.4_MAC2006_FFD_S08MC1323x.Lib)Model: BANKED,        Lang: ANSI-C
MlmeInputHandler_c.obj (802.15.4_MAC2006_FFD_S08MC1323x.Lib)Model: BANKED,        Lang: ANSI-C
MlmeMain_c.obj (802.15.4_MAC2006_FFD_S08MC1323x.Lib)Model: BANKED,        Lang: ANSI-C
MlmeOutputHandler_c.obj (802.15.4_MAC2006_FFD_S08MC1323x.Lib)Model: BANKED,        Lang: ANSI-C
MlmeSm_c.obj (802.15.4_MAC2006_FFD_S08MC1323x.Lib)Model: BANKED,        Lang: ANSI-C
MlmeGts_c.obj (802.15.4_MAC2006_FFD_S08MC1323x.Lib)Model: BANKED,        Lang: ANSI-C
MlmeAssociate_c.obj (802.15.4_MAC2006_FFD_S08MC1323x.Lib)Model: BANKED,        Lang: ANSI-C
MemTimer_c.obj (802.15.4_MAC2006_FFD_S08MC1323x.Lib)Model: BANKED,        Lang: ANSI-C
MemScan_c.obj (802.15.4_MAC2006_FFD_S08MC1323x.Lib)Model: BANKED,        Lang: ANSI-C
MemData_c.obj (802.15.4_MAC2006_FFD_S08MC1323x.Lib)Model: BANKED,        Lang: ANSI-C
MemBeacon_c.obj (802.15.4_MAC2006_FFD_S08MC1323x.Lib)Model: BANKED,        Lang: ANSI-C
MemBeaconSupport_c.obj (802.15.4_MAC2006_FFD_S08MC1323x.Lib)Model: BANKED,        Lang: ANSI-C
MemInputHandler_c.obj (802.15.4_MAC2006_FFD_S08MC1323x.Lib)Model: BANKED,        Lang: ANSI-C
MemOutputHandler_c.obj (802.15.4_MAC2006_FFD_S08MC1323x.Lib)Model: BANKED,        Lang: ANSI-C
MemSmControl_c.obj (802.15.4_MAC2006_FFD_S08MC1323x.Lib)Model: BANKED,        Lang: ANSI-C
MemSmLib_c.obj (802.15.4_MAC2006_FFD_S08MC1323x.Lib)Model: BANKED,        Lang: ANSI-C
MemSmLower_c.obj (802.15.4_MAC2006_FFD_S08MC1323x.Lib)Model: BANKED,        Lang: ANSI-C
McpsConversion_c.obj (802.15.4_MAC2006_FFD_S08MC1323x.Lib)Model: BANKED,        Lang: ANSI-C
MacMain_c.obj (802.15.4_MAC2006_FFD_S08MC1323x.Lib)Model: BANKED,        Lang: ANSI-C
ASPMain_c.obj (802.15.4_MAC2006_FFD_S08MC1323x.Lib)Model: BANKED,        Lang: ANSI-C
Telec_c.obj (802.15.4_MAC2006_FFD_S08MC1323x.Lib)Model: BANKED,        Lang: ANSI-C

*********************************************************************************************
STARTUP SECTION
---------------------------------------------------------------------------------------------
Entry point: 0x594B (_Startup)
_startupData is allocated at 0x2080 and uses 12 Bytes
extern struct _tagStartup {
  unsigned flags          0
  _PFunc   main           0x70A4    (main)
  long     stackOffset    0x2FF
  unsigned nofZeroOut     2
  _Range   pZeroOut       0x80     1
                          0x300     2965
  _Copy    *toCopyDownBeg 0x7F7A
} _startupData;

*********************************************************************************************
SECTION-ALLOCATION SECTION
Section Name                    Size  Type     From       To       Segment
---------------------------------------------------------------------------------------------
MY_ZEROPAGE                        1   R/W       0x80       0x80   ZERO_PAGE_RAM
.data                            105   R/W      0x300      0x368   APP_RAM
NON_BANKED                      4414     R     0x4000     0x513D   APP_CODE_1
.copy                            111     R     0x7F7A     0x7FE8   APP_CODE_1
.rodata                          460     R     0x513E     0x5309   APP_CODE_1
.rodata1                        1415     R     0x530A     0x5890   APP_CODE_1
.text                           9721     R     0x5981     0x7F79   APP_CODE_1
.startData                        40     R     0x2080     0x20A7   APP_STARTUP_STRUC_FLASH
FREESCALE_PROD_DATA               78     R     0xFF50     0xFF9D   FREESCALE_PROD_FLASH
NV_REGISTERS_SECTION              16     R     0xFFB0     0xFFBF   RES_NV_REGISTERS_FLASH
.stack                           512   R/W      0x100      0x2FF   APP_STACK_RAM
IRQ_VECTOR_SECTION                62     R     0xFFC0     0xFFFD   RES_IRQ_VECTORS_TABLE_FLASH
.bss                             592   R/W      0x369      0x5B8   APP_RAM
.init                            238     R     0x5893     0x5980   APP_CODE_1
.common                         2266   R/W      0x5B9      0xE92   APP_RAM
_STARTUP                           2   R/W      0xE93      0xE94   APP_RAM
RESET_VECTOR_SECTION               2     R     0x5891     0x5892   APP_CODE_1
APP_CODE_2_0                   16085     R     0xC000     0xFED4   APP_CODE_2
PPAGE_0_1                       8307     R     0x8000     0xA072   PPAGE_0
PPAGE_2_2                      15677     R    0x28000    0x2BD3C   PPAGE_2
RES_RESET_VECTOR_FLASH_vect          2     R     0xFFFE     0xFFFF   RES_RESET_VECTOR_FLASH

Summary of section sizes per section type:
READ_ONLY (R):        DD34 (dec:    56628)
READ_WRITE (R/W):      D96 (dec:     3478)

*********************************************************************************************
VECTOR-ALLOCATION SECTION
    Address     InitValue   InitFunction
---------------------------------------------------------------------------------------------
     0xFFFE        0x594B   _Startup

*********************************************************************************************
OBJECT-ALLOCATION SECTION
     Name               Module                 Addr   hSize   dSize     Ref    Section   RLIB
---------------------------------------------------------------------------------------------
MODULE:                 -- ZtcMain_c.obj --
- PROCEDURES:
     ZTC_TaskEventMonitor                      5981       1       1       6   .text       
- VARIABLES:
MODULE:                 -- TS_kernel_c.obj --
- PROCEDURES:
     TS_CreateTask                             5982      B6     182      11   .text       
     TS_Init                                   5A38      32      50       2   .text       
     TS_SendEvent                              5A6A      28      40      72   .text       
     TS_Scheduler                              5A92      7B     123       2   .text       
- VARIABLES:
     maTsTaskTable                              5B9      3C      60      19   .common     
     maTsTaskIDsByPriority                      5F5       A      10       8   .common     
     gIdleTaskID                                5FF       1       1       1   .common     
MODULE:                 -- CommUtil_c.obj --
- PROCEDURES:
     CommUtil_Tx                               5B0D      23      35       6   .text       
     CommUtil_Print                            5B30      41      65      18   .text       
     HexToAscii                                5B71      10      16       4   .text       
     CommUtil_PrintHex                         5B81      E4     228      22   .text       
- VARIABLES:
MODULE:                 -- Uart_c.obj --
- PROCEDURES:
     Uart_ClearErrors                          5C65       A      10       2   .text       
     Uart1_GetByteFromRxBuffer                 5C6F      61      97       4   .text       
     Uart1_IsTxActive                          5CD0      10      16       6   .text       
     Uart_ModuleInit                           5CE0      20      32       2   .text       
     Uart1_SetRxCallBack                       5D00      29      41       2   .text       
     Uart1_SetBaud                             5D29      4C      76       4   .text       
     Uart1_Transmit                            5D75      76     118       6   .text       
     Uart_Task                                 5DEB      66     102       2   .text       
     Uart_TaskInit                             5E51      15      21       2   .text       
     Uart1_EnableFlow                          5E66      11      17       4   .text       
     Uart1_DisableFlow                         5E77       7       7       2   .text       
     Uart1_ErrorIsr                            4000       C      12       1   NON_BANKED  
     Uart1_RxIsr                               400C      6E     110       1   NON_BANKED  
     Uart1_TxIsr                               407A      C9     201       2   NON_BANKED  
- VARIABLES:
     uart1_ungetFlag                            369       1       1       2   .bss        
     Uart1_TxCompleteFlag                       36A       1       1       2   .bss        
     maSci1TxCallbackLeadingIndex               36B       1       1       5   .bss        
     maSci1TxCallbackTrailingIndex              36C       1       1       5   .bss        
     pfSci1RxCallBack                           36D       3       3       6   .bss        
     mUart1FlowDisableCounter                   370       1       1       4   .bss        
     uart1_ungetByte                            371       1       1       1   .bss        
     maSci1TxBufRefTable                        372       F      15      10   .bss        
     maSci1TxBufLenTable                        381       3       3       6   .bss        
     mSci1TxCurIndex                            384       1       1       4   .bss        
     mSci1TxBufRefLeadingIndex                  385       1       1       4   .bss        
     mSci1TxBufRefTrailingIndex                 386       1       1       8   .bss        
     maSci1TxCallbackTable                      387       F      15       8   .bss        
     maSci1RxBuf                                396      20      32       2   .bss        
     mSci1RxBufLeadingIndex                     3B6       1       1       5   .bss        
     mSci1RxBufTrailingIndex                    3B7       1       1       8   .bss        
     gUartTaskId                                600       1       1       3   .common     
     mSci1RxBufferByteCount                     601       1       1       7   .common     
MODULE:                 -- Timer_c.obj --
- PROCEDURES:
     TMR_Init                                  5E7E      18      24       2   .text       
     TMR_AllocateTimer                         5E96      1E      30       8   .text       
     TMR_IsTimerActive                         5EB4       C      12       4   .text       
     TMR_StartTimer                            5EC0      B3     179       8   .text       
     TMR_StartLowPowerTimer                    5F73      23      35       2   .text       
     TMR_StartIntervalTimer                    5F96      21      33       4   .text       
     TMR_StopTimer                             5FB7      48      72      16   .text       
     TMR_Task                                  5FFF     1B5     437       7   .text       
     TMR_EnableTimer                           61B4      3D      61       4   .text       
     TMR_GetTimerStatus                        61F1       8       8      10   .text       
     TMR_SetTimerStatus                        61F9       F      15       8   .text       
     TMR_GetTimerType                          6208       8       8       6   .text       
     TMR_SetTimerType                          6210       F      15       2   .text       
     TMR_InterruptHandler                      4143      14      20       1   NON_BANKED  
- VARIABLES:
     numberOfActiveTimers                       3B8       1       1       4   .bss        
     numberOfLowPowerActiveTimers               3B9       1       1       4   .bss        
     previousTimeInTicks                        3BA       2       2       3   .bss        
     timerHardwareIsRunning                     3BC       1       1       2   .bss        
     maTmrTimerTable                            3BD      EE     238       4   .bss        
     maTmrTimerStatusTable                      4AB      22      34       7   .bss        
     mTmrRead16bitReg                           4CD       2       2       6   .bss        
     gTimerTaskID                               4CF       1       1       5   .bss        
MODULE:                 -- SPI_c.obj --
- PROCEDURES:
     SPI1_Init                                 621F       2       2       2   .text       
- VARIABLES:
MODULE:                 -- RSTHal_c.obj --
- PROCEDURES:
     RST_GetResetStatus                        6221       7       7       2   .text       
- VARIABLES:
     gRSTResetStatus                            602       1       1       1   .common     
MODULE:                 -- Led_c.obj --
- PROCEDURES:
     LED_Init                                  6228       C      12       2   .text       
     LED_TurnOffLed                            6234      19      25       4   .text       
     LED_TurnOffAllLeds                        624D       7       7       4   .text       
     LED_StartFlash                            6254      1F      31       8   .text       
     LED_StopFlash                             6273      16      22       8   .text       
     LED_FlashTimeout                          6289      4E      78       2   .text       
- VARIABLES:
     mLEDTimerID                                300       1       1       3   .data       
     mLedFlashingLEDs                           4D0       1       1       9   .bss        
     mfLedInSerialMode                          603       1       1       1   .common     
MODULE:                 -- PWRLib_c.obj --
- PROCEDURES:
     PWRLib_Init                               62D7      2B      43       2   .text       
- VARIABLES:
     PWRLib_ICGMode                             4D1       1       1       1   .bss        
     PWRLib_MCU_WakeupReason                     80       1       1       5   MY_ZEROPAGE 
     PWRLib_StackPS                             604       1       1       1   .common     
MODULE:                 -- PWR_MC1323x_c.obj --
- PROCEDURES:
     PWR_DisallowDeviceToSleep                 6302       E      14       2   .text       
- VARIABLES:
     mLPMFlag                                   4D2       1       1       1   .bss        
MODULE:                 -- Keyboard_c.obj --
- PROCEDURES:
     KBD_Init                                  6310      23      35       2   .text       
     KBD_KeySwitchPortGet                      6333       5       5       2   .text       
     KBD_PortGet                               6338      14      20       2   .text       
     KBD_KeyCheck                              634C      2A      42       2   .text       
     KBD_MatrixSetRows                         6376      1A      26      16   .text       
     KBD_MatrixActivateRow                     6390      3C      60       8   .text       
     KBD_MatrixDeactivateRow                   63CC      1B      27       2   .text       
     KBD_KeyMatrixGet                          63E7      90     144       2   .text       
     KBD_KeyScan                               6477      86     134       2   .text       
     KBD_FinishScan                            64FD       F      15       2   .text       
     Switch_Press_ISR                          4157      27      39       1   NON_BANKED  
- VARIABLES:
     mKeyRowPorts                               301       A      10       6   .data       
     mKeyScanTimerID                            30B       1       1       2   .data       
     mKeyState                                  4D3       1       1       4   .bss        
     mLongKeyCount                              4D4       1       1       3   .bss        
     mSwitch_SCAN                               4D5       2       2       3   .bss        
     mpfKeyFunction                             4D7       3       3       4   .bss        
     pressedKey                                 605       1       1       4   .common     
MODULE:                 -- FunctionLib_c.obj --
- PROCEDURES:
     FLib_MemCpy                               650C      1D      29     248   .text       
     FLib_MemCpyDir                            6529      1E      30       2   .text       
     FLib_MemInPlaceCpy                        6547      49      73      12   .text       
     FLib_MemCpyReverseOrder                   6590      2B      43      24   .text       
     FLib_MemCmp                               65BB      2D      45      42   .text       
     FLib_MemSet                               65E8      18      24      38   .text       
     FLib_MemSet16                             6600      23      35       2   .text       
     FLib_AddrModeToLength                     6623       C      12      32   .text       
     FLib_AddOffsetToPointer                   662F       8       8      26   .text       
     FLib_ArrayAddArray                        6637      40      64      24   .text       
     FLib_ArrayAddByte                         6677      18      24      14   .text       
- VARIABLES:
MODULE:                 -- NV_Data_c.obj --
- PROCEDURES:
- VARIABLES:
     gFreescaleVersionStrings                  FF50      22      34       1   FREESCALE_PROD_DATA
     gHardwareParameters                       FF72      2C      44      10   FREESCALE_PROD_DATA
MODULE:                 -- PlatformInit_c.obj --
- PROCEDURES:
     PlatformPortInit                          668F      2A      42       2   .text       
     Platform_Init                             66B9      1C      28       2   .text       
     Init_802_15_4                             66D5      30      48       2   .text       
- VARIABLES:
MODULE:                 -- crt0_c.obj --
- PROCEDURES:
     loadByte                                  5893       E      14       5   .init       
     Init                                      58A1      40      64       1   .init       
     Copy_Down                                 58E1      3F      63       1   .init       
     Finish                                    5920      2B      43       1   .init       
     _Startup                                  594B      36      54       1   .init       
- VARIABLES:
     _startupData                              2080       C      12       6   .startData  
     pStack                                     E93       2       2       2   _STARTUP    
     none_volatile_struct                      FFB0      10      16       1   NV_REGISTERS_SECTION
- LABELS:
     __SEG_START_SSTACK                         100       0       0       1               
     __SEG_END_SSTACK                           300       0       0       2               
MODULE:                 -- dummyisr_c.obj --
- PROCEDURES:
     Default_Dummy_ISR                         417E       4       4      22   NON_BANKED  
- VARIABLES:
MODULE:                 -- icg_c.obj --
- PROCEDURES:
     PowerManager_WaitForPowerUp               6705      16      22       2   .text       
- VARIABLES:
MODULE:                 -- isrvectors_c.obj --
- PROCEDURES:
- VARIABLES:
     Reset_vector                              5891       2       2       1   RESET_VECTOR_SECTION
     ISR_vectors                               FFC0      3E      62       1   IRQ_VECTOR_SECTION
MODULE:                 -- PhyISR_c.obj --
- PROCEDURES:
     DummyIsr                                  4182       1       1       2   NON_BANKED  
     PhyPassRxParams                           4183       4       4       5   NON_BANKED  
     PhyISR_SeqCleanup                         4187       F      15       9   NON_BANKED  
     PhyISR_TimeoutCleanup                     4196      13      19       2   NON_BANKED  
     Phy_LqiConvert                            41A9      2F      47       2   NON_BANKED  
     Phy_GetEnergyLevel                        41D8      1E      30       1   NON_BANKED  
     PhyHandlerTx_ISR                          41F6      9A     154       1   NON_BANKED  
     PhyHandlerRx_ISR                          4290      A0     160       1   NON_BANKED  
     PhyHandlerTmr_ISR                         4330      4A      74       1   NON_BANKED  
     PhyHandlerRxWtrmrk_ISR                    437A       9       9       1   NON_BANKED  
- VARIABLES:
     pTimer1Isr                                 30C       3       3       4   .data       
     mpRxParams                                 4DA       2       2       5   .bss        
     mPhyLastRxLQI                              606       1       1       1   .common     
MODULE:                 -- PhyPacketProcessor_c.obj --
- PROCEDURES:
     PhyInit                                   4383      71     113       2   NON_BANKED  
     PhyPpSetPromiscuous                       43F4      24      36       2   NON_BANKED  
     PhyAbort                                  4418      41      65       5   NON_BANKED  
     PhyPpSetPanId                             4459       7       7       8   NON_BANKED  
     PhyPpSetShortAddr                         4460       7       7       6   NON_BANKED  
     PhyPpSetLongAddr                          4467      28      40       1   NON_BANKED  
     PhyPpSetMacRole                           448F       8       8       3   NON_BANKED  
     PhyPpSetCcaThreshold                      4497       4       4       2   NON_BANKED  
     PhyPpIsTxAckDataPending                   449B       8       8       1   NON_BANKED  
     PhyPpIsRxAckDataPending                   44A3       8       8       2   NON_BANKED  
     PhyPpIsPollIndication                     44AB       8       8       1   NON_BANKED  
     PhyPp_AddToIndirect                       44B3      7A     122       1   NON_BANKED  
     PhyPp_RemoveFromIndirect                  452D       8       8       2   NON_BANKED  
     PhyGetRandomNo                            4535      9C     156       2   NON_BANKED  
- VARIABLES:
     i                                          607       1       1       3   .common     
MODULE:                 -- PhyPlmeData_c.obj --
- PROCEDURES:
     PhyPdDataRequest                          45D1      6A     106       1   NON_BANKED  
     PhyPlmeRxRequest                          463B      2F      47       1   NON_BANKED  
     PhyPlmeCcaEdRequest                       466A      39      57       2   NON_BANKED  
     PhyPlmeSetCurrentChannelRequest           46A3      48      72       2   NON_BANKED  
     PhyPlmeSetPwrLevelRequest                 46EB      35      53       1   NON_BANKED  
- VARIABLES:
     gPhyCurrentChannel                         30F       1       1       1   .data       
     pwrOutIAR10                                310       F      15       1   .data       
     pwrOutIAR11                                31F       F      15       1   .data       
     pwrOutIAR20                                32E       F      15       1   .data       
     pwrOutCtrl                                 33D       F      15       1   .data       
MODULE:                 -- PhyTime_c.obj --
- PROCEDURES:
     PhyTimeSetEventTrigger                    4720       B      11       3   NON_BANKED  
     PhyTimeSetEventTimeout                    472B      15      21       7   NON_BANKED  
     PhyTimeDisableEventTimeout                4740       8       8       6   NON_BANKED  
     PhyTimeReadClock                          4748       E      14      16   NON_BANKED  
- VARIABLES:
MODULE:                 -- MApp_c.obj --
- PROCEDURES:
     MApp_init                                 671B      70     112       2   .text       
     AppTask                                   678B     183     387      23   .text       
     App_CommRxCallBack                        690E      1B      27       2   .text       
     App_StartScan                             6929      5F      95      10   .text       
     App_HandleScanEdConfirm                   6988      B7     183      12   .text       
     App_StartCoordinator                      6A3F      B6     182      11   .text       
     App_SendAssociateResponse                 6AF5     213     531      29   .text       
     App_HandleMlmeInput                       6D08      33      51       2   .text       
     App_HandleMcpsInput                       6D3B      DD     221      16   .text       
     App_WaitMsg                               6E18      10      16       6   .text       
     App_TransmitCommData                      6E28     153     339       9   .text       
     App_HandleGenericKey                      6F7B      30      48       2   .text       
     App_HandleKeys                            6FAB       5       5       2   .text       
     MLME_NWK_SapHandler                       6FB0      1E      30       8   .text       
     MCPS_NWK_SapHandler                       6FCE      1E      30      12   .text       
     ASP_APP_SapHandler                        6FEC       6       6       2   .text       
     genericDataTransfer                       6FF2      B2     178       6   .text       
- VARIABLES:
     maShortAddress                            513E       2       2       5   .rodata     
     maPanId                                   5140       2       2       4   .rodata     
     STRING...Press.any.switch.o.2             530A      40      64       1   .rodata1    
     STRING.Received.an.MLME.Bea.3             534A      2C      44       1   .rodata1    
     STRING...MyWirelessApp.Demo.4             5376      56      86       1   .rodata1    
     STRING.Initiating.the.Energ.5             53CC      27      39       1   .rodata1    
     STRING...Starting.as.PAN.co.6             53F3      2C      44       1   .rodata1    
     STRING....7                               541F       3       3       1   .rodata1    
     STRING.Started.the.coordina.8             5422      27      39       1   .rodata1    
     STRING...and.short.address..9             5449      17      23       1   .rodata1    
     STRING......Ready.to.send.a.10            5460      4C      76       1   .rodata1    
     STRING.Sending.the.MLME.Sca.11            54AC      34      52       1   .rodata1    
     STRING.Done...12                          54E0       7       7       1   .rodata1    
     STRING.Invalid.parameter....13            54E7      15      21       1   .rodata1    
     STRING.Message.allocation.f.14            54FC      1D      29       1   .rodata1    
     STRING.Received.the.MLME.Sc.15            5519      36      54       1   .rodata1    
     STRING.ED.scan.returned.the.16            554F      2D      45       1   .rodata1    
     STRING.......17                           557C       6       6       1   .rodata1    
     STRING.Based.on.the.ED.scan.18            5582      2C      44       1   .rodata1    
     STRING..was.selected...19                 55AE      10      16       1   .rodata1    
     STRING.Sending.the.MLME.Sta.20            55BE      35      53       1   .rodata1    
     STRING.Done...21                          55F3       7       7       1   .rodata1    
     STRING.Invalid.parameter....22            55FA      15      21       1   .rodata1    
     STRING.Message.allocation.f.23            560F      1D      29       1   .rodata1    
     STRING.Sending.the.MLME.Ass.24            562C      3A      58       1   .rodata1    
     STRING.Done...25                          5666       7       7       1   .rodata1    
     STRING......................26            566D      55      85       1   .rodata1    
     STRING......................27            56C2      59      89       1   .rodata1    
     STRING...Long.Address..0x.28              571B      13      19       1   .rodata1    
     STRING...RX.On.When.Idle..Y.29            572E      17      23       1   .rodata1    
     STRING...RX.On.When.Idle..N.30            5745      16      22       1   .rodata1    
     STRING...Device.Type..FFD.31              575B      13      19       1   .rodata1    
     STRING...Device.Type..RFD.32              576E      13      19       1   .rodata1    
     STRING......................33            5781      2B      43       1   .rodata1    
     STRING.Invalid.parameter....34            57AC      15      21       1   .rodata1    
     STRING.Message.allocation.f.35            57C1      1D      29       1   .rodata1    
     STRING.Received.an.MLME.Ass.36            57DE      35      53       1   .rodata1    
     STRING.Received.an.MLME.Com.37            5813      37      55       1   .rodata1    
     STRING.Counter..38                        584A       9       9       1   .rodata1    
     STRING.Source.Addres...0x.39              5853      13      19       1   .rodata1    
     STRING....40                              5866       3       3       1   .rodata1    
     STRING.Link.Quality...0x.41               5869      12      18       1   .rodata1    
     STRING....42                              587B       3       3       1   .rodata1    
     STRING.Data....43                         587E       8       8       1   .rodata1    
     STRING....44                              5886       3       3       1   .rodata1    
     STRING.APP_ACK.48                         5889       8       8       1   .rodata1    
     appAck.96                                  34C       2       2       1   .data       
     keysReceived.95                            4DC       1       1       6   .bss        
     mLogicalChannel                            4DD       1       1       5   .bss        
     mpPacket                                   4DE       2       2      12   .bss        
     mMsduHandle                                4E0       1       1       4   .bss        
     mpGenericPkg                               4E1       2       2      12   .bss        
     mcPendingPackets                           4E3       1       1       7   .bss        
     mMlmeNwkInputQueue                         4E4       4       4       4   .bss        
     mMcpsNwkInputQueue                         4E8       4       4       4   .bss        
     AssociatedDevices                          4EC      3C      60      24   .bss        
     AssocDevCounter                            528       2       2       9   .bss        
     keysBuffer.94                              52A      20      32       3   .bss        
     gState                                     608       1       1       7   .common     
MODULE:                 -- MApp_init_c.obj --
- PROCEDURES:
     main                                      70A4      42      66       2   .text       
     IdleTask                                  70E6       1       1       2   .text       
     Init_MacExtendedAddress                   70E7      38      56       2   .text       
     BeeAppAssert                              711F       8       8       2   .text       
- VARIABLES:
     gAppTaskID_c                               609       1       1      10   .common     
MODULE:                 -- MacInit_c.obj --
- PROCEDURES:
     MacInit                                   7127       5       5       2   .text       
     TS_PlaceHolderTaskInit                    712C       1       1       2   .text       
     MacTaskInit                               712D      6B     107       2   .text       
- VARIABLES:
     MacTaskTable                              5142       9       9       6   .rodata     
     gMacTaskID_c                               60A       1       1      23   .common     
MODULE:                 -- GlobalVars_c.obj --
- PROCEDURES:
     MM_InitMsgTracking                        7198       1       1       2   .text       
     MM_AddMsgToTrackingArray                  7199       1       1       2   .text       
     MM_UpdateMsgTracking                      719A       2       2       6   .text       
- VARIABLES:
     poolInfo                                  514B       9       9       1   .rodata     
     gNumKeyTableEntries                       5154       1       1       5   .rodata     
     gNumKeyIdLookupEntries                    5155       1       1       3   .rodata     
     gNumKeyDeviceListEntries                  5156       1       1       3   .rodata     
     gNumKeyUsageListEntries                   5157       1       1       3   .rodata     
     gNumDeviceTableEntries                    5158       1       1       3   .rodata     
     gNumSecurityLevelTableEntries             5159       1       1       3   .rodata     
     pLastPool                                  34E       2       2       4   .data       
     pSecondLastPool                            350       2       2       5   .data       
     maMacHeap                                  60B     442    1090       1   .common     
     maMmPools                                  A4D      12      18       4   .common     
     gPIBKeyTable                               A5F      32      50       1   .common     
     gPIBKeyIdLookupDescriptorTable             A91      28      40       2   .common     
     gPIBKeyDeviceDescriptorTable               AB9       C      12       2   .common     
     gPIBKeyUsageDescriptorTable                AC5       8       8       2   .common     
     gPIBDeviceTable                            ACD      22      34       1   .common     
     gPIBSecurityLevelTable                     AEF       8       8       1   .common     
MODULE:                 -- rtshc08.o (ansibim.lib) --
- PROCEDURES:
     _PUSH_ARGS_L                              4756      20      32       2   NON_BANKED  
     _ENTER_UNARY_L                            4776      29      41       3   NON_BANKED  
     _ENTER_BINARY_L                           479F      16      22       3   NON_BANKED  
     _ENTER_BINARY_L_RC                        47B5      19      25       5   NON_BANKED  
     _LADD_k_is_k_plus_j                       47CE      1F      31       2   NON_BANKED  
     _k_is_k_plus_j_l                          47ED      1E      30       2   NON_BANKED  
     _k_is_k_plus_j_i                          480B      12      18       3   NON_BANKED  
     _LSUB_k_is_k_minus_j                      481D      1F      31       1   NON_BANKED  
     _LAND_k_is_k_and_j                        483C      1F      31       1   NON_BANKED  
     _LMUL_k_is_k_mul_j                        485B      81     129       1   NON_BANKED  
     _LDIVMOD                                  48DC      A4     164       1   NON_BANKED  
     _LDIVU_k_is_k_div_j                       4980      17      23       1   NON_BANKED  
     _LCMP_k_rel_j                             4997      1F      31       2   NON_BANKED  
     _CMP24_k_rel_j                            49B6      1E      30       2   NON_BANKED  
     _IMUL_STAR08                              49D4      27      39       8   NON_BANKED  
     _ILSR                                     49FB       C      12       1   NON_BANKED  
     _ILSL                                     4A07       C      12       3   NON_BANKED  
     _LINC                                     4A13      16      22       2   NON_BANKED  
     _LADD                                     4A29       6       6       2   NON_BANKED  
     _LADD_RC                                  4A2F       6       6      12   NON_BANKED  
     _LSUB                                     4A35       6       6       1   NON_BANKED  
     _LAND_RC                                  4A3B       6       6       1   NON_BANKED  
     _LMUL_RC                                  4A41       6       6       2   NON_BANKED  
     _LDIVU_RC                                 4A47       6       6       1   NON_BANKED  
     _LLSR                                     4A4D      16      22       1   NON_BANKED  
     _LLSL                                     4A63      16      22      18   NON_BANKED  
     _LCMP                                     4A79       6       6      15   NON_BANKED  
     _LCMP_RC                                  4A7F       6       6       4   NON_BANKED  
     _PUSH_ARGS_24                             4A85      18      24       2   NON_BANKED  
     _ENTER_BINARY_24_RC                       4A9D      18      24       1   NON_BANKED  
     _ENTER_BINARY_24                          4AB5      15      21       1   NON_BANKED  
     _CMP24                                    4ACA       5       5       1   NON_BANKED  
     _CMP24_RC                                 4ACF       5       5      26   NON_BANKED  
     _COPY                                     4AD4      30      48       1   NON_BANKED  
     _COPY_L                                   4B04      39      57       1   NON_BANKED  
     _POP32                                    4B3D      1A      26      17   NON_BANKED  
     _SEXT8_32                                 4B57      10      16       3   NON_BANKED  
     _SEXT16_32                                4B67       D      13      12   NON_BANKED  
     _CALL_STAR08_FAR                          4B74      2A      42      30   NON_BANKED  
     _Jump_Table_Header_Offset                 4B9E      24      36       3   NON_BANKED  
     _Search_Table_16_Offset                   4BC2      39      57       1   NON_BANKED  
     _PUSH_CC                                  4BFB       F      15      81   NON_BANKED  
     _POP_CC                                   4C0A       F      15      81   NON_BANKED  
- VARIABLES:
MODULE:                 -- PhyMacMsg_c.obj (802.15.4_MAC2006_FFD_S08MC1323x.Lib) --
- PROCEDURES:
     MM_Init                                   719C      8E     142       2   .text       
     List_ClearAnchor                          722A       4       4      26   .text       
     List_AddTail                              722E      45      69      24   .text       
     List_AddHead                              7273      3F      63      14   .text       
     List_RemoveHead                           72B2      2B      43      24   .text       
     List_Remove                               72DD      53      83       8   .text       
     List_GetFirst                             7330      1B      27      16   .text       
     List_GetNext                              734B      20      32      10   .text       
     MM_AddToPool                              736B      20      32       2   .text       
     MM_AllocPool                              738B      4A      74       2   .text       
     MM_Alloc                                  73D5       8       8      48   .text       
     MM_Free                                   73DD      5B      91     102   .text       
     MM_AllocFast                              7438      58      88       8   .text       
     MM_SetPrivatePool                         7490      13      19       8   .text       
- VARIABLES:
     gFreeMessagesCount                         AF7       1       1       7   .common     
MODULE:                 -- SmApi_c.obj (802.15.4_MAC2006_FFD_S08MC1323x.Lib) --
- PROCEDURES:
     SmApi_UndefState                          74A3       1       1       6   .text       
- VARIABLES:
MODULE:                 -- SecurityLib_c.obj (802.15.4_MAC2006_FFD_S08MC1323x.Lib) --
- PROCEDURES:
     CCM_XorN                                  74A4      1E      30       6   .text       
     CCM_CreateAB0                             74C2      24      36       6   .text       
     CCM_GetBlockLength                        74E6       7       7       4   .text       
     SecLib_CcmStar                            74ED     273     627      11   .text       
- VARIABLES:
MODULE:                 -- SecurityApply_c.obj (802.15.4_MAC2006_FFD_S08MC1323x.Lib) --
- PROCEDURES:
     Sec_TraverseBeacon                        7760      2E      46       2   .text       
     Sec_LookupKeyDescriptor                   778E     10F     271      10   .text       
     Sec_BeaconRetrieveKeyTxFrame              789D      EF     239       3   .text       
     Sec_RetrieveKeyTxFrame                    798C     12A     298       3   .text       
     Sec_DetermineNonPayloadLen                7AB6      2B      43       4   .text       
     Sec_SecureTxFrame                         7AE1     18C     396      11   .text       
     Sec_CreateSecurityHeader                  7C6D      9D     157       6   .text       
     Sec_UnsecureRxFrame                       7D0A     270     624      10   .text       
     Sec_RetrieveRxSecurityMaterial            C000     216     534      10   APP_CODE_2_0
     Sec_CheckRxSecurityLevel                  C216     110     272       6   APP_CODE_2_0
     Sec_SecurityLevelCompare                  C326      2D      45       4   APP_CODE_2_0
     Sec_CheckRxKeyPolicy                      C353      A3     163       4   APP_CODE_2_0
     Sec_LookupDeviceDescriptor                C3F6      47      71       2   APP_CODE_2_0
     Sec_CheckBlackList                        C43D      D5     213       4   APP_CODE_2_0
     Sec_ParseAuxiliarySecurityHeader          C512      97     151       6   APP_CODE_2_0
     Sec_DetermineAddressFieldLen              C5A9      50      80       4   APP_CODE_2_0
     Sec_DetermineAuxLenHelpFunc               C5F9      32      50       2   APP_CODE_2_0
     Sec_DetermineAuxLen                       C62B      20      32       6   APP_CODE_2_0
- VARIABLES:
MODULE:                 -- PacketManager_c.obj (802.15.4_MAC2006_FFD_S08MC1323x.Lib) --
- PROCEDURES:
     MacTimerHandler                           C64B       B      11       4   APP_CODE_2_0
     PacMan_CheckExpiredPackets                C656      88     136       2   APP_CODE_2_0
     PacMac_Init                               C6DE      26      38       2   APP_CODE_2_0
     PacMan_SetDirectRouteFlag                 C704      86     134       2   APP_CODE_2_0
     PacMan_AddToDirectQueue                   C78A      22      34       2   APP_CODE_2_0
     PacMan_AddToDirectQueueHead               C7AC      34      52      18   APP_CODE_2_0
     PacMan_GetFromDirectQueue                 C7E0      1D      29       6   APP_CODE_2_0
     PacMan_IsDirectDataPending                C7FD       B      11       2   APP_CODE_2_0
     PacMan_GetFromIndirectBroadcastQueue       C808      2C      44       2   APP_CODE_2_0
     PacMan_AddToIndirectBroadcastQueue        C834      14      20       4   APP_CODE_2_0
     PacMan_AddToIndirectBroadcastQueueHead       C848      14      20       2   APP_CODE_2_0
     PacMan_IsEmptyBroadcastQueue              C85C      12      18       2   APP_CODE_2_0
     PacMan_GetFromIndirectQueue               C86E      CA     202       4   APP_CODE_2_0
     PacMan_AddToIndirectQueue                 C938      F6     246       2   APP_CODE_2_0
     PacMan_AddToIndirectQueueHead             CA2E      97     151       4   APP_CODE_2_0
     PacMan_PurgeAfterSeqAction                CAC5      45      69       6   APP_CODE_2_0
     PacMan_Purge                              CB0A      38      56       2   APP_CODE_2_0
     AddTransactionExpireTimeToPacket          CB42      D4     212       2   APP_CODE_2_0
     PacMan_PurgeFromQueue                     CC16     17A     378      12   APP_CODE_2_0
     PacMan_CheckForExpired                    CD90      94     148       4   APP_CODE_2_0
     PacMan_ExpirePacket                       CE24      D2     210       6   APP_CODE_2_0
     PacManToPp_AddToIndirect                  CEF6      63      99       4   APP_CODE_2_0
     PacManToPp_RemoveFromIndirect             CF59      3E      62       6   APP_CODE_2_0
     PacManToPp_ClearHwIndirect                CF97      18      24       2   APP_CODE_2_0
- VARIABLES:
     mPacManDirectPackets_D2C                   AF8       4       4       6   .common     
     mPacManDirectPackets_C2D                   AFC       4       4       5   .common     
     mPacManIndirectPackets                     B00       4       4      14   .common     
     mPacManIndirectBroadcastPkts               B04       4       4       6   .common     
     mPacManGuardPacket                         B08       1       1       9   .common     
     gpPacketToPurge                            B09       2       2       4   .common     
     mPpIndirectQueueAddr                       B0B      18      24       9   .common     
MODULE:                 -- PacketLib_c.obj (802.15.4_MAC2006_FFD_S08MC1323x.Lib) --
- PROCEDURES:
     PacLib_IsCoordRealignOnOrphan             CFAF      63      99       2   APP_CODE_2_0
     PacLib_IsGtsRequest                       D012      65     101       2   APP_CODE_2_0
     PacLib_CreateZeroLengthDataPacket         D077     10E     270       3   APP_CODE_2_0
     PacLib_CreatePollPacket                   D185     154     340       9   APP_CODE_2_0
     PacLib_CreateBeaconPacket                 D2D9     207     519       7   APP_CODE_2_0
- VARIABLES:
MODULE:                 -- MacPib_c.obj (802.15.4_MAC2006_FFD_S08MC1323x.Lib) --
- PROCEDURES:
     MPIB_Init                                 D4E0     1F4     500       3   APP_CODE_2_0
     MPIB_GetPointer                           D6D4     27E     638      16   APP_CODE_2_0
     FLib_ArrayAddPibAttribute                 D952      20      32      20   APP_CODE_2_0
- VARIABLES:
     gMacPibOffsetTable                        515A      21      33       2   .rodata     
     gMacPibSecurity2006OffsetTable            517B      1E      30       2   .rodata     
     gMacPibSecCrtEntriesOffsetTable           5199       E      14       2   .rodata     
     gMacPibKeyDescriptorOffsetTable           51A7       8       8       2   .rodata     
     gMacPibKeyIdLookupDescriptorOffsetTable       51AF       3       3       2   .rodata     
     gMacKeyDeviceDescriptorOffsetTable        51B2       4       4       2   .rodata     
     gMacKeyUsageDescriptorOffsetTable         51B6       3       3       2   .rodata     
     gMacDeviceDescriptorOffsetTable           51B9       6       6       2   .rodata     
     gMacSecurityLevelDescriptorOffsetTable       51BF       5       5       2   .rodata     
     gMacVendorPibOffsetTable                  51C4      14      20       2   .rodata     
     gMacPib                                    B23      9B     155     391   .common     
MODULE:                 -- MacConst_c.obj (802.15.4_MAC2006_FFD_S08MC1323x.Lib) --
- PROCEDURES:
- VARIABLES:
     aExtendedAddress                           BBE       8       8      17   .common     
MODULE:                 -- ClockManager_c.obj (802.15.4_MAC2006_FFD_S08MC1323x.Lib) --
- PROCEDURES:
     CM_InitOnStartup                          D972      23      35       2   APP_CODE_2_0
     CM_TimingIsVeryCritical                   D995       C      12      10   APP_CODE_2_0
     CM_TimingIsCritical                       D9A1       C      12       6   APP_CODE_2_0
     CM_MoveTimeToBackoff24                    D9AD      3E      62       8   APP_CODE_2_0
     CM_GetRandomBackoff                       D9EB      34      52       4   APP_CODE_2_0
     CM_ResetClock                             DA1F      15      21      20   APP_CODE_2_0
     CM_ResetClockRel                          DA34      45      69       4   APP_CODE_2_0
     CM_SetNextClockBoundary                   DA79      10      16      46   APP_CODE_2_0
     CM_SetCurClock                            DA89      33      51      24   APP_CODE_2_0
- VARIABLES:
     mCMBackoff                                 352       1       1       3   .data       
     mCM_ClockOffset                            54A       4       4      40   .bss        
     mCM_CurrentClock                           54E       4       4      45   .bss        
     mCM_CurrentClockAbs                        552       4       4      16   .bss        
     mCM_TimeNeededInNextCAP                    556       2       2      19   .bss        
     mCM_WaitTime                               558       2       2      12   .bss        
     aMinSetupTime_s                            BC6       1       1      17   .common     
     aMinSetupTimeCritical_s                    BC7       1       1       2   .common     
     aMinSetupTimeVeryCritical_s                BC8       1       1       2   .common     
     mCM_DelayUntilNextAction                   BC9       1       1       9   .common     
     mCM_NextClockBoundary                      BCA       4       4      51   .common     
     mCM_BleEndTime                             BCE       4       4      13   .common     
     CM_RandomBackoff                           BD2       2       2       4   .common     
     mEnableCriticalTiming                      BD4       1       1       5   .common     
MODULE:                 -- AsmDriver_c.obj (802.15.4_MAC2006_FFD_S08MC1323x.Lib) --
- PROCEDURES:
     Asm_Init                                  DABC      3C      60       2   APP_CODE_2_0
     Asm_AesEncryptDecrypt                     DAF8      22      34       8   APP_CODE_2_0
     Asm_Ccm                                   DB1A     148     328       4   APP_CODE_2_0
- VARIABLES:
MODULE:                 -- MacSeqMC1323X_c.obj (802.15.4_MAC2006_FFD_S08MC1323x.Lib) --
- PROCEDURES:
     ResetSequencer                            DC62      2A      42       6   APP_CODE_2_0
     MacSeqInit                                DC8C       A      10       2   APP_CODE_2_0
     SeqErrorStateLower                        DC96       1       1       2   APP_CODE_2_0
     IsCurrentActionAutoRx                     4C19       D      13       3   NON_BANKED  
     IsCurrentActionExtRx                      4C26       D      13       1   NON_BANKED  
     SeqPassCompleteToMem                      4C33      12      18       8   NON_BANKED  
     SeqIsrCompletedInErrorState               4C45      38      56       2   NON_BANKED  
     SeqGenerateError                          4C7D       D      13       2   NON_BANKED  
     SeqSendActionCompleteToMem                4C8A      64     100       2   NON_BANKED  
     SeqInjectEventToSubComponent              4CEE      52      82       8   NON_BANKED  
     SeqFinishActionReq                        4D40      50      80       1   NON_BANKED  
     SeqActionReq                              4D90      1A      26       1   NON_BANKED  
     PhyPdDataConfirm                          4DAA      1B      27       2   NON_BANKED  
     PhyPdDataIndication                       4DC5      12      18       1   NON_BANKED  
     PhyPlmeCcaConfirm                         4DD7      2C      44       3   NON_BANKED  
     PhyPlmeEdConfirm                          4E03       A      10       1   NON_BANKED  
     PhyPlmeSyncLossIndication                 4E0D      26      38       4   NON_BANKED  
     PhyTimeRxTimeoutIndication                4E33      5B      91       6   NON_BANKED  
     PhyTimeStartEventIndication               4E8E       5       5       1   NON_BANKED  
- VARIABLES:
     pCurrentSeqAction                          BD5       2       2      55   .common     
     mpPendingSeqMemCompletion                  BD7       1       1       5   .common     
     mSeqSubComponentStateMachine               BD8       4       4      71   .common     
     mBufferedError                             BDC       1       1       3   .common     
     mpSeqRxData                                BDD       2       2      38   .common     
     mMacRxMask                                 BDF       1       1       4   .common     
     gSeqInErrorState                           BE0       1       1       1   .common     
     gSeqGotDataIndication                      BE1       1       1       5   .common     
     gPendingSeqMemActionFinished               BE2       1       1       4   .common     
MODULE:                 -- SeqRxMC1323X_c.obj (802.15.4_MAC2006_FFD_S08MC1323x.Lib) --
- PROCEDURES:
     SeqWaitRxBuffer                           DC97      57      87       4   APP_CODE_2_0
     SeqWaitRxConfirm                          DCEE      F6     246      13   APP_CODE_2_0
     SeqWaitTimeout                            DDE4      1C      28       4   APP_CODE_2_0
     SeqWaitEdConfirm                          DE00      1B      27       2   APP_CODE_2_0
     ContinueOrCompleteRx                      4E93      25      37       1   NON_BANKED  
     RestartRxOrTimeout                        4EB8      22      34       3   NON_BANKED  
     RestartRx                                 4EDA      5F      95       2   NON_BANKED  
     SeqMacRxFilter                            4F39      BF     191       4   NON_BANKED  
     SeqPanIdConflictDetected                  4FF8       D      13       1   NON_BANKED  
     SeqRx_PhyPlmeRxRequest                    5005      1F      31       6   NON_BANKED  
- VARIABLES:
     frmCtrlTable                              51D8      10      16       3   .rodata     
     gPollAckFPstate                            55A       1       1       2   .bss        
     mCurrentClock                              55B       4       4       3   .bss        
     dstsrc                                     55F       1       1       1   .bss        
     dst                                        560       1       1       2   .bss        
     src                                        561       1       1       1   .bss        
     frameControlLow                            562       1       1       3   .bss        
     mDstLen                                    563       1       1       3   .bss        
     mSrcLen                                    564       1       1       5   .bss        
     mFrameType                                 565       1       1       3   .bss        
     gRxTimeStamp24                             BE3       4       4       5   .common     
     gRxTimeStamp                               BE7       2       2       1   .common     
     mPhyRxParams                               BE9       5       5       2   .common     
     seqToPhySavedRxPtr                         BEE       2       2       2   .common     
MODULE:                 -- SeqSubMainMC1323X_c.obj (802.15.4_MAC2006_FFD_S08MC1323x.Lib) --
- PROCEDURES:
     SeqSubCompIdleState                       DE1B     129     297      43   APP_CODE_2_0
- VARIABLES:
     cccaSetPending                             566       1       1       4   .bss        
     gCurrentPALevel                            BF0       1       1       1   .common     
     gpaPowerLevelLimits                        BF1       2       2       1   .common     
MODULE:                 -- SeqTxMC1323X_c.obj (802.15.4_MAC2006_FFD_S08MC1323x.Lib) --
- PROCEDURES:
     SeqWaitTxConfirm                          DF44     200     512      21   APP_CODE_2_0
     SetupTxCompleteClock                      5024      B8     184       2   NON_BANKED  
     SeqTx_PhyPdDataReq                        50DC      62      98       3   NON_BANKED  
- VARIABLES:
     seqToPhySavedTxPtr                         BF3       2       2       8   .common     
     gLowLatencyTX                              BF5       1       1       5   .common     
     completeCCAClock                           BF6       4       4       3   .common     
     startCcca                                  BFA       4       4       4   .common     
     endCcca                                    BFE       4       4       2   .common     
     difCcca                                    C02       4       4       2   .common     
     msduHandleLenSwap                          C06       1       1      12   .common     
     mRxOnTxParams                              C07       5       5       1   .common     
MODULE:                 -- MlmeStart_c.obj (802.15.4_MAC2006_FFD_S08MC1323x.Lib) --
- PROCEDURES:
     MlmeStart_Init                            E144      E7     231       4   APP_CODE_2_0
     MlmeStart_Finish                          E22B      1B      27       6   APP_CODE_2_0
     MlmeStartWaitTxResult                     E246      48      72       2   APP_CODE_2_0
- VARIABLES:
     gBeaconSecurityLevel                       C0C       1       1       8   .common     
     gBeaconKeyIdMode                           C0D       1       1       3   .common     
     gBeaconKeySource                           C0E       8       8       3   .common     
     gBeaconKeyIndex                            C16       1       1       2   .common     
MODULE:                 -- MlmeScan_c.obj (802.15.4_MAC2006_FFD_S08MC1323x.Lib) --
- PROCEDURES:
     MlmeScan_InitScan                         E28E     11B     283       2   APP_CODE_2_0
     MlmeScan_StartScan                        E3A9      DD     221      13   APP_CODE_2_0
     MlmeScan_ProcessBeacon                    E486     14D     333       7   APP_CODE_2_0
     MlmeScan_StoreOrphanResult                E5D3      44      68       2   APP_CODE_2_0
     MlmeEdScan                                E617      71     113       2   APP_CODE_2_0
     MlmeActivePassiveScan                     E688      C2     194       7   APP_CODE_2_0
     MlmeOrphanScan                            E74A      8E     142       2   APP_CODE_2_0
     MlmeScan_SendErrConfirm                   E7D8      29      41       6   APP_CODE_2_0
- VARIABLES:
     mScanChannels                              567       3       3       7   .bss        
     mChannelMask                               56A       1       1      10   .bss        
     mCurrentMask                               56B       1       1       7   .bss        
     mScanDuration                              56C       1       1       5   .bss        
     mScanChannel                               56D       1       1       2   .bss        
     mScanType                                  56E       1       1       9   .bss        
     mPanIdBackup                               56F       2       2       5   .bss        
     mResultListSize                            571       1       1      10   .bss        
     mpScanResults                              572       2       2      14   .bss        
     mResultsForCurrentBlock                    574       1       1       5   .bss        
     mpDescriptorsBlock                         575       2       2       5   .bss        
     mScanSecurityLevel                         577       1       1       2   .bss        
     mScanKeyIdMode                             578       1       1       2   .bss        
     mScanKeySource                             579       8       8       2   .bss        
     mScanKeyIndex                              581       1       1       2   .bss        
     gMlmeScan_CheckBeacon                      C17       1       1       8   .common     
     gMlmeScan_CurrentChannel                   C18       1       1      10   .common     
     gMlmeScan_FastEd                           C19       1       1       4   .common     
MODULE:                 -- MlmePanIdConflict_c.obj (802.15.4_MAC2006_FFD_S08MC1323x.Lib) --
- PROCEDURES:
     MlmePanIdConflictDetected                 E801      26      38       2   APP_CODE_2_0
- VARIABLES:
MODULE:                 -- MlmeInputHandler_c.obj (802.15.4_MAC2006_FFD_S08MC1323x.Lib) --
- PROCEDURES:
     MlmeIh_Init                               E827       E      14       2   APP_CODE_2_0
     MlmeIh_ReuseNwkMsgForMem                  E835       D      13       2   APP_CODE_2_0
     MlmeIh_ReuseMemMsgForNwk                  E842       D      13      16   APP_CODE_2_0
     MlmeIh_ParseFrameHeader                   E84F      D6     214      18   APP_CODE_2_0
     MlmeIh_ParseCommandFrame                  E925     101     257       5   APP_CODE_2_0
     MlmeIh_ProcessBeaconFrame                 EA26     1F7     503       7   APP_CODE_2_0
     MlmeIh_ProcessPendingAddressList          EC1D      AF     175       2   APP_CODE_2_0
     MlmeIh_BuildPanDescriptor                 ECCC     105     261       2   APP_CODE_2_0
     MlmeIh_ProcessPurgeRequest                EDD1      2F      47       2   APP_CODE_2_0
     MlmeIh_ProcessMemTxCnf                    EE00      8D     141       2   APP_CODE_2_0
     MlmeIh_ProcessRemoteDataRequest           EE8D      97     151       2   APP_CODE_2_0
     MlmeIh_ProcessPollConfirm                 EF24     1B8     440       5   APP_CODE_2_0
     MlmeIh_ProcessBeaconRequest               F0DC      4B      75       2   APP_CODE_2_0
     MlmeIh_PreProcessMemMessage               F127      D5     213       4   APP_CODE_2_0
- VARIABLES:
     hdrOffset                                 51E8       4       4       1   .rodata     
     remoteFrameDescOffsets                    51EC       9       9       1   .rodata     
     remoteFrameDesc                           51F5       D      13       1   .rodata     
     mpMlmeIhPendingNwkMsg                      C1A       2       2      46   .common     
     mpMlmeIhPendingMemMsg                      C1C       2       2      64   .common     
     gMlmeCurrentMacFrameHeader                 C1E      20      32      26   .common     
     gAutoPollAllowed                           C3E       1       1       7   .common     
MODULE:                 -- MlmeMain_c.obj (802.15.4_MAC2006_FFD_S08MC1323x.Lib) --
- PROCEDURES:
     Mlme_Init                                 F1FC      6D     109       2   APP_CODE_2_0
     NWK_MLME_SapHandler                       F269      88     136      10   APP_CODE_2_0
     MEM_MLME_SapHandler                       F2F1      20      32      28   APP_CODE_2_0
     NWK_MCPS_SapHandler                       F311      6F     111       4   APP_CODE_2_0
     Mlme_Main                                 F380     170     368       2   APP_CODE_2_0
     Mlme_FreeSendPendingMsg                   F4F0      3E      62      22   APP_CODE_2_0
     Mlme_CreateAndSendCommStatusOnRxPacket       F52E      D7     215       2   APP_CODE_2_0
     MlmeSm_ErroneousInput                     F605      24      36       6   APP_CODE_2_0
     Mlme_Reset                                F629      31      49       2   APP_CODE_2_0
     Mlme_HandleSetGetReq                      F65A      D4     212       4   APP_CODE_2_0
     Mlme_VerifyNwkInput                       F72E     407    1031      36   APP_CODE_2_0
     Mlme_CheckPibAttributes                   FB35     2E7     743      27   APP_CODE_2_0
     MacRxTxTimerCallBack                      FE1C      6A     106       2   APP_CODE_2_0
- VARIABLES:
     mPibAttributesRangeTable                  5202      63      99       3   .rodata     
     gMacReadOnlyPibs                          5265      12      18       1   .rodata     
     gMacTimerID                                353       1       1       8   .data       
     gSequencerTimerID                          354       1       1       2   .data       
     gMacRxTxPacketTimerID                      355       1       1       4   .data       
     gRxTxPacketCnt                             582       1       1       7   .bss        
     gExpiryTimeNextService                     583       2       2      14   .bss        
     gExpiryTimeCurCnt                          585       2       2      15   .bss        
     gRxSecurityFailure                         C3F       1       1       3   .common     
     gCurrentRxTxPacketCnt                      C40       1       1       2   .common     
     mMemMlmeInputQueue                         C41       4       4       6   .common     
     mNwkMlmeInputQueue                         C45       4       4       6   .common     
     mNwkMcpsInputQueue                         C49       4       4       5   .common     
MODULE:                 -- MlmeOutputHandler_c.obj (802.15.4_MAC2006_FFD_S08MC1323x.Lib) --
- PROCEDURES:
     MlmeOh_Init                               FE86       9       9       2   APP_CODE_2_0
     MlmeOh_NwkMsg                             FE8F      14      20      40   APP_CODE_2_0
     MlmeOh_MemMsg                             FEA3      14      20      16   APP_CODE_2_0
     MlmeOh_SendNwk                            FEB7       F      15       2   APP_CODE_2_0
     MlmeOh_SendMem                            FEC6       F      15       4   APP_CODE_2_0
     MlmeOh_SendMsgToMem                       8000      C8     200      16   PPAGE_0_1   
     MlmeOh_CreateCommandFrameMessage          80C8      B0     176      17   PPAGE_0_1   
     MlmeOh_CreateCommandFrame                 8178     3C5     965      22   PPAGE_0_1   
- VARIABLES:
     mBroadCastAddr                            5277       2       2       9   .rodata     
     maRuleTable                               5279      14      20       1   .rodata     
     mCmdFrameDescs                            528D      79     121       2   .rodata     
     mpMlmeOhPendingNwkMsg                      C4D       2       2      83   .common     
     mpMlmeOhPendingMemMsg                      C4F       2       2      17   .common     
MODULE:                 -- MlmeSm_c.obj (802.15.4_MAC2006_FFD_S08MC1323x.Lib) --
- PROCEDURES:
     MlmeSm_Init                               853D      11      17       2   PPAGE_0_1   
     MlmeOrphan_SendNotification               854E      58      88       2   PPAGE_0_1   
     MlmeSm_CreateCommStatusIndication         85A6      9F     159       5   PPAGE_0_1   
     MlmeSm_CreateSyncLossIndication           8645      73     115       6   PPAGE_0_1   
     MlmeSm_HandleSyncLoss                     86B8      2A      42       2   PPAGE_0_1   
     MlmeSm_HandleMemTxCnf                     86E2     119     281      11   PPAGE_0_1   
     MlmeSmIdle                                87FB     3EC    1004      72   PPAGE_0_1   
     MlmeSm_DisassociateRemovePANref           8BE7      1D      29       4   PPAGE_0_1   
- VARIABLES:
     gMlmeSm                                    356       4       4      62   .data       
     txCoordRealigCmdFlag                       587       1       1       5   .bss        
     startCurrentChannel                        C51       1       1       2   .common     
     startCrtMacPanId                           C52       2       2       4   .common     
MODULE:                 -- MlmeGts_c.obj (802.15.4_MAC2006_FFD_S08MC1323x.Lib) --
- PROCEDURES:
     MlmeGts_SendRequest                       8C04      6C     108       2   PPAGE_0_1   
     MlmeGts_ProcessPendingRequest             8C70      8E     142       2   PPAGE_0_1   
     MlmeGts_CompleteHandler                   8CFE      29      41       8   PPAGE_0_1   
     MlmeGts_SendConfirm                       8D27      21      33       6   PPAGE_0_1   
     gtsForcedDelete                           8D48      5B      91       2   PPAGE_0_1   
     MlmeGts_ProcessRxBeaconGtsData            8DA3     13B     315       6   PPAGE_0_1   
     MlmeGts_ProcessRemoteRequest              8EDE      76     118       2   PPAGE_0_1   
     gtsExpireSlot                             8F54      88     136       2   PPAGE_0_1   
     gtsAddToBack                              8FDC      37      55       4   PPAGE_0_1   
     gtsGetStartSlot                           9013      61      97       2   PPAGE_0_1   
     MlmeGts_GenerateGtsData                   9074      D7     215       6   PPAGE_0_1   
     MlmeGts_init                              914B      34      52       4   PPAGE_0_1   
     gtsSendIndication                         917F      73     115      10   PPAGE_0_1   
     MlmeGts_GuardedActionHandler              91F2      50      80       2   PPAGE_0_1   
     MlmeGts_CheckValidGts                     9242      F8     248       8   PPAGE_0_1   
     MlmeGts_QueueGtsFrame                     933A      14      20       2   PPAGE_0_1   
     MlmeGts_Reset                             934E      21      33       4   PPAGE_0_1   
     gtsFlushAnchor                            936F      25      37       6   PPAGE_0_1   
     gtsAllocateSlot                           9394      68     104       4   PPAGE_0_1   
     gtsReallocateSlot                         93FC      45      69       2   PPAGE_0_1   
     gtsDeallocateSlot                         9441      76     118       8   PPAGE_0_1   
     gtsAlignSlots                             94B7     109     265      11   PPAGE_0_1   
     gtsCalculateSlotTiming                    95C0     1BE     446       7   PPAGE_0_1   
     gtsCalculateSlotExpiration                977E      1E      30       4   PPAGE_0_1   
     MemGts_GetNextSlot                        979C      FC     252       3   PPAGE_0_1   
- VARIABLES:
     gLastCapSlot                               C54       1       1      10   .common     
     gMlmeGtsAllocRequestSent                   C55       1       1       8   .common     
     gMlmeGtsBeaconsRemaining                   C56       1       1       4   .common     
     gMlmeGtsRequestedCharacteristics           C57       1       1      10   .common     
     gMlmeGtsSecurityLevel                      C58       1       1       2   .common     
     gMlmeGtsKeyIdMode                          C59       1       1       2   .common     
     gMlmeGtsKeySource                          C5A       8       8       2   .common     
     gMlmeGtsKeyIndex                           C62       1       1       2   .common     
     gGtsData                                   C63      17      23       4   .common     
     gGtsLen                                    C7A       1       1       5   .common     
     gGtsInfoArray                              C7B      8C     140      27   .common     
     gGtsGuardedAction                          D07       1       1      13   .common     
     gUpdateGtsData                             D08       1       1       4   .common     
     pGtsAnchor                                 D09       2       2       3   .common     
     gMlmeGtsAccess                             D0B       1       1      16   .common     
     gMemGtsAccess                              D0C       1       1      12   .common     
MODULE:                 -- MlmeAssociate_c.obj (802.15.4_MAC2006_FFD_S08MC1323x.Lib) --
- PROCEDURES:
     MlmeAssociate_SendRequest                 9898      C6     198       2   PPAGE_0_1   
     MlmeAssociate_SendPollRequest             995E      2A      42       2   PPAGE_0_1   
     MlmeAssociate_SendIndication              9988      6F     111       2   PPAGE_0_1   
     MlmeAssociate_SendConfirm                 99F7      92     146       4   PPAGE_0_1   
     MlmeAssociate_SendErrConfirm              9A89      41      65       8   PPAGE_0_1   
     MlmeDisassociate_SendIndication           9ACA      62      98       2   PPAGE_0_1   
     MlmeAssociate_HandlePollCompletion        9B2C      28      40       2   PPAGE_0_1   
     MlmeAssociate_SetTimer                    9B54      34      52       8   PPAGE_0_1   
     MlmeAssociateWaitTxResult                 9B88      B4     180      11   PPAGE_0_1   
     MlmeAssociateIgnorePollConfirm            9C3C      16      22       2   PPAGE_0_1   
     MlmeAssociateWaitTimeout                  9C52      76     118       4   PPAGE_0_1   
- VARIABLES:
     mAssociateCoordAddrMode                    D0D       1       1       2   .common     
     mAssociateSecurityEnable                   D0E       1       1       2   .common     
     mAssociateCoordAddress                     D0F       8       8       1   .common     
     mAssociateCoordPanId                       D17       2       2       1   .common     
     mWaitForAssociateResp                      D19       1       1       4   .common     
     mAssociateSecurityLevel                    D1A       1       1       2   .common     
     mAssociateKeyIdMode                        D1B       1       1       2   .common     
     mAssociateKeySource                        D1C       8       8       2   .common     
     mAssociateKeyIndex                         D24       1       1       2   .common     
MODULE:                 -- MemTimer_c.obj (802.15.4_MAC2006_FFD_S08MC1323x.Lib) --
- PROCEDURES:
     MemTimer_StartWait                        9CC8      16      22       2   PPAGE_0_1   
     MemLwrWaitTimer                           9CDE      1C      28       2   PPAGE_0_1   
- VARIABLES:
MODULE:                 -- MemScan_c.obj (802.15.4_MAC2006_FFD_S08MC1323x.Lib) --
- PROCEDURES:
     MemScan_InitEd                            9CFA      2F      47       2   PPAGE_0_1   
     MemScan_InitScan                          9D29     14F     335       5   PPAGE_0_1   
     MemScan_InitPassiveScan                   9E78      1F      31       2   PPAGE_0_1   
     MemScan_CalcScanDuration                  9E97      56      86       6   PPAGE_0_1   
     MemEdScanChannel                          9EED      53      83       2   PPAGE_0_1   
     MemScanChannelRx                          9F40      68     104       4   PPAGE_0_1   
     MemScanOrphanRx                           9FA8      AD     173       3   PPAGE_0_1   
- VARIABLES:
     gMemScan_ScanDuration                      D25       4       4       9   .common     
     gMemScan_ScanCompleted                     D29       1       1      13   .common     
     mMaxDetectedEnergy                         D2A       1       1       4   .common     
MODULE:                 -- MemData_c.obj (802.15.4_MAC2006_FFD_S08MC1323x.Lib) --
- PROCEDURES:
     MemData_Init                              A055       6       6       2   PPAGE_0_1   
     MemData_StartupTrsHandler                 A05B      18      24       4   PPAGE_0_1   
     MemData_TrsHandler                       28000      CE     206      12   PPAGE_2_2   
     MemDataWfActionFinish                    280CE      13      19       2   PPAGE_2_2   
     MemDataWfAutoRxComplete                  280E1      32      50       6   PPAGE_2_2   
     MemDataWfRandomBackoff                   28113      56      86       2   PPAGE_2_2   
     MemDataWfTxComplete                      28169      95     149       4   PPAGE_2_2   
     MemDataDeviceWfDataReqComplete           281FE      B3     179       4   PPAGE_2_2   
     MemData_StartRxEnableTrsHandler          282B1      4A      74       2   PPAGE_2_2   
- VARIABLES:
     mMemDataDefaultRxInterval_c               5306       4       4       1   .rodata     
     gNumTxNoAck                                588       1       1       2   .bss        
     mMemData                                   D2B       1       1       4   .common     
MODULE:                 -- MemBeacon_c.obj (802.15.4_MAC2006_FFD_S08MC1323x.Lib) --
- PROCEDURES:
     MemBeacon_Init                           282FB       8       8       2   PPAGE_2_2   
     MemBeacon_ActionFailCallback             28303      13      19       2   PPAGE_2_2   
     MemBeacon_SetMaintenanceScanPending      28316       6       6       2   PPAGE_2_2   
     MemBeacon_EnableOrDisableBattLifeExtForThisCap      2831C      17      23       2   PPAGE_2_2   
     MemBeacon_SendAspInd                     28333      34      52      12   PPAGE_2_2   
     MemBeacon_SetupTimer                     28367       4       4       4   PPAGE_2_2   
     MemBeacon_BeaconRxFilter                 2836B      49      73       2   PPAGE_2_2   
     MemBeacon_StoreContext                   283B4      2D      45       6   PPAGE_2_2   
     MemBeacon_RestoreContextExclClock        283E1      15      21       4   PPAGE_2_2   
     MemBeacon_RestoreContext                 283F6      3B      59       2   PPAGE_2_2   
     MemBeacon_TreeModeTrsHandler             28431      AB     171       4   PPAGE_2_2   
     MemBeacon_StartupTrsHandler              284DC      CE     206       2   PPAGE_2_2   
     MemBeacon_BcnTrsHandler                  285AA     247     583      21   PPAGE_2_2   
     MemBeaconBcnCoordWfTxComplete            287F1      58      88       4   PPAGE_2_2   
     MemBeaconBcnDeviceWfRxComplete           28849      B2     178       8   PPAGE_2_2   
[...]
 |  |     |     |  |  +- MlmeIh_BuildPanDescriptor
 |  |     |     |  |  |  | 
 |  |     |     |  |  |  +- FLib_AddrModeToLength (see above)
 |  |     |     |  |  |  |  
 |  |     |     |  |  |  +- FLib_MemSet          (see above)
 |  |     |     |  |  |  |  
 |  |     |     |  |  |  +- FLib_MemCpy          (see above)
 |  |     |     |  |  |  |  
 |  |     |     |  |  |  +- FLib_AddOffsetToPointer (see above)
 |  |     |     |  |  |     
 |  |     |     |  |  +- MlmeScan_ProcessBeacon
 |  |     |     |  |  |  | 
 |  |     |     |  |  |  +- FLib_MemCmp          (see above)
 |  |     |     |  |  |  |  
 |  |     |     |  |  |  +- FLib_MemCpy          (see above)
 |  |     |     |  |  |  |  
 |  |     |     |  |  |  +- MM_Alloc             (see above)
 |  |     |     |  |  |  |  
 |  |     |     |  |  |  +- MlmeOh_MemMsg        (see above)
 |  |     |     |  |  |     
 |  |     |     |  |  +- MlmeOh_NwkMsg        (see above)
 |  |     |     |  |  |  
 |  |     |     |  |  +- FLib_MemCpy          (see above)
 |  |     |     |  |  |  
 |  |     |     |  |  +- Mlme_FreeSendPendingMsg (see above) (recursive dependency)
 |  |     |     |  |     
 |  |     |     |  +- Mcps_ConvertMemMsg  
 |  |     |     |  |  | 
 |  |     |     |  |  +- MlmeIh_ParseFrameHeader (see above)
 |  |     |     |  |  |  
 |  |     |     |  |  +- FLib_MemInPlaceCpy   (see above)
 |  |     |     |  |  |  
 |  |     |     |  |  +- FLib_MemCpy          (see above)
 |  |     |     |  |  |  
 |  |     |     |  |  +- MCPS_NWK_SapHandler  (see above)
 |  |     |     |  |     
 |  |     |     |  +- MlmeIh_ParseCommandFrame
 |  |     |     |  |  | 
 |  |     |     |  |  +- MlmeIh_ParseFrameHeader (see above)
 |  |     |     |  |  |  
 |  |     |     |  |  +- FLib_AddOffsetToPointer (see above)
 |  |     |     |  |  |  
 |  |     |     |  |  +- _PUSH_CC             (see above)
 |  |     |     |  |  |  
 |  |     |     |  |  +- _POP_CC              (see above)
 |  |     |     |  |  |  
 |  |     |     |  |  +- MM_Alloc             (see above)
 |  |     |     |  |  |  
 |  |     |     |  |  +- FLib_MemCpy          (see above)
 |  |     |     |  |     
 |  |     |     |  +- MlmeIh_ProcessBeaconRequest
 |  |     |     |  |  | 
 |  |     |     |  |  +- MM_Free              (see above)
 |  |     |     |  |  |  
 |  |     |     |  |  +- PacLib_CreateBeaconPacket (see above)
 |  |     |     |  |  |  
 |  |     |     |  |  +- MlmeOh_SendMsgToMem  (see above) (recursive dependency)
 |  |     |     |  |     
 |  |     |     |  +- MlmeIh_ProcessRemoteDataRequest
 |  |     |     |  |  | 
 |  |     |     |  |  +- MlmeOh_NwkMsg        (see above)
 |  |     |     |  |  |  
 |  |     |     |  |  +- FLib_MemCpy          (see above)
 |  |     |     |  |  |  
 |  |     |     |  |  +- MLME_NWK_SapHandler  (see above)
 |  |     |     |  |  |  
 |  |     |     |  |  +- MM_Free              (see above)
 |  |     |     |  |  |  
 |  |     |     |  |  +- PacMan_GetFromIndirectQueue
 |  |     |     |  |  |  | 
 |  |     |     |  |  |  +- List_GetFirst        (see above)
 |  |     |     |  |  |  |  
 |  |     |     |  |  |  +- MlmeIh_ParseFrameHeader (see above)
 |  |     |     |  |  |  |  
 |  |     |     |  |  |  +- _PUSH_CC             (see above)
 |  |     |     |  |  |  |  
 |  |     |     |  |  |  +- _POP_CC              (see above)
 |  |     |     |  |  |  |  
 |  |     |     |  |  |  +- FLib_AddrModeToLength (see above)
 |  |     |     |  |  |  |  
 |  |     |     |  |  |  +- FLib_MemCmp          (see above)
 |  |     |     |  |  |  |  
 |  |     |     |  |  |  +- List_Remove          (see above)
 |  |     |     |  |  |  |  
 |  |     |     |  |  |  +- PacManToPp_RemoveFromIndirect (see above)
 |  |     |     |  |  |  |  
 |  |     |     |  |  |  +- TMR_StopTimer        (see above)
 |  |     |     |  |  |  |  
 |  |     |     |  |  |  +- List_GetNext         (see above)
 |  |     |     |  |  |     
 |  |     |     |  |  +- MLME_MEM_SapHandler  (see above) (recursive dependency)
 |  |     |     |  |  |  
 |  |     |     |  |  +- PacLib_CreateZeroLengthDataPacket
 |  |     |     |  |  |  | 
 |  |     |     |  |  |  +- MM_Alloc             (see above)
 |  |     |     |  |  |  |  
 |  |     |     |  |  |  +- _PUSH_CC             (see above)
 |  |     |     |  |  |  |  
 |  |     |     |  |  |  +- _POP_CC              (see above)
 |  |     |     |  |  |  |  
 |  |     |     |  |  |  +- FLib_ArrayAddArray   (see above)
 |  |     |     |  |  |  |  
 |  |     |     |  |  |  +- FLib_AddrModeToLength (see above)
 |  |     |     |  |  |     
 |  |     |     |  |  +- MlmeOh_SendMsgToMem  (see above) (recursive dependency)
 |  |     |     |  |     
 |  |     |     |  +- MlmeIh_ProcessPollConfirm
 |  |     |     |  |  | 
 |  |     |     |  |  +- MM_Free              (see above)
 |  |     |     |  |  |  
 |  |     |     |  |  +- List_AddHead         (see above)
 |  |     |     |  |  |  
 |  |     |     |  |  +- _PUSH_CC             (see above)
 |  |     |     |  |  |  
 |  |     |     |  |  +- _POP_CC              (see above)
 |  |     |     |  |  |  
 |  |     |     |  |  +- FLib_AddrModeToLength (see above)
 |  |     |     |  |  |  
 |  |     |     |  |  +- PacLib_CreatePollPacket (see above)
 |  |     |     |  |  |  
 |  |     |     |  |  +- MlmeOh_SendMsgToMem  (see above) (recursive dependency)
 |  |     |     |  |     
 |  |     |     |  +- MlmeIh_ProcessMemTxCnf
 |  |     |     |     | 
 |  |     |     |     +- PacMan_AddToIndirectQueueHead (see above) (recursive dependency)
 |  |     |     |     |  
 |  |     |     |     +- MM_Free              (see above)
 |  |     |     |     |  
 |  |     |     |     +- PacMan_PurgeAfterSeqAction (see above)
 |  |     |     |     |  
 |  |     |     |     +- SendDataCnf          (see above)
 |  |     |     |        
 |  |     |     +- Mlme_FreeSendPendingMsg (see above) (recursive dependency)
 |  |     |     |  
 |  |     |     +- Mcps_ConvertNwkMsg  
 |  |     |     |  | 
 |  |     |     |  +- _PUSH_CC             (see above)
 |  |     |     |  |  
 |  |     |     |  +- _POP_CC              (see above)
 |  |     |     |  |  
 |  |     |     |  +- FLib_MemCmp          (see above)
 |  |     |     |  |  
 |  |     |     |  +- FLib_MemCpy          (see above)
 |  |     |     |  |  
 |  |     |     |  +- MlmeOh_CreateCommandFrame (see above)
 |  |     |     |  |  
 |  |     |     |  +- MlmeGts_CheckValidGts
 |  |     |     |  |    
 |  |     |     |  +- SendDataCnf          (see above)
 |  |     |     |  |  
 |  |     |     |  +- FLib_MemInPlaceCpy   (see above)
 |  |     |     |  |  
 |  |     |     |  +- MlmeOh_SendMsgToMem  (see above) (recursive dependency)
 |  |     |     |     
 |  |     |     +- MlmeIh_ProcessPurgeRequest
 |  |     |     |  | 
 |  |     |     |  +- PacMan_Purge        
 |  |     |     |  |  | 
 |  |     |     |  |  +- PacMan_PurgeFromQueue
 |  |     |     |  |     | 
 |  |     |     |  |     +- List_GetFirst        (see above)
 |  |     |     |  |     |  
 |  |     |     |  |     +- _PUSH_CC             (see above)
 |  |     |     |  |     |  
 |  |     |     |  |     +- _POP_CC              (see above)
 |  |     |     |  |     |  
 |  |     |     |  |     +- List_Remove          (see above)
 |  |     |     |  |     |  
 |  |     |     |  |     +- PacManToPp_RemoveFromIndirect (see above)
 |  |     |     |  |     |  
 |  |     |     |  |     +- MM_Free              (see above)
 |  |     |     |  |     |  
 |  |     |     |  |     +- List_GetNext         (see above)
 |  |     |     |  |     |  
 |  |     |     |  |     +- MemOh_IsTxPacketInSequencer
 |  |     |     |  |        | 
 |  |     |     |  |        +- _PUSH_CC             (see above)
 |  |     |     |  |        |  
 |  |     |     |  |        +- _POP_CC              (see above)
 |  |     |     |  |           
 |  |     |     |  +- MCPS_NWK_SapHandler  (see above)
 |  |     |     |     
 |  |     |     +- MM_Free              (see above)
 |  |     |     |  
 |  |     |     +- Asp_Main            
 |  |     |     |  | 
 |  |     |     |  +- List_RemoveHead      (see above)
 |  |     |     |  |  
 |  |     |     |  +- Asp_SendBeaconStateInd
 |  |     |     |  |  | 
 |  |     |     |  |  +- MemOh_SeqReadClockReq (see above)
 |  |     |     |  |  |  
 |  |     |     |  |  +- Asp_ZbClock24ToByteArray
 |  |     |     |  |       
 |  |     |     |  +- ASP_APP_SapHandler  
 |  |     |     |  |  | 
 |  |     |     |  |  +- MM_Free              (see above)
 |  |     |     |  |     
 |  |     |     |  +- MM_Free              (see above)
 |  |     |     |  |  
 |  |     |     |  +- TS_SendEvent         (see above)
 |  |     |     |  |  
 |  |     |     |  +- ASP_TestMain        
 |  |     |     |     | 
 |  |     |     |     +- _CALL_STAR08_FAR     (see above)
 |  |     |     |        
 |  |     |     +- BeaconMaintenance   
 |  |     |        | 
 |  |     |        +- MlmeGts_GuardedActionHandler
 |  |     |        |  | 
 |  |     |        |  +- MlmeGts_Reset        (see above)
 |  |     |        |  |  
 |  |     |        |  +- MlmeGts_ProcessPendingRequest
 |  |     |        |  |  | 
 |  |     |        |  |  +- FLib_MemCpy          (see above)
 |  |     |        |  |  |  
 |  |     |        |  |  +- MlmeOh_CreateCommandFrameMessage (see above)
 |  |     |        |  |  |  
 |  |     |        |  |  +- gtsDeallocateSlot    (see above)
 |  |     |        |  |  |  
 |  |     |        |  |  +- gtsAlignSlots        (see above)
 |  |     |        |  |  |  
 |  |     |        |  |  +- gtsSendIndication    (see above) (recursive dependency)
 |  |     |        |  |  |  
 |  |     |        |  |  +- MlmeGts_SendConfirm  (see above) (recursive dependency)
 |  |     |        |  |  |  
 |  |     |        |  |  +- Mlme_FreeSendPendingMsg (see above) (recursive dependency)
 |  |     |        |  |     
 |  |     |        |  +- gtsExpireSlot       
 |  |     |        |  |  | 
 |  |     |        |  |  +- gtsFlushAnchor       (see above)
 |  |     |        |  |  |  
 |  |     |        |  |  +- FLib_MemCpy          (see above)
 |  |     |        |  |  |  
 |  |     |        |  |  +- FLib_MemSet          (see above)
 |  |     |        |  |  |  
 |  |     |        |  |  +- gtsAlignSlots        (see above)
 |  |     |        |  |  |  
 |  |     |        |  |  +- gtsSendIndication    (see above) (recursive dependency)
 |  |     |        |  |     
 |  |     |        |  +- gtsForcedDelete     
 |  |     |        |     | 
 |  |     |        |     +- gtsSendIndication    (see above) (recursive dependency)
 |  |     |        |     |  
 |  |     |        |     +- gtsDeallocateSlot    (see above)
 |  |     |        |     |  
 |  |     |        |     +- gtsAlignSlots        (see above)
 |  |     |        |        
 |  |     |        +- MlmeGts_GenerateGtsData (see above)
 |  |     |        |  
 |  |     |        +- PacMan_CheckForExpired (see above)
 |  |     |           
 |  |     +- TS_CreateTask        (see above)
 |  |     |  
 |  |     +- _CALL_STAR08_FAR     (see above)
 |  |        
 |  +- AppTask             
 |  |  | 
 |  |  +- List_RemoveHead      (see above)
 |  |  |  
 |  |  +- App_WaitMsg         
 |  |  |    
 |  |  +- MM_Free              (see above)
 |  |  |  
 |  |  +- _Jump_Table_Header_Offset (see above)
 |  |  |  
 |  |  +- App_StartScan       
 |  |  |  | 
 |  |  |  +- MM_Alloc             (see above)
 |  |  |  |  
 |  |  |  +- NWK_MLME_SapHandler 
 |  |  |  |  | 
 |  |  |  |  +- Mlme_VerifyNwkInput 
 |  |  |  |  |  | 
 |  |  |  |  |  +- FLib_MemCmp          (see above)
 |  |  |  |  |  |  
 |  |  |  |  |  +- _LLSL                (see above)
 |  |  |  |  |  |  
 |  |  |  |  |  +- _POP32               (see above)
 |  |  |  |  |  |  
 |  |  |  |  |  +- _LCMP                (see above)
 |  |  |  |  |  |  
 |  |  |  |  |  +- Mlme_CheckPibAttributes
 |  |  |  |  |     | 
 |  |  |  |  |     +- _LLSL                (see above)
 |  |  |  |  |     |  
 |  |  |  |  |     +- _POP32               (see above)
 |  |  |  |  |     |  
 |  |  |  |  |     +- _SEXT16_32           (see above)
 |  |  |  |  |        
 |  |  |  |  +- ZTC_TaskEventMonitor
 |  |  |  |  |    
 |  |  |  |  +- Mlme_HandleSetGetReq
 |  |  |  |  |  | 
 |  |  |  |  |  +- MPIB_GetPointer      (see above)
 |  |  |  |  |  |  
 |  |  |  |  |  +- _PUSH_CC             (see above)
 |  |  |  |  |  |  
 |  |  |  |  |  +- _POP_CC              (see above)
 |  |  |  |  |  |  
 |  |  |  |  |  +- MlmeOh_MemMsg        (see above)
 |  |  |  |  |  |  
 |  |  |  |  |  +- PhyPpSetPanId        (see above)
 |  |  |  |  |  |  
 |  |  |  |  |  +- PhyPpSetShortAddr    (see above)
 |  |  |  |  |  |  
 |  |  |  |  |  +- PhyPpSetPromiscuous  (see above)
 |  |  |  |  |  |  
 |  |  |  |  |  +- FLib_MemCpyDir      
 |  |  |  |  |  |  | 
 |  |  |  |  |  |  +- FLib_MemCpy          (see above)
 |  |  |  |  |  |     
 |  |  |  |  |  +- MlmeOh_SendMem       (see above) (recursive dependency)
 |  |  |  |  |     
 |  |  |  |  +- Mlme_Reset          
 |  |  |  |  |  | 
 |  |  |  |  |  +- PhyAbort             (see above)
 |  |  |  |  |  |  
 |  |  |  |  |  +- PhyInit              (see above)
 |  |  |  |  |  |  
 |  |  |  |  |  +- MacPhyInit_WriteExtAddress (see above)
 |  |  |  |  |  |  
 |  |  |  |  |  +- PhyPpSetCcaThreshold (see above)
 |  |  |  |  |  |  
 |  |  |  |  |  +- InitializeMac        (see above)
 |  |  |  |  |     
 |  |  |  |  +- List_AddTail         (see above)
 |  |  |  |  |  
 |  |  |  |  +- TS_SendEvent         (see above)
 |  |  |  |     
 |  |  |  +- CommUtil_Print      
 |  |  |     | 
 |  |  |     +- CommUtil_Tx         
 |  |  |     |  | 
 |  |  |     |  +- Uart1_Transmit      
 |  |  |     |  |  | 
 |  |  |     |  |  +- _CMP24_RC            (see above)
 |  |  |     |  |  |  
 |  |  |     |  |  +- _CALL_STAR08_FAR     (see above)
 |  |  |     |  |     
 |  |  |     |  +- Uart1_IsTxActive    
 |  |  |     |       
 |  |  |     +- Uart1_Transmit       (see above)
 |  |  |        
 |  |  +- App_HandleScanEdConfirm
 |  |  |  | 
 |  |  |  +- _LLSR               
 |  |  |  |  | 
 |  |  |  |  +- _ENTER_UNARY_L       (see above)
 |  |  |  |     
 |  |  |  +- CommUtil_PrintHex   
 |  |  |  |  | 
 |  |  |  |  +- Uart1_IsTxActive     (see above)
 |  |  |  |  |  
 |  |  |  |  +- HexToAscii          
 |  |  |  |  |    
 |  |  |  |  +- Uart1_Transmit       (see above)
 |  |  |  |     
 |  |  |  +- MM_Free              (see above)
 |  |  |  |  
 |  |  |  +- CommUtil_Print       (see above)
 |  |  |     
 |  |  +- CommUtil_PrintHex    (see above)
 |  |  |  
 |  |  +- App_StartCoordinator
 |  |  |  | 
 |  |  |  +- MM_Alloc             (see above)
 |  |  |  |  
 |  |  |  +- NWK_MLME_SapHandler  (see above)
 |  |  |  |  
 |  |  |  +- FLib_MemCpy          (see above)
 |  |  |  |  
 |  |  |  +- CommUtil_Print       (see above)
 |  |  |     
 |  |  +- TS_SendEvent         (see above)
 |  |  |  
 |  |  +- App_HandleMlmeInput 
 |  |  |  | 
 |  |  |  +- CommUtil_Print       (see above)
 |  |  |  |  
 |  |  |  +- App_SendAssociateResponse
 |  |  |     | 
 |  |  |     +- MM_Alloc             (see above)
 |  |  |     |  
 |  |  |     +- FLib_MemCmp          (see above)
 |  |  |     |  
 |  |  |     +- FLib_MemCpy          (see above)
 |  |  |     |  
 |  |  |     +- NWK_MLME_SapHandler  (see above)
 |  |  |     |  
 |  |  |     +- CommUtil_PrintHex    (see above)
 |  |  |     |  
 |  |  |     +- CommUtil_Print       (see above)
 |  |  |        
 |  |  +- App_TransmitCommData
 |  |  |  | 
 |  |  |  +- Uart1_GetByteFromRxBuffer
 |  |  |  |  | 
 |  |  |  |  +- Uart1_EnableFlow     (see above)
 |  |  |  |     
 |  |  |  +- MM_Alloc             (see above)
 |  |  |  |  
 |  |  |  +- _COPY               
 |  |  |  |    
 |  |  |  +- genericDataTransfer 
 |  |  |  |  | 
 |  |  |  |  +- MM_Alloc             (see above)
 |  |  |  |  |  
 |  |  |  |  +- FLib_MemCpy          (see above)
 |  |  |  |  |  
 |  |  |  |  +- NWK_MCPS_SapHandler 
 |  |  |  |     | 
 |  |  |  |     +- List_AddTail         (see above)
 |  |  |  |     |  
 |  |  |  |     +- _CMP24_RC            (see above)
 |  |  |  |     |  
 |  |  |  |     +- SeqSubCompIdleState  (see above) (recursive dependency)
 |  |  |  |     |  
 |  |  |  |     +- _PUSH_CC             (see above)
 |  |  |  |     |  
 |  |  |  |     +- _POP_CC              (see above)
 |  |  |  |     |  
 |  |  |  |     +- gMemLwrSm            (see above)
 |  |  |  |     |  
 |  |  |  |     +- MemDataWfTxComplete  (see above) (recursive dependency)
 |  |  |  |     |  
 |  |  |  |     +- MemLwrIdle           (see above) (recursive dependency)
 |  |  |  |     |  
 |  |  |  |     +- TS_SendEvent         (see above)
 |  |  |  |     |  
 |  |  |  |     +- ZTC_TaskEventMonitor (see above)
 |  |  |  |        
 |  |  |  +- FLib_MemCpy          (see above)
 |  |  |  |  
 |  |  |  +- NWK_MCPS_SapHandler  (see above)
 |  |  |  |  
 |  |  |  +- TS_SendEvent         (see above)
 |  |  |     
 |  |  +- App_HandleMcpsInput 
 |  |  |  | 
 |  |  |  +- FLib_MemCmp          (see above)
 |  |  |  |  
 |  |  |  +- LED_TurnOffAllLeds  
 |  |  |  |  | 
 |  |  |  |  +- LED_TurnOffLed      
 |  |  |  |       
 |  |  |  +- _Jump_Table_Header_Offset (see above)
 |  |  |  |  
 |  |  |  +- CommUtil_PrintHex    (see above)
 |  |  |  |  
 |  |  |  +- CommUtil_Tx          (see above)
 |  |  |  |  
 |  |  |  +- CommUtil_Print       (see above)
 |  |  |     
 |  |  +- CommUtil_Print       (see above)
 |  |     
 |  +- TS_CreateTask        (see above)
 |  |  
 |  +- MApp_init           
 |  |  | 
 |  |  +- Init_MacExtendedAddress
 |  |  |  | 
 |  |  |  +- MacPhyInit_WriteExtAddress (see above)
 |  |  |     
 |  |  +- App_HandleKeys      
 |  |  |  | 
 |  |  |  +- App_HandleGenericKey
 |  |  |     | 
 |  |  |     +- LED_StopFlash       
 |  |  |     |  | 
 |  |  |     |  +- LED_TurnOffLed       (see above)
 |  |  |     |  |  
 |  |  |     |  +- TMR_StopTimer        (see above)
 |  |  |     |     
 |  |  |     +- TS_SendEvent         (see above)
 |  |  |        
 |  |  +- KBD_Init            
 |  |  |  | 
 |  |  |  +- TMR_AllocateTimer    (see above)
 |  |  |  |  
 |  |  |  +- KBD_MatrixSetRows    (see above)
 |  |  |     
 |  |  +- SPI1_Init           
 |  |  |    
 |  |  +- LED_Init            
 |  |  |  | 
 |  |  |  +- TMR_AllocateTimer    (see above)
 |  |  |  |  
 |  |  |  +- LED_TurnOffAllLeds   (see above)
 |  |  |     
 |  |  +- PWRLib_Init         
 |  |  |    
 |  |  +- Uart1_SetBaud        (see above)
 |  |  |  
 |  |  +- App_CommRxCallBack  
 |  |  |  | 
 |  |  |  +- TS_SendEvent         (see above)
 |  |  |  |  
 |  |  |  +- Uart1_GetByteFromRxBuffer (see above)
 |  |  |     
 |  |  +- Uart1_SetRxCallBack 
 |  |  |  | 
 |  |  |  +- _CMP24_RC            (see above)
 |  |  |     
 |  |  +- List_ClearAnchor     (see above)
 |  |  |  
 |  |  +- LED_StartFlash      
 |  |  |  | 
 |  |  |  +- LED_FlashTimeout    
 |  |  |  |    
 |  |  |  +- TMR_StartIntervalTimer (see above)
 |  |  |     
 |  |  +- CommUtil_Print       (see above)
 |  |     
 |  +- PWR_DisallowDeviceToSleep
 |  |    
 |  +- TS_Scheduler        
 |     | 
 |     +- _CALL_STAR08_FAR     (see above)
 |        
 +- _Startup             (see above) (recursive dependency)
    
*********************************************************************************************
STATISTIC SECTION
---------------------------------------------------------------------------------------------

ExeFile:
--------
Number of blocks to be downloaded: 13
Total size of all blocks to be downloaded: 56628

